<?xml version="1.0" encoding="ISO-8859-1" ?>
<link_info>
   <banner>TI ARM Clang Linker Unix v4.0.4.LTS</banner>
   <copyright>Copyright (c) 1996-2018 Texas Instruments Incorporated</copyright>
   <command_line>/Applications/ti/ccs2040/ccs/tools/compiler/ti-cgt-armllvm_4.0.4.LTS/bin/tiarmlnk -I/Applications/ti/ccs2040/ccs/tools/compiler/ti-cgt-armllvm_4.0.4.LTS/lib -o ECE319K_Lab9H.out -mECE319K_Lab9H.map --heap_size=512 --stack_size=512 -i/Users/karthikkurapati/Downloads/MSPM0_ValvanoWare/ECE319K_Lab9H/Debug/syscfg -i/Applications/ti/ccs2040/ccs/tools/compiler/ti-cgt-armllvm_4.0.4.LTS/lib --diag_wrap=off --display_error_number --warn_sections --xml_link_info=ECE319K_Lab9H_linkInfo.xml --rom_model ./Clock.o ./DAC5.o ./EndScreen.o ./Entities.o ./FIFO2.o ./Joystick.o ./LED.o ./Lab9HMain.o ./LaunchPad.o ./Menu.o ./SPI.o ./ST7735.o ./SlidePot.o ./SmallFont.o ./Sound.o ./Switch.o ./TExaS.o ./Timer.o ./UART1.o ./UART1Recieve.o ./images/pipedreams/PipeSound.o ./ticlang/startup_mspm0g3507_ticlang.o ../mspm0g3507.cmd -l/Applications/ti/mspm0_sdk_2_09_00_01/source/ti/driverlib/lib/ticlang/m0p/mspm0g1x0x_g3x0x/driverlib.a -llibc.a --start-group -llibc++.a -llibc++abi.a -llibc.a -llibsys.a -llibsysbm.a -llibclang_rt.builtins.a -llibclang_rt.profile.a --end-group --cg_opt_level=0</command_line>
   <link_time>0x69e9ba7a</link_time>
   <link_errors>0x0</link_errors>
   <output_file>/Users/karthikkurapati/Downloads/MSPM0_ValvanoWare/ECE319K_Lab9H/Debug/ECE319K_Lab9H.out</output_file>
   <entry_point>
      <name>_c_int00_noargs</name>
      <address>0x19645</address>
   </entry_point>
   <input_file_list>
      <input_file id="fl-1">
         <path>/Users/karthikkurapati/Downloads/MSPM0_ValvanoWare/ECE319K_Lab9H/Debug/./</path>
         <kind>object</kind>
         <file>Clock.o</file>
         <name>Clock.o</name>
      </input_file>
      <input_file id="fl-2">
         <path>/Users/karthikkurapati/Downloads/MSPM0_ValvanoWare/ECE319K_Lab9H/Debug/./</path>
         <kind>object</kind>
         <file>DAC5.o</file>
         <name>DAC5.o</name>
      </input_file>
      <input_file id="fl-3">
         <path>/Users/karthikkurapati/Downloads/MSPM0_ValvanoWare/ECE319K_Lab9H/Debug/./</path>
         <kind>object</kind>
         <file>EndScreen.o</file>
         <name>EndScreen.o</name>
      </input_file>
      <input_file id="fl-4">
         <path>/Users/karthikkurapati/Downloads/MSPM0_ValvanoWare/ECE319K_Lab9H/Debug/./</path>
         <kind>object</kind>
         <file>Entities.o</file>
         <name>Entities.o</name>
      </input_file>
      <input_file id="fl-5">
         <path>/Users/karthikkurapati/Downloads/MSPM0_ValvanoWare/ECE319K_Lab9H/Debug/./</path>
         <kind>object</kind>
         <file>FIFO2.o</file>
         <name>FIFO2.o</name>
      </input_file>
      <input_file id="fl-6">
         <path>/Users/karthikkurapati/Downloads/MSPM0_ValvanoWare/ECE319K_Lab9H/Debug/./</path>
         <kind>object</kind>
         <file>Joystick.o</file>
         <name>Joystick.o</name>
      </input_file>
      <input_file id="fl-7">
         <path>/Users/karthikkurapati/Downloads/MSPM0_ValvanoWare/ECE319K_Lab9H/Debug/./</path>
         <kind>object</kind>
         <file>LED.o</file>
         <name>LED.o</name>
      </input_file>
      <input_file id="fl-8">
         <path>/Users/karthikkurapati/Downloads/MSPM0_ValvanoWare/ECE319K_Lab9H/Debug/./</path>
         <kind>object</kind>
         <file>Lab9HMain.o</file>
         <name>Lab9HMain.o</name>
      </input_file>
      <input_file id="fl-9">
         <path>/Users/karthikkurapati/Downloads/MSPM0_ValvanoWare/ECE319K_Lab9H/Debug/./</path>
         <kind>object</kind>
         <file>LaunchPad.o</file>
         <name>LaunchPad.o</name>
      </input_file>
      <input_file id="fl-a">
         <path>/Users/karthikkurapati/Downloads/MSPM0_ValvanoWare/ECE319K_Lab9H/Debug/./</path>
         <kind>object</kind>
         <file>Menu.o</file>
         <name>Menu.o</name>
      </input_file>
      <input_file id="fl-b">
         <path>/Users/karthikkurapati/Downloads/MSPM0_ValvanoWare/ECE319K_Lab9H/Debug/./</path>
         <kind>object</kind>
         <file>SPI.o</file>
         <name>SPI.o</name>
      </input_file>
      <input_file id="fl-c">
         <path>/Users/karthikkurapati/Downloads/MSPM0_ValvanoWare/ECE319K_Lab9H/Debug/./</path>
         <kind>object</kind>
         <file>ST7735.o</file>
         <name>ST7735.o</name>
      </input_file>
      <input_file id="fl-d">
         <path>/Users/karthikkurapati/Downloads/MSPM0_ValvanoWare/ECE319K_Lab9H/Debug/./</path>
         <kind>object</kind>
         <file>SlidePot.o</file>
         <name>SlidePot.o</name>
      </input_file>
      <input_file id="fl-e">
         <path>/Users/karthikkurapati/Downloads/MSPM0_ValvanoWare/ECE319K_Lab9H/Debug/./</path>
         <kind>object</kind>
         <file>SmallFont.o</file>
         <name>SmallFont.o</name>
      </input_file>
      <input_file id="fl-f">
         <path>/Users/karthikkurapati/Downloads/MSPM0_ValvanoWare/ECE319K_Lab9H/Debug/./</path>
         <kind>object</kind>
         <file>Sound.o</file>
         <name>Sound.o</name>
      </input_file>
      <input_file id="fl-10">
         <path>/Users/karthikkurapati/Downloads/MSPM0_ValvanoWare/ECE319K_Lab9H/Debug/./</path>
         <kind>object</kind>
         <file>Switch.o</file>
         <name>Switch.o</name>
      </input_file>
      <input_file id="fl-11">
         <path>/Users/karthikkurapati/Downloads/MSPM0_ValvanoWare/ECE319K_Lab9H/Debug/./</path>
         <kind>object</kind>
         <file>TExaS.o</file>
         <name>TExaS.o</name>
      </input_file>
      <input_file id="fl-12">
         <path>/Users/karthikkurapati/Downloads/MSPM0_ValvanoWare/ECE319K_Lab9H/Debug/./</path>
         <kind>object</kind>
         <file>Timer.o</file>
         <name>Timer.o</name>
      </input_file>
      <input_file id="fl-13">
         <path>/Users/karthikkurapati/Downloads/MSPM0_ValvanoWare/ECE319K_Lab9H/Debug/./</path>
         <kind>object</kind>
         <file>UART1.o</file>
         <name>UART1.o</name>
      </input_file>
      <input_file id="fl-14">
         <path>/Users/karthikkurapati/Downloads/MSPM0_ValvanoWare/ECE319K_Lab9H/Debug/./</path>
         <kind>object</kind>
         <file>UART1Recieve.o</file>
         <name>UART1Recieve.o</name>
      </input_file>
      <input_file id="fl-15">
         <path>/Users/karthikkurapati/Downloads/MSPM0_ValvanoWare/ECE319K_Lab9H/Debug/./images/pipedreams/</path>
         <kind>object</kind>
         <file>PipeSound.o</file>
         <name>PipeSound.o</name>
      </input_file>
      <input_file id="fl-16">
         <path>/Users/karthikkurapati/Downloads/MSPM0_ValvanoWare/ECE319K_Lab9H/Debug/./ticlang/</path>
         <kind>object</kind>
         <file>startup_mspm0g3507_ticlang.o</file>
         <name>startup_mspm0g3507_ticlang.o</name>
      </input_file>
      <input_file id="fl-22">
         <path>/Users/karthikkurapati/Downloads/MSPM0_ValvanoWare/ECE319K_Lab9H/Debug/</path>
         <kind>object</kind>
         <file>&lt;internal&gt;</file>
         <name>&lt;internal&gt;</name>
      </input_file>
      <input_file id="fl-39">
         <path>/Applications/ti/ccs2040/ccs/tools/compiler/ti-cgt-armllvm_4.0.4.LTS/lib/armv6m-ti-none-eabi/c/</path>
         <kind>archive</kind>
         <file>libc.a</file>
         <name>fopen.c.obj</name>
      </input_file>
      <input_file id="fl-3a">
         <path>/Applications/ti/ccs2040/ccs/tools/compiler/ti-cgt-armllvm_4.0.4.LTS/lib/armv6m-ti-none-eabi/c/</path>
         <kind>archive</kind>
         <file>libc.a</file>
         <name>setvbuf.c.obj</name>
      </input_file>
      <input_file id="fl-3b">
         <path>/Applications/ti/ccs2040/ccs/tools/compiler/ti-cgt-armllvm_4.0.4.LTS/lib/armv6m-ti-none-eabi/c/</path>
         <kind>archive</kind>
         <file>libc.a</file>
         <name>aeabi_portable.c.obj</name>
      </input_file>
      <input_file id="fl-3c">
         <path>/Applications/ti/ccs2040/ccs/tools/compiler/ti-cgt-armllvm_4.0.4.LTS/lib/armv6m-ti-none-eabi/c/</path>
         <kind>archive</kind>
         <file>libc.a</file>
         <name>exit.c.obj</name>
      </input_file>
      <input_file id="fl-3d">
         <path>/Applications/ti/ccs2040/ccs/tools/compiler/ti-cgt-armllvm_4.0.4.LTS/lib/armv6m-ti-none-eabi/c/</path>
         <kind>archive</kind>
         <file>libc.a</file>
         <name>_lock.c.obj</name>
      </input_file>
      <input_file id="fl-3e">
         <path>/Applications/ti/ccs2040/ccs/tools/compiler/ti-cgt-armllvm_4.0.4.LTS/lib/armv6m-ti-none-eabi/c/</path>
         <kind>archive</kind>
         <file>libc.a</file>
         <name>assert.c.obj</name>
      </input_file>
      <input_file id="fl-3f">
         <path>/Applications/ti/ccs2040/ccs/tools/compiler/ti-cgt-armllvm_4.0.4.LTS/lib/armv6m-ti-none-eabi/c/</path>
         <kind>archive</kind>
         <file>libc.a</file>
         <name>defs.c.obj</name>
      </input_file>
      <input_file id="fl-40">
         <path>/Applications/ti/ccs2040/ccs/tools/compiler/ti-cgt-armllvm_4.0.4.LTS/lib/armv6m-ti-none-eabi/c/</path>
         <kind>archive</kind>
         <file>libc.a</file>
         <name>memory.c.obj</name>
      </input_file>
      <input_file id="fl-41">
         <path>/Applications/ti/ccs2040/ccs/tools/compiler/ti-cgt-armllvm_4.0.4.LTS/lib/armv6m-ti-none-eabi/c/</path>
         <kind>archive</kind>
         <file>libc.a</file>
         <name>boot_cortex_m.c.obj</name>
      </input_file>
      <input_file id="fl-42">
         <path>/Applications/ti/ccs2040/ccs/tools/compiler/ti-cgt-armllvm_4.0.4.LTS/lib/armv6m-ti-none-eabi/c/</path>
         <kind>archive</kind>
         <file>libc.a</file>
         <name>mathacl_init.c.obj</name>
      </input_file>
      <input_file id="fl-43">
         <path>/Applications/ti/ccs2040/ccs/tools/compiler/ti-cgt-armllvm_4.0.4.LTS/lib/armv6m-ti-none-eabi/c/</path>
         <kind>archive</kind>
         <file>libc.a</file>
         <name>autoinit.c.obj</name>
      </input_file>
      <input_file id="fl-44">
         <path>/Applications/ti/ccs2040/ccs/tools/compiler/ti-cgt-armllvm_4.0.4.LTS/lib/armv6m-ti-none-eabi/c/</path>
         <kind>archive</kind>
         <file>libc.a</file>
         <name>pre_init.c.obj</name>
      </input_file>
      <input_file id="fl-45">
         <path>/Applications/ti/ccs2040/ccs/tools/compiler/ti-cgt-armllvm_4.0.4.LTS/lib/armv6m-ti-none-eabi/c/</path>
         <kind>archive</kind>
         <file>libc.a</file>
         <name>cpy_tbl.c.obj</name>
      </input_file>
      <input_file id="fl-46">
         <path>/Applications/ti/ccs2040/ccs/tools/compiler/ti-cgt-armllvm_4.0.4.LTS/lib/armv6m-ti-none-eabi/c/</path>
         <kind>archive</kind>
         <file>libc.a</file>
         <name>copy_zero_init.c.obj</name>
      </input_file>
      <input_file id="fl-47">
         <path>/Applications/ti/ccs2040/ccs/tools/compiler/ti-cgt-armllvm_4.0.4.LTS/lib/armv6m-ti-none-eabi/c/</path>
         <kind>archive</kind>
         <file>libc.a</file>
         <name>copy_decompress_none.c.obj</name>
      </input_file>
      <input_file id="fl-48">
         <path>/Applications/ti/ccs2040/ccs/tools/compiler/ti-cgt-armllvm_4.0.4.LTS/lib/armv6m-ti-none-eabi/c/</path>
         <kind>archive</kind>
         <file>libc.a</file>
         <name>copy_decompress_lzss.c.obj</name>
      </input_file>
      <input_file id="fl-49">
         <path>/Applications/ti/ccs2040/ccs/tools/compiler/ti-cgt-armllvm_4.0.4.LTS/lib/armv6m-ti-none-eabi/c/</path>
         <kind>archive</kind>
         <file>libc.a</file>
         <name>sprintf.c.obj</name>
      </input_file>
      <input_file id="fl-4a">
         <path>/Applications/ti/ccs2040/ccs/tools/compiler/ti-cgt-armllvm_4.0.4.LTS/lib/armv6m-ti-none-eabi/c/</path>
         <kind>archive</kind>
         <file>libc.a</file>
         <name>fclose.c.obj</name>
      </input_file>
      <input_file id="fl-4b">
         <path>/Applications/ti/ccs2040/ccs/tools/compiler/ti-cgt-armllvm_4.0.4.LTS/lib/armv6m-ti-none-eabi/c/</path>
         <kind>archive</kind>
         <file>libc.a</file>
         <name>fflush.c.obj</name>
      </input_file>
      <input_file id="fl-4c">
         <path>/Applications/ti/ccs2040/ccs/tools/compiler/ti-cgt-armllvm_4.0.4.LTS/lib/armv6m-ti-none-eabi/c/</path>
         <kind>archive</kind>
         <file>libc.a</file>
         <name>fputs.c.obj</name>
      </input_file>
      <input_file id="fl-4d">
         <path>/Applications/ti/ccs2040/ccs/tools/compiler/ti-cgt-armllvm_4.0.4.LTS/lib/armv6m-ti-none-eabi/c/</path>
         <kind>archive</kind>
         <file>libc.a</file>
         <name>_io_perm.c.obj</name>
      </input_file>
      <input_file id="fl-4e">
         <path>/Applications/ti/ccs2040/ccs/tools/compiler/ti-cgt-armllvm_4.0.4.LTS/lib/armv6m-ti-none-eabi/c/</path>
         <kind>archive</kind>
         <file>libc.a</file>
         <name>args_main.c.obj</name>
      </input_file>
      <input_file id="fl-4f">
         <path>/Applications/ti/ccs2040/ccs/tools/compiler/ti-cgt-armllvm_4.0.4.LTS/lib/armv6m-ti-none-eabi/c/</path>
         <kind>archive</kind>
         <file>libc.a</file>
         <name>_printfi.c.obj</name>
      </input_file>
      <input_file id="fl-50">
         <path>/Applications/ti/ccs2040/ccs/tools/compiler/ti-cgt-armllvm_4.0.4.LTS/lib/armv6m-ti-none-eabi/c/</path>
         <kind>archive</kind>
         <file>libc.a</file>
         <name>fseek.c.obj</name>
      </input_file>
      <input_file id="fl-51">
         <path>/Applications/ti/ccs2040/ccs/tools/compiler/ti-cgt-armllvm_4.0.4.LTS/lib/armv6m-ti-none-eabi/c/</path>
         <kind>archive</kind>
         <file>libc.a</file>
         <name>_ltoa.c.obj</name>
      </input_file>
      <input_file id="fl-52">
         <path>/Applications/ti/ccs2040/ccs/tools/compiler/ti-cgt-armllvm_4.0.4.LTS/lib/armv6m-ti-none-eabi/c/</path>
         <kind>archive</kind>
         <file>libc.a</file>
         <name>atoi.c.obj</name>
      </input_file>
      <input_file id="fl-53">
         <path>/Applications/ti/ccs2040/ccs/tools/compiler/ti-cgt-armllvm_4.0.4.LTS/lib/armv6m-ti-none-eabi/c/</path>
         <kind>archive</kind>
         <file>libc.a</file>
         <name>memccpy.c.obj</name>
      </input_file>
      <input_file id="fl-54">
         <path>/Applications/ti/ccs2040/ccs/tools/compiler/ti-cgt-armllvm_4.0.4.LTS/lib/armv6m-ti-none-eabi/c/</path>
         <kind>archive</kind>
         <file>libc.a</file>
         <name>s_frexp.c.obj</name>
      </input_file>
      <input_file id="fl-55">
         <path>/Applications/ti/ccs2040/ccs/tools/compiler/ti-cgt-armllvm_4.0.4.LTS/lib/armv6m-ti-none-eabi/c/</path>
         <kind>archive</kind>
         <file>libc.a</file>
         <name>s_scalbn.c.obj</name>
      </input_file>
      <input_file id="fl-56">
         <path>/Applications/ti/ccs2040/ccs/tools/compiler/ti-cgt-armllvm_4.0.4.LTS/lib/armv6m-ti-none-eabi/c/</path>
         <kind>archive</kind>
         <file>libc.a</file>
         <name>wcslen.c.obj</name>
      </input_file>
      <input_file id="fl-57">
         <path>/Applications/ti/ccs2040/ccs/tools/compiler/ti-cgt-armllvm_4.0.4.LTS/lib/armv6m-ti-none-eabi/c/</path>
         <kind>archive</kind>
         <file>libc.a</file>
         <name>aeabi_ctype.S.obj</name>
      </input_file>
      <input_file id="fl-f7">
         <path>/Applications/ti/ccs2040/ccs/tools/compiler/ti-cgt-armllvm_4.0.4.LTS/lib/armv6m-ti-none-eabi/c/</path>
         <kind>archive</kind>
         <file>libsysbm.a</file>
         <name>hostexit.c.obj</name>
      </input_file>
      <input_file id="fl-f8">
         <path>/Applications/ti/ccs2040/ccs/tools/compiler/ti-cgt-armllvm_4.0.4.LTS/lib/armv6m-ti-none-eabi/c/</path>
         <kind>archive</kind>
         <file>libsysbm.a</file>
         <name>write.c.obj</name>
      </input_file>
      <input_file id="fl-f9">
         <path>/Applications/ti/ccs2040/ccs/tools/compiler/ti-cgt-armllvm_4.0.4.LTS/lib/armv6m-ti-none-eabi/c/</path>
         <kind>archive</kind>
         <file>libsysbm.a</file>
         <name>host_device.c.obj</name>
      </input_file>
      <input_file id="fl-fa">
         <path>/Applications/ti/ccs2040/ccs/tools/compiler/ti-cgt-armllvm_4.0.4.LTS/lib/armv6m-ti-none-eabi/c/</path>
         <kind>archive</kind>
         <file>libsysbm.a</file>
         <name>remove.c.obj</name>
      </input_file>
      <input_file id="fl-fb">
         <path>/Applications/ti/ccs2040/ccs/tools/compiler/ti-cgt-armllvm_4.0.4.LTS/lib/armv6m-ti-none-eabi/c/</path>
         <kind>archive</kind>
         <file>libsysbm.a</file>
         <name>open.c.obj</name>
      </input_file>
      <input_file id="fl-fc">
         <path>/Applications/ti/ccs2040/ccs/tools/compiler/ti-cgt-armllvm_4.0.4.LTS/lib/armv6m-ti-none-eabi/c/</path>
         <kind>archive</kind>
         <file>libsysbm.a</file>
         <name>lseek.c.obj</name>
      </input_file>
      <input_file id="fl-fd">
         <path>/Applications/ti/ccs2040/ccs/tools/compiler/ti-cgt-armllvm_4.0.4.LTS/lib/armv6m-ti-none-eabi/c/</path>
         <kind>archive</kind>
         <file>libsysbm.a</file>
         <name>close.c.obj</name>
      </input_file>
      <input_file id="fl-fe">
         <path>/Applications/ti/ccs2040/ccs/tools/compiler/ti-cgt-armllvm_4.0.4.LTS/lib/armv6m-ti-none-eabi/c/</path>
         <kind>archive</kind>
         <file>libsysbm.a</file>
         <name>add_device.c.obj</name>
      </input_file>
      <input_file id="fl-ff">
         <path>/Applications/ti/ccs2040/ccs/tools/compiler/ti-cgt-armllvm_4.0.4.LTS/lib/armv6m-ti-none-eabi/c/</path>
         <kind>archive</kind>
         <file>libsysbm.a</file>
         <name>unlink.c.obj</name>
      </input_file>
      <input_file id="fl-100">
         <path>/Applications/ti/ccs2040/ccs/tools/compiler/ti-cgt-armllvm_4.0.4.LTS/lib/armv6m-ti-none-eabi/c/</path>
         <kind>archive</kind>
         <file>libsysbm.a</file>
         <name>hostclose.c.obj</name>
      </input_file>
      <input_file id="fl-101">
         <path>/Applications/ti/ccs2040/ccs/tools/compiler/ti-cgt-armllvm_4.0.4.LTS/lib/armv6m-ti-none-eabi/c/</path>
         <kind>archive</kind>
         <file>libsysbm.a</file>
         <name>hostlseek.c.obj</name>
      </input_file>
      <input_file id="fl-102">
         <path>/Applications/ti/ccs2040/ccs/tools/compiler/ti-cgt-armllvm_4.0.4.LTS/lib/armv6m-ti-none-eabi/c/</path>
         <kind>archive</kind>
         <file>libsysbm.a</file>
         <name>hostopen.c.obj</name>
      </input_file>
      <input_file id="fl-103">
         <path>/Applications/ti/ccs2040/ccs/tools/compiler/ti-cgt-armllvm_4.0.4.LTS/lib/armv6m-ti-none-eabi/c/</path>
         <kind>archive</kind>
         <file>libsysbm.a</file>
         <name>hostread.c.obj</name>
      </input_file>
      <input_file id="fl-104">
         <path>/Applications/ti/ccs2040/ccs/tools/compiler/ti-cgt-armllvm_4.0.4.LTS/lib/armv6m-ti-none-eabi/c/</path>
         <kind>archive</kind>
         <file>libsysbm.a</file>
         <name>hostrename.c.obj</name>
      </input_file>
      <input_file id="fl-105">
         <path>/Applications/ti/ccs2040/ccs/tools/compiler/ti-cgt-armllvm_4.0.4.LTS/lib/armv6m-ti-none-eabi/c/</path>
         <kind>archive</kind>
         <file>libsysbm.a</file>
         <name>hostunlink.c.obj</name>
      </input_file>
      <input_file id="fl-106">
         <path>/Applications/ti/ccs2040/ccs/tools/compiler/ti-cgt-armllvm_4.0.4.LTS/lib/armv6m-ti-none-eabi/c/</path>
         <kind>archive</kind>
         <file>libsysbm.a</file>
         <name>hostwrite.c.obj</name>
      </input_file>
      <input_file id="fl-107">
         <path>/Applications/ti/ccs2040/ccs/tools/compiler/ti-cgt-armllvm_4.0.4.LTS/lib/armv6m-ti-none-eabi/c/</path>
         <kind>archive</kind>
         <file>libsysbm.a</file>
         <name>trgmsg.c.obj</name>
      </input_file>
      <input_file id="fl-108">
         <path>/Applications/ti/ccs2040/ccs/tools/compiler/ti-cgt-armllvm_4.0.4.LTS/lib/armv6m-ti-none-eabi/</path>
         <kind>archive</kind>
         <file>libclang_rt.builtins.a</file>
         <name>adddf3.S.obj</name>
      </input_file>
      <input_file id="fl-109">
         <path>/Applications/ti/ccs2040/ccs/tools/compiler/ti-cgt-armllvm_4.0.4.LTS/lib/armv6m-ti-none-eabi/</path>
         <kind>archive</kind>
         <file>libclang_rt.builtins.a</file>
         <name>muldf3.S.obj</name>
      </input_file>
      <input_file id="fl-10a">
         <path>/Applications/ti/ccs2040/ccs/tools/compiler/ti-cgt-armllvm_4.0.4.LTS/lib/armv6m-ti-none-eabi/</path>
         <kind>archive</kind>
         <file>libclang_rt.builtins.a</file>
         <name>muldsi3.S.obj</name>
      </input_file>
      <input_file id="fl-10b">
         <path>/Applications/ti/ccs2040/ccs/tools/compiler/ti-cgt-armllvm_4.0.4.LTS/lib/armv6m-ti-none-eabi/</path>
         <kind>archive</kind>
         <file>libclang_rt.builtins.a</file>
         <name>divdf3.S.obj</name>
      </input_file>
      <input_file id="fl-10c">
         <path>/Applications/ti/ccs2040/ccs/tools/compiler/ti-cgt-armllvm_4.0.4.LTS/lib/armv6m-ti-none-eabi/</path>
         <kind>archive</kind>
         <file>libclang_rt.builtins.a</file>
         <name>fixdfsi.S.obj</name>
      </input_file>
      <input_file id="fl-10d">
         <path>/Applications/ti/ccs2040/ccs/tools/compiler/ti-cgt-armllvm_4.0.4.LTS/lib/armv6m-ti-none-eabi/</path>
         <kind>archive</kind>
         <file>libclang_rt.builtins.a</file>
         <name>floatsidf.S.obj</name>
      </input_file>
      <input_file id="fl-10e">
         <path>/Applications/ti/ccs2040/ccs/tools/compiler/ti-cgt-armllvm_4.0.4.LTS/lib/armv6m-ti-none-eabi/</path>
         <kind>archive</kind>
         <file>libclang_rt.builtins.a</file>
         <name>floatunsidf.S.obj</name>
      </input_file>
      <input_file id="fl-10f">
         <path>/Applications/ti/ccs2040/ccs/tools/compiler/ti-cgt-armllvm_4.0.4.LTS/lib/armv6m-ti-none-eabi/</path>
         <kind>archive</kind>
         <file>libclang_rt.builtins.a</file>
         <name>muldi3.S.obj</name>
      </input_file>
      <input_file id="fl-110">
         <path>/Applications/ti/ccs2040/ccs/tools/compiler/ti-cgt-armllvm_4.0.4.LTS/lib/armv6m-ti-none-eabi/</path>
         <kind>archive</kind>
         <file>libclang_rt.builtins.a</file>
         <name>truncdfsf2.S.obj</name>
      </input_file>
      <input_file id="fl-111">
         <path>/Applications/ti/ccs2040/ccs/tools/compiler/ti-cgt-armllvm_4.0.4.LTS/lib/armv6m-ti-none-eabi/</path>
         <kind>archive</kind>
         <file>libclang_rt.builtins.a</file>
         <name>aeabi_dcmp.S.obj</name>
      </input_file>
      <input_file id="fl-112">
         <path>/Applications/ti/ccs2040/ccs/tools/compiler/ti-cgt-armllvm_4.0.4.LTS/lib/armv6m-ti-none-eabi/</path>
         <kind>archive</kind>
         <file>libclang_rt.builtins.a</file>
         <name>aeabi_idivmod.S.obj</name>
      </input_file>
      <input_file id="fl-113">
         <path>/Applications/ti/ccs2040/ccs/tools/compiler/ti-cgt-armllvm_4.0.4.LTS/lib/armv6m-ti-none-eabi/</path>
         <kind>archive</kind>
         <file>libclang_rt.builtins.a</file>
         <name>aeabi_memcpy.S.obj</name>
      </input_file>
      <input_file id="fl-114">
         <path>/Applications/ti/ccs2040/ccs/tools/compiler/ti-cgt-armllvm_4.0.4.LTS/lib/armv6m-ti-none-eabi/</path>
         <kind>archive</kind>
         <file>libclang_rt.builtins.a</file>
         <name>aeabi_memset.S.obj</name>
      </input_file>
      <input_file id="fl-115">
         <path>/Applications/ti/ccs2040/ccs/tools/compiler/ti-cgt-armllvm_4.0.4.LTS/lib/armv6m-ti-none-eabi/</path>
         <kind>archive</kind>
         <file>libclang_rt.builtins.a</file>
         <name>aeabi_uidivmod.S.obj</name>
      </input_file>
      <input_file id="fl-116">
         <path>/Applications/ti/ccs2040/ccs/tools/compiler/ti-cgt-armllvm_4.0.4.LTS/lib/armv6m-ti-none-eabi/</path>
         <kind>archive</kind>
         <file>libclang_rt.builtins.a</file>
         <name>aeabi_uldivmod.S.obj</name>
      </input_file>
      <input_file id="fl-117">
         <path>/Applications/ti/ccs2040/ccs/tools/compiler/ti-cgt-armllvm_4.0.4.LTS/lib/armv6m-ti-none-eabi/</path>
         <kind>archive</kind>
         <file>libclang_rt.builtins.a</file>
         <name>udivmoddi4.S.obj</name>
      </input_file>
      <input_file id="fl-118">
         <path>/Applications/ti/ccs2040/ccs/tools/compiler/ti-cgt-armllvm_4.0.4.LTS/lib/armv6m-ti-none-eabi/</path>
         <kind>archive</kind>
         <file>libclang_rt.builtins.a</file>
         <name>ashldi3.S.obj</name>
      </input_file>
      <input_file id="fl-119">
         <path>/Applications/ti/ccs2040/ccs/tools/compiler/ti-cgt-armllvm_4.0.4.LTS/lib/armv6m-ti-none-eabi/</path>
         <kind>archive</kind>
         <file>libclang_rt.builtins.a</file>
         <name>comparedf2.c.obj</name>
      </input_file>
      <input_file id="fl-11a">
         <path>/Applications/ti/ccs2040/ccs/tools/compiler/ti-cgt-armllvm_4.0.4.LTS/lib/armv6m-ti-none-eabi/</path>
         <kind>archive</kind>
         <file>libclang_rt.builtins.a</file>
         <name>aeabi_div0.c.obj</name>
      </input_file>
      <input_file id="fl-11b">
         <path>/Applications/ti/ccs2040/ccs/tools/compiler/ti-cgt-armllvm_4.0.4.LTS/lib/armv6m-ti-none-eabi/c/</path>
         <kind>archive</kind>
         <file>libc.a</file>
         <name>getdevice.c.obj</name>
      </input_file>
      <input_file id="fl-11c">
         <path>/Applications/ti/ccs2040/ccs/tools/compiler/ti-cgt-armllvm_4.0.4.LTS/lib/armv6m-ti-none-eabi/c/</path>
         <kind>archive</kind>
         <file>libc.a</file>
         <name>memcpy16.S.obj</name>
      </input_file>
      <input_file id="fl-11d">
         <path>/Applications/ti/ccs2040/ccs/tools/compiler/ti-cgt-armllvm_4.0.4.LTS/lib/armv6m-ti-none-eabi/c/</path>
         <kind>archive</kind>
         <file>libc.a</file>
         <name>memset16.S.obj</name>
      </input_file>
      <input_file id="fl-11e">
         <path>/Applications/ti/ccs2040/ccs/tools/compiler/ti-cgt-armllvm_4.0.4.LTS/lib/armv6m-ti-none-eabi/c/</path>
         <kind>archive</kind>
         <file>libc.a</file>
         <name>strcmp-armv6m.S.obj</name>
      </input_file>
   </input_file_list>
   <object_component_list>
      <object_component id="oc-18">
         <name>.intvecs</name>
         <load_address>0x0</load_address>
         <readonly>true</readonly>
         <run_address>0x0</run_address>
         <size>0xc0</size>
         <alignment>0x4</alignment>
         <input_file_ref idref="fl-16"/>
      </object_component>
      <object_component id="oc-10d">
         <name>.text._Z10Menu_Startv</name>
         <load_address>0x159c0</load_address>
         <readonly>true</readonly>
         <executable>true</executable>
         <run_address>0x159c0</run_address>
         <size>0x324</size>
         <alignment>0x4</alignment>
         <input_file_ref idref="fl-a"/>
      </object_component>
      <object_component id="oc-ec">
         <name>.text._ZN5Enemy5ChaseEiiPA16_h</name>
         <load_address>0x15ce4</load_address>
         <readonly>true</readonly>
         <executable>true</executable>
         <run_address>0x15ce4</run_address>
         <size>0x2d4</size>
         <alignment>0x2</alignment>
         <input_file_ref idref="fl-4"/>
      </object_component>
      <object_component id="oc-48">
         <name>.text.TIMG12_IRQHandler</name>
         <load_address>0x15fb8</load_address>
         <readonly>true</readonly>
         <executable>true</executable>
         <run_address>0x15fb8</run_address>
         <size>0x2ac</size>
         <alignment>0x4</alignment>
         <input_file_ref idref="fl-8"/>
      </object_component>
      <object_component id="oc-c4">
         <name>.text.main</name>
         <load_address>0x16264</load_address>
         <readonly>true</readonly>
         <executable>true</executable>
         <run_address>0x16264</run_address>
         <size>0x258</size>
         <alignment>0x4</alignment>
         <input_file_ref idref="fl-8"/>
      </object_component>
      <object_component id="oc-10e">
         <name>.text._Z17ST7735_DrawBitmapssPKtss</name>
         <load_address>0x164bc</load_address>
         <readonly>true</readonly>
         <executable>true</executable>
         <run_address>0x164bc</run_address>
         <size>0x210</size>
         <alignment>0x4</alignment>
         <input_file_ref idref="fl-c"/>
      </object_component>
      <object_component id="oc-15a">
         <name>.text._Z15Clock_Init80MHzi</name>
         <load_address>0x166cc</load_address>
         <readonly>true</readonly>
         <executable>true</executable>
         <run_address>0x166cc</run_address>
         <size>0x1b4</size>
         <alignment>0x4</alignment>
         <input_file_ref idref="fl-1"/>
      </object_component>
      <object_component id="oc-208">
         <name>.text._Z16ST7735_DrawCharSsscssh</name>
         <load_address>0x16880</load_address>
         <readonly>true</readonly>
         <executable>true</executable>
         <run_address>0x16880</run_address>
         <size>0x1a0</size>
         <alignment>0x4</alignment>
         <input_file_ref idref="fl-c"/>
      </object_component>
      <object_component id="oc-9f">
         <name>.text._Z11RoutePlayerh</name>
         <load_address>0x16a20</load_address>
         <readonly>true</readonly>
         <executable>true</executable>
         <run_address>0x16a20</run_address>
         <size>0x17c</size>
         <alignment>0x4</alignment>
         <input_file_ref idref="fl-8"/>
      </object_component>
      <object_component id="oc-1ed">
         <name>.text._openfile</name>
         <load_address>0x16b9c</load_address>
         <readonly>true</readonly>
         <executable>true</executable>
         <run_address>0x16b9c</run_address>
         <size>0x154</size>
         <alignment>0x4</alignment>
         <input_file_ref idref="fl-39"/>
      </object_component>
      <object_component id="oc-185">
         <name>.text._Z8ADC_InitP10ADC12_Regsjj</name>
         <load_address>0x16cf0</load_address>
         <readonly>true</readonly>
         <executable>true</executable>
         <run_address>0x16cf0</run_address>
         <size>0x128</size>
         <alignment>0x4</alignment>
         <input_file_ref idref="fl-11"/>
      </object_component>
      <object_component id="oc-e7">
         <name>.text._Z15ST7735_FillRectsssst</name>
         <load_address>0x16e18</load_address>
         <readonly>true</readonly>
         <executable>true</executable>
         <run_address>0x16e18</run_address>
         <size>0x118</size>
         <alignment>0x4</alignment>
         <input_file_ref idref="fl-c"/>
      </object_component>
      <object_component id="oc-120">
         <name>.text._Z12EndScreenRunj</name>
         <load_address>0x16f30</load_address>
         <readonly>true</readonly>
         <executable>true</executable>
         <run_address>0x16f30</run_address>
         <size>0x114</size>
         <alignment>0x4</alignment>
         <input_file_ref idref="fl-3"/>
      </object_component>
      <object_component id="oc-258">
         <name>.text.aligned_alloc</name>
         <load_address>0x17044</load_address>
         <readonly>true</readonly>
         <executable>true</executable>
         <run_address>0x17044</run_address>
         <size>0x114</size>
         <alignment>0x4</alignment>
         <input_file_ref idref="fl-40"/>
      </object_component>
      <object_component id="oc-9e">
         <name>.text._ZN6Player4MoveEiiPA16_h</name>
         <load_address>0x17158</load_address>
         <readonly>true</readonly>
         <executable>true</executable>
         <run_address>0x17158</run_address>
         <size>0x110</size>
         <alignment>0x4</alignment>
         <input_file_ref idref="fl-4"/>
      </object_component>
      <object_component id="oc-de">
         <name>.text._Z14CheckCollisioniiiiPA16_h</name>
         <load_address>0x17268</load_address>
         <readonly>true</readonly>
         <executable>true</executable>
         <run_address>0x17268</run_address>
         <size>0x10a</size>
         <alignment>0x2</alignment>
         <input_file_ref idref="fl-4"/>
      </object_component>
      <object_component id="oc-1ab">
         <name>.text.__aeabi_idiv0</name>
         <load_address>0x17372</load_address>
         <readonly>true</readonly>
         <executable>true</executable>
         <run_address>0x17372</run_address>
         <size>0x2</size>
         <alignment>0x2</alignment>
         <input_file_ref idref="fl-11a"/>
      </object_component>
      <object_component id="oc-217">
         <name>.text._Z8SPI_Initv</name>
         <load_address>0x17374</load_address>
         <readonly>true</readonly>
         <executable>true</executable>
         <run_address>0x17374</run_address>
         <size>0xf8</size>
         <alignment>0x4</alignment>
         <input_file_ref idref="fl-b"/>
      </object_component>
      <object_component id="oc-fe">
         <name>.text._Z18ST7735_SetRotationh</name>
         <load_address>0x1746c</load_address>
         <readonly>true</readonly>
         <executable>true</executable>
         <run_address>0x1746c</run_address>
         <size>0xf4</size>
         <alignment>0x4</alignment>
         <input_file_ref idref="fl-c"/>
      </object_component>
      <object_component id="oc-163">
         <name>.text.add_device</name>
         <load_address>0x17560</load_address>
         <readonly>true</readonly>
         <executable>true</executable>
         <run_address>0x17560</run_address>
         <size>0xec</size>
         <alignment>0x4</alignment>
         <input_file_ref idref="fl-fe"/>
      </object_component>
      <object_component id="oc-187">
         <name>.text._Z9UART_Initv</name>
         <load_address>0x1764c</load_address>
         <readonly>true</readonly>
         <executable>true</executable>
         <run_address>0x1764c</run_address>
         <size>0xe8</size>
         <alignment>0x4</alignment>
         <input_file_ref idref="fl-11"/>
      </object_component>
      <object_component id="oc-1f6">
         <name>.text.free</name>
         <load_address>0x17734</load_address>
         <readonly>true</readonly>
         <executable>true</executable>
         <run_address>0x17734</run_address>
         <size>0xe8</size>
         <alignment>0x4</alignment>
         <input_file_ref idref="fl-40"/>
      </object_component>
      <object_component id="oc-16e">
         <name>.text.setvbuf</name>
         <load_address>0x1781c</load_address>
         <readonly>true</readonly>
         <executable>true</executable>
         <run_address>0x1781c</run_address>
         <size>0xe0</size>
         <alignment>0x4</alignment>
         <input_file_ref idref="fl-3a"/>
      </object_component>
      <object_component id="oc-125">
         <name>.text._Z14DrawStaminaBari</name>
         <load_address>0x178fc</load_address>
         <readonly>true</readonly>
         <executable>true</executable>
         <run_address>0x178fc</run_address>
         <size>0xd8</size>
         <alignment>0x4</alignment>
         <input_file_ref idref="fl-8"/>
      </object_component>
      <object_component id="oc-1bc">
         <name>.text._Z14ST7735_OutCharc</name>
         <load_address>0x179d4</load_address>
         <readonly>true</readonly>
         <executable>true</executable>
         <run_address>0x179d4</run_address>
         <size>0xd0</size>
         <alignment>0x4</alignment>
         <input_file_ref idref="fl-c"/>
      </object_component>
      <object_component id="oc-8c">
         <name>.text._ZN8Joystick2InEv</name>
         <load_address>0x17aa4</load_address>
         <readonly>true</readonly>
         <executable>true</executable>
         <run_address>0x17aa4</run_address>
         <size>0xcc</size>
         <alignment>0x4</alignment>
         <input_file_ref idref="fl-6"/>
      </object_component>
      <object_component id="oc-1bf">
         <name>.text._Z20ST7735_DrawFastHLinessst</name>
         <load_address>0x17b70</load_address>
         <readonly>true</readonly>
         <executable>true</executable>
         <run_address>0x17b70</run_address>
         <size>0xb0</size>
         <alignment>0x4</alignment>
         <input_file_ref idref="fl-c"/>
      </object_component>
      <object_component id="oc-1be">
         <name>.text._Z20ST7735_DrawFastVLinessst</name>
         <load_address>0x17c20</load_address>
         <readonly>true</readonly>
         <executable>true</executable>
         <run_address>0x17c20</run_address>
         <size>0xb0</size>
         <alignment>0x4</alignment>
         <input_file_ref idref="fl-c"/>
      </object_component>
      <object_component id="oc-a5">
         <name>.text._Z7DrawMapPA16_Kh</name>
         <load_address>0x17cd0</load_address>
         <readonly>true</readonly>
         <executable>true</executable>
         <run_address>0x17cd0</run_address>
         <size>0xb0</size>
         <alignment>0x4</alignment>
         <input_file_ref idref="fl-8"/>
      </object_component>
      <object_component id="oc-18d">
         <name>.text._Z14TimerG7_IntArmtjj</name>
         <load_address>0x17d80</load_address>
         <readonly>true</readonly>
         <executable>true</executable>
         <run_address>0x17d80</run_address>
         <size>0xa8</size>
         <alignment>0x4</alignment>
         <input_file_ref idref="fl-12"/>
      </object_component>
      <object_component id="oc-1da">
         <name>.text._ZL11commandListPKh</name>
         <load_address>0x17e28</load_address>
         <readonly>true</readonly>
         <executable>true</executable>
         <run_address>0x17e28</run_address>
         <size>0xa2</size>
         <alignment>0x2</alignment>
         <input_file_ref idref="fl-c"/>
      </object_component>
      <object_component id="oc-20e">
         <name>.text._nop</name>
         <load_address>0x17eca</load_address>
         <readonly>true</readonly>
         <executable>true</executable>
         <run_address>0x17eca</run_address>
         <size>0x2</size>
         <alignment>0x2</alignment>
         <input_file_ref idref="fl-3d"/>
      </object_component>
      <object_component id="oc-fd">
         <name>.text._Z17ST7735_InitPrintf10initRFlags</name>
         <load_address>0x17ecc</load_address>
         <readonly>true</readonly>
         <executable>true</executable>
         <run_address>0x17ecc</run_address>
         <size>0xa0</size>
         <alignment>0x4</alignment>
         <input_file_ref idref="fl-c"/>
      </object_component>
      <object_component id="oc-240">
         <name>.text.open</name>
         <load_address>0x17f6c</load_address>
         <readonly>true</readonly>
         <executable>true</executable>
         <run_address>0x17f6c</run_address>
         <size>0xa0</size>
         <alignment>0x4</alignment>
         <input_file_ref idref="fl-fb"/>
      </object_component>
      <object_component id="oc-116">
         <name>.text._ZN5Enemy11CheckTaggedEiiii</name>
         <load_address>0x1800c</load_address>
         <readonly>true</readonly>
         <executable>true</executable>
         <run_address>0x1800c</run_address>
         <size>0x9c</size>
         <alignment>0x2</alignment>
         <input_file_ref idref="fl-4"/>
      </object_component>
      <object_component id="oc-162">
         <name>.text._Z12ST7735_InitR10initRFlags</name>
         <load_address>0x180a8</load_address>
         <readonly>true</readonly>
         <executable>true</executable>
         <run_address>0x180a8</run_address>
         <size>0x98</size>
         <alignment>0x4</alignment>
         <input_file_ref idref="fl-c"/>
      </object_component>
      <object_component id="oc-10f">
         <name>.text._Z15TimerG12_IntArmjj</name>
         <load_address>0x18140</load_address>
         <readonly>true</readonly>
         <executable>true</executable>
         <run_address>0x18140</run_address>
         <size>0x94</size>
         <alignment>0x4</alignment>
         <input_file_ref idref="fl-12"/>
      </object_component>
      <object_component id="oc-14d">
         <name>.text._ZL13setAddrWindowhhhh</name>
         <load_address>0x181d4</load_address>
         <readonly>true</readonly>
         <executable>true</executable>
         <run_address>0x181d4</run_address>
         <size>0x88</size>
         <alignment>0x4</alignment>
         <input_file_ref idref="fl-c"/>
      </object_component>
      <object_component id="oc-1c0">
         <name>.text.HOSTexit</name>
         <load_address>0x1825c</load_address>
         <readonly>true</readonly>
         <executable>true</executable>
         <run_address>0x1825c</run_address>
         <size>0x4</size>
         <alignment>0x2</alignment>
         <input_file_ref idref="fl-f7"/>
      </object_component>
      <object_component id="oc-218">
         <name>.text:strcmp</name>
         <load_address>0x18260</load_address>
         <readonly>true</readonly>
         <executable>true</executable>
         <run_address>0x18260</run_address>
         <size>0x88</size>
         <alignment>0x10</alignment>
         <input_file_ref idref="fl-11e"/>
      </object_component>
      <object_component id="oc-1b1">
         <name>.text._Z14ST7735_OutUDecj</name>
         <load_address>0x182e8</load_address>
         <readonly>true</readonly>
         <executable>true</executable>
         <run_address>0x182e8</run_address>
         <size>0x84</size>
         <alignment>0x4</alignment>
         <input_file_ref idref="fl-c"/>
      </object_component>
      <object_component id="oc-207">
         <name>.text._Z17ST7735_DrawStringttPcs</name>
         <load_address>0x1836c</load_address>
         <readonly>true</readonly>
         <executable>true</executable>
         <run_address>0x1836c</run_address>
         <size>0x84</size>
         <alignment>0x2</alignment>
         <input_file_ref idref="fl-c"/>
      </object_component>
      <object_component id="oc-9b">
         <name>.text._ZN6Player13updateStaminaEh</name>
         <load_address>0x183f0</load_address>
         <readonly>true</readonly>
         <executable>true</executable>
         <run_address>0x183f0</run_address>
         <size>0x84</size>
         <alignment>0x2</alignment>
         <input_file_ref idref="fl-4"/>
      </object_component>
      <object_component id="oc-f8">
         <name>.text._Z14LaunchPad_Initv</name>
         <load_address>0x18474</load_address>
         <readonly>true</readonly>
         <executable>true</executable>
         <run_address>0x18474</run_address>
         <size>0x7c</size>
         <alignment>0x4</alignment>
         <input_file_ref idref="fl-9"/>
      </object_component>
      <object_component id="oc-1f0">
         <name>.text.__TI_closefile</name>
         <load_address>0x184f0</load_address>
         <readonly>true</readonly>
         <executable>true</executable>
         <run_address>0x184f0</run_address>
         <size>0x7c</size>
         <alignment>0x4</alignment>
         <input_file_ref idref="fl-4a"/>
      </object_component>
      <object_component id="oc-1c">
         <name>.text:decompress:lzss</name>
         <load_address>0x1856c</load_address>
         <readonly>true</readonly>
         <executable>true</executable>
         <run_address>0x1856c</run_address>
         <size>0x7c</size>
         <alignment>0x4</alignment>
         <input_file_ref idref="fl-48"/>
      </object_component>
      <object_component id="oc-107">
         <name>.text._ZN8Joystick4InitEv</name>
         <load_address>0x185e8</load_address>
         <readonly>true</readonly>
         <executable>true</executable>
         <run_address>0x185e8</run_address>
         <size>0x74</size>
         <alignment>0x4</alignment>
         <input_file_ref idref="fl-6"/>
      </object_component>
      <object_component id="oc-259">
         <name>.text._Z16ST7735_DrawPixelsst</name>
         <load_address>0x1865c</load_address>
         <readonly>true</readonly>
         <executable>true</executable>
         <run_address>0x1865c</run_address>
         <size>0x70</size>
         <alignment>0x4</alignment>
         <input_file_ref idref="fl-c"/>
      </object_component>
      <object_component id="oc-91">
         <name>.text._Z9Switch_Inv</name>
         <load_address>0x186cc</load_address>
         <readonly>true</readonly>
         <executable>true</executable>
         <run_address>0x186cc</run_address>
         <size>0x70</size>
         <alignment>0x4</alignment>
         <input_file_ref idref="fl-10"/>
      </object_component>
      <object_component id="oc-22e">
         <name>.text.HOSTlseek</name>
         <load_address>0x1873c</load_address>
         <readonly>true</readonly>
         <executable>true</executable>
         <run_address>0x1873c</run_address>
         <size>0x6c</size>
         <alignment>0x4</alignment>
         <input_file_ref idref="fl-101"/>
      </object_component>
      <object_component id="oc-236">
         <name>.text.HOSTrename</name>
         <load_address>0x187a8</load_address>
         <readonly>true</readonly>
         <executable>true</executable>
         <run_address>0x187a8</run_address>
         <size>0x6c</size>
         <alignment>0x4</alignment>
         <input_file_ref idref="fl-104"/>
      </object_component>
      <object_component id="oc-27b">
         <name>.text.getdevice</name>
         <load_address>0x18814</load_address>
         <readonly>true</readonly>
         <executable>true</executable>
         <run_address>0x18814</run_address>
         <size>0x6c</size>
         <alignment>0x4</alignment>
         <input_file_ref idref="fl-11b"/>
      </object_component>
      <object_component id="oc-ac">
         <name>.text._ZN5Enemy6UpdateEiiPA16_h</name>
         <load_address>0x18880</load_address>
         <readonly>true</readonly>
         <executable>true</executable>
         <run_address>0x18880</run_address>
         <size>0x66</size>
         <alignment>0x2</alignment>
         <input_file_ref idref="fl-4"/>
      </object_component>
      <object_component id="oc-292">
         <name>.text.split</name>
         <load_address>0x188e8</load_address>
         <readonly>true</readonly>
         <executable>true</executable>
         <run_address>0x188e8</run_address>
         <size>0x64</size>
         <alignment>0x4</alignment>
         <input_file_ref idref="fl-40"/>
      </object_component>
      <object_component id="oc-21e">
         <name>.text.HOSTopen</name>
         <load_address>0x1894c</load_address>
         <readonly>true</readonly>
         <executable>true</executable>
         <run_address>0x1894c</run_address>
         <size>0x60</size>
         <alignment>0x4</alignment>
         <input_file_ref idref="fl-102"/>
      </object_component>
      <object_component id="oc-3e">
         <name>.text.UART2_IRQHandler</name>
         <load_address>0x189ac</load_address>
         <readonly>true</readonly>
         <executable>true</executable>
         <run_address>0x189ac</run_address>
         <size>0x5c</size>
         <alignment>0x4</alignment>
         <input_file_ref idref="fl-14"/>
      </object_component>
      <object_component id="oc-226">
         <name>.text.HOSTread</name>
         <load_address>0x18a08</load_address>
         <readonly>true</readonly>
         <executable>true</executable>
         <run_address>0x18a08</run_address>
         <size>0x58</size>
         <alignment>0x4</alignment>
         <input_file_ref idref="fl-103"/>
      </object_component>
      <object_component id="oc-22a">
         <name>.text.HOSTwrite</name>
         <load_address>0x18a60</load_address>
         <readonly>true</readonly>
         <executable>true</executable>
         <run_address>0x18a60</run_address>
         <size>0x58</size>
         <alignment>0x4</alignment>
         <input_file_ref idref="fl-106"/>
      </object_component>
      <object_component id="oc-106">
         <name>.text._Z10TExaS_InitP10ADC12_RegsjPFhvE</name>
         <load_address>0x18ab8</load_address>
         <readonly>true</readonly>
         <executable>true</executable>
         <run_address>0x18ab8</run_address>
         <size>0x58</size>
         <alignment>0x4</alignment>
         <input_file_ref idref="fl-11"/>
      </object_component>
      <object_component id="oc-11c">
         <name>.text.__aeabi_idivmod</name>
         <load_address>0x18b10</load_address>
         <readonly>true</readonly>
         <executable>true</executable>
         <run_address>0x18b10</run_address>
         <size>0x56</size>
         <alignment>0x4</alignment>
         <input_file_ref idref="fl-112"/>
      </object_component>
      <object_component id="oc-ff">
         <name>.text._Z11Switch_Initv</name>
         <load_address>0x18b68</load_address>
         <readonly>true</readonly>
         <executable>true</executable>
         <run_address>0x18b68</run_address>
         <size>0x54</size>
         <alignment>0x4</alignment>
         <input_file_ref idref="fl-10"/>
      </object_component>
      <object_component id="oc-206">
         <name>.text._Z11fillmessagej</name>
         <load_address>0x18bbc</load_address>
         <readonly>true</readonly>
         <executable>true</executable>
         <run_address>0x18bbc</run_address>
         <size>0x54</size>
         <alignment>0x4</alignment>
         <input_file_ref idref="fl-c"/>
      </object_component>
      <object_component id="oc-139">
         <name>.text:__TI_auto_init_nobinit</name>
         <load_address>0x18c10</load_address>
         <readonly>true</readonly>
         <executable>true</executable>
         <run_address>0x18c10</run_address>
         <size>0x54</size>
         <alignment>0x4</alignment>
         <input_file_ref idref="fl-43"/>
      </object_component>
      <object_component id="oc-244">
         <name>.text.__TI_doflush</name>
         <load_address>0x18c64</load_address>
         <readonly>true</readonly>
         <executable>true</executable>
         <run_address>0x18c64</run_address>
         <size>0x52</size>
         <alignment>0x2</alignment>
         <input_file_ref idref="fl-4b"/>
      </object_component>
      <object_component id="oc-124">
         <name>.text._Z9DrawTimeri</name>
         <load_address>0x18cb8</load_address>
         <readonly>true</readonly>
         <executable>true</executable>
         <run_address>0x18cb8</run_address>
         <size>0x50</size>
         <alignment>0x4</alignment>
         <input_file_ref idref="fl-8"/>
      </object_component>
      <object_component id="oc-24a">
         <name>.text.close</name>
         <load_address>0x18d08</load_address>
         <readonly>true</readonly>
         <executable>true</executable>
         <run_address>0x18d08</run_address>
         <size>0x50</size>
         <alignment>0x4</alignment>
         <input_file_ref idref="fl-fd"/>
      </object_component>
      <object_component id="oc-7f">
         <name>.text._ZN5Queue3PutEc</name>
         <load_address>0x18d58</load_address>
         <readonly>true</readonly>
         <executable>true</executable>
         <run_address>0x18d58</run_address>
         <size>0x4a</size>
         <alignment>0x2</alignment>
         <input_file_ref idref="fl-5"/>
      </object_component>
      <object_component id="oc-222">
         <name>.text.HOSTclose</name>
         <load_address>0x18da4</load_address>
         <readonly>true</readonly>
         <executable>true</executable>
         <run_address>0x18da4</run_address>
         <size>0x48</size>
         <alignment>0x4</alignment>
         <input_file_ref idref="fl-100"/>
      </object_component>
      <object_component id="oc-232">
         <name>.text.HOSTunlink</name>
         <load_address>0x18dec</load_address>
         <readonly>true</readonly>
         <executable>true</executable>
         <run_address>0x18dec</run_address>
         <size>0x48</size>
         <alignment>0x4</alignment>
         <input_file_ref idref="fl-105"/>
      </object_component>
      <object_component id="oc-17f">
         <name>.text._Z14SPI_OutCommandc</name>
         <load_address>0x18e34</load_address>
         <readonly>true</readonly>
         <executable>true</executable>
         <run_address>0x18e34</run_address>
         <size>0x48</size>
         <alignment>0x4</alignment>
         <input_file_ref idref="fl-b"/>
      </object_component>
      <object_component id="oc-146">
         <name>.text._ZN6PlayerC2EiiPKth</name>
         <load_address>0x18e7c</load_address>
         <readonly>true</readonly>
         <executable>true</executable>
         <run_address>0x18e7c</run_address>
         <size>0x46</size>
         <alignment>0x2</alignment>
         <input_file_ref idref="fl-4"/>
      </object_component>
      <object_component id="oc-39">
         <name>.text.SysTick_Handler</name>
         <load_address>0x18ec4</load_address>
         <readonly>true</readonly>
         <executable>true</executable>
         <run_address>0x18ec4</run_address>
         <size>0x44</size>
         <alignment>0x4</alignment>
         <input_file_ref idref="fl-f"/>
      </object_component>
      <object_component id="oc-43">
         <name>.text.TIMG7_IRQHandler</name>
         <load_address>0x18f08</load_address>
         <readonly>true</readonly>
         <executable>true</executable>
         <run_address>0x18f08</run_address>
         <size>0x40</size>
         <alignment>0x4</alignment>
         <input_file_ref idref="fl-11"/>
      </object_component>
      <object_component id="oc-25b">
         <name>.text._Z9SPI_Resetv</name>
         <load_address>0x18f48</load_address>
         <readonly>true</readonly>
         <executable>true</executable>
         <run_address>0x18f48</run_address>
         <size>0x40</size>
         <alignment>0x4</alignment>
         <input_file_ref idref="fl-b"/>
      </object_component>
      <object_component id="oc-9c">
         <name>.text._ZN8Joystick10getXChangeEv</name>
         <load_address>0x18f88</load_address>
         <readonly>true</readonly>
         <executable>true</executable>
         <run_address>0x18f88</run_address>
         <size>0x40</size>
         <alignment>0x2</alignment>
         <input_file_ref idref="fl-6"/>
      </object_component>
      <object_component id="oc-9d">
         <name>.text._ZN8Joystick10getYChangeEv</name>
         <load_address>0x18fc8</load_address>
         <readonly>true</readonly>
         <executable>true</executable>
         <run_address>0x18fc8</run_address>
         <size>0x40</size>
         <alignment>0x2</alignment>
         <input_file_ref idref="fl-6"/>
      </object_component>
      <object_component id="oc-189">
         <name>.text.__aeabi_uidivmod</name>
         <load_address>0x19008</load_address>
         <readonly>true</readonly>
         <executable>true</executable>
         <run_address>0x19008</run_address>
         <size>0x40</size>
         <alignment>0x4</alignment>
         <input_file_ref idref="fl-115"/>
      </object_component>
      <object_component id="oc-1ec">
         <name>.text._search_fp</name>
         <load_address>0x19048</load_address>
         <readonly>true</readonly>
         <executable>true</executable>
         <run_address>0x19048</run_address>
         <size>0x40</size>
         <alignment>0x4</alignment>
         <input_file_ref idref="fl-39"/>
      </object_component>
      <object_component id="oc-105">
         <name>.text._Z10Sound_Initv</name>
         <load_address>0x19088</load_address>
         <readonly>true</readonly>
         <executable>true</executable>
         <run_address>0x19088</run_address>
         <size>0x3c</size>
         <alignment>0x4</alignment>
         <input_file_ref idref="fl-f"/>
      </object_component>
      <object_component id="oc-184">
         <name>.text._Z9DAC5_Initv</name>
         <load_address>0x190c4</load_address>
         <readonly>true</readonly>
         <executable>true</executable>
         <run_address>0x190c4</run_address>
         <size>0x3c</size>
         <alignment>0x4</alignment>
         <input_file_ref idref="fl-2"/>
      </object_component>
      <object_component id="oc-148">
         <name>.text._ZN5EnemyC2EiiPKt</name>
         <load_address>0x19100</load_address>
         <readonly>true</readonly>
         <executable>true</executable>
         <run_address>0x19100</run_address>
         <size>0x3c</size>
         <alignment>0x2</alignment>
         <input_file_ref idref="fl-4"/>
      </object_component>
      <object_component id="oc-14e">
         <name>.text._Z11SPI_OutDatac</name>
         <load_address>0x1913c</load_address>
         <readonly>true</readonly>
         <executable>true</executable>
         <run_address>0x1913c</run_address>
         <size>0x38</size>
         <alignment>0x4</alignment>
         <input_file_ref idref="fl-b"/>
      </object_component>
      <object_component id="oc-15f">
         <name>.text._Z15ActivatePortA_Bv</name>
         <load_address>0x19174</load_address>
         <readonly>true</readonly>
         <executable>true</executable>
         <run_address>0x19174</run_address>
         <size>0x38</size>
         <alignment>0x4</alignment>
         <input_file_ref idref="fl-9"/>
      </object_component>
      <object_component id="oc-e4">
         <name>.text._ZN5Enemy13SetSpawnDelayEiih</name>
         <load_address>0x191ac</load_address>
         <readonly>true</readonly>
         <executable>true</executable>
         <run_address>0x191ac</run_address>
         <size>0x38</size>
         <alignment>0x2</alignment>
         <input_file_ref idref="fl-4"/>
      </object_component>
      <object_component id="oc-126">
         <name>.text._ZN5Enemy10EnemyEraseEv</name>
         <load_address>0x191e4</load_address>
         <readonly>true</readonly>
         <executable>true</executable>
         <run_address>0x191e4</run_address>
         <size>0x36</size>
         <alignment>0x2</alignment>
         <input_file_ref idref="fl-4"/>
      </object_component>
      <object_component id="oc-d5">
         <name>.text._ZN5Queue6IsFullEv</name>
         <load_address>0x1921a</load_address>
         <readonly>true</readonly>
         <executable>true</executable>
         <run_address>0x1921a</run_address>
         <size>0x36</size>
         <alignment>0x2</alignment>
         <input_file_ref idref="fl-5"/>
      </object_component>
      <object_component id="oc-175">
         <name>.text._Z12ST7735_writeiPKcj</name>
         <load_address>0x19250</load_address>
         <readonly>true</readonly>
         <executable>true</executable>
         <run_address>0x19250</run_address>
         <size>0x34</size>
         <alignment>0x2</alignment>
         <input_file_ref idref="fl-c"/>
      </object_component>
      <object_component id="oc-191">
         <name>.text._Z14Clock_Delay1msj</name>
         <load_address>0x19284</load_address>
         <readonly>true</readonly>
         <executable>true</executable>
         <run_address>0x19284</run_address>
         <size>0x34</size>
         <alignment>0x4</alignment>
         <input_file_ref idref="fl-1"/>
      </object_component>
      <object_component id="oc-192">
         <name>.text._Z16ST7735_SetCursorjj</name>
         <load_address>0x192b8</load_address>
         <readonly>true</readonly>
         <executable>true</executable>
         <run_address>0x192b8</run_address>
         <size>0x34</size>
         <alignment>0x4</alignment>
         <input_file_ref idref="fl-c"/>
      </object_component>
      <object_component id="oc-100">
         <name>.text._Z8LED_Initv</name>
         <load_address>0x192ec</load_address>
         <readonly>true</readonly>
         <executable>true</executable>
         <run_address>0x192ec</run_address>
         <size>0x34</size>
         <alignment>0x4</alignment>
         <input_file_ref idref="fl-7"/>
      </object_component>
      <object_component id="oc-1f9">
         <name>.text.__TI_cleanup</name>
         <load_address>0x19320</load_address>
         <readonly>true</readonly>
         <executable>true</executable>
         <run_address>0x19320</run_address>
         <size>0x34</size>
         <alignment>0x4</alignment>
         <input_file_ref idref="fl-39"/>
      </object_component>
      <object_component id="oc-263">
         <name>.text.__TI_readmsg</name>
         <load_address>0x19354</load_address>
         <readonly>true</readonly>
         <executable>true</executable>
         <run_address>0x19354</run_address>
         <size>0x34</size>
         <alignment>0x4</alignment>
         <input_file_ref idref="fl-107"/>
      </object_component>
      <object_component id="oc-25d">
         <name>.text.__TI_writemsg</name>
         <load_address>0x19388</load_address>
         <readonly>true</readonly>
         <executable>true</executable>
         <run_address>0x19388</run_address>
         <size>0x34</size>
         <alignment>0x4</alignment>
         <input_file_ref idref="fl-107"/>
      </object_component>
      <object_component id="oc-131">
         <name>.text.exit</name>
         <load_address>0x193bc</load_address>
         <readonly>true</readonly>
         <executable>true</executable>
         <run_address>0x193bc</run_address>
         <size>0x34</size>
         <alignment>0x4</alignment>
         <input_file_ref idref="fl-3c"/>
      </object_component>
      <object_component id="oc-1e0">
         <name>.text.finddevice</name>
         <load_address>0x193f0</load_address>
         <readonly>true</readonly>
         <executable>true</executable>
         <run_address>0x193f0</run_address>
         <size>0x34</size>
         <alignment>0x4</alignment>
         <input_file_ref idref="fl-11b"/>
      </object_component>
      <object_component id="oc-16d">
         <name>.text.freopen</name>
         <load_address>0x19424</load_address>
         <readonly>true</readonly>
         <executable>true</executable>
         <run_address>0x19424</run_address>
         <size>0x34</size>
         <alignment>0x4</alignment>
         <input_file_ref idref="fl-39"/>
      </object_component>
      <object_component id="oc-127">
         <name>.text._ZN5Enemy9EnemyDrawEv</name>
         <load_address>0x19458</load_address>
         <readonly>true</readonly>
         <executable>true</executable>
         <run_address>0x19458</run_address>
         <size>0x32</size>
         <alignment>0x2</alignment>
         <input_file_ref idref="fl-4"/>
      </object_component>
      <object_component id="oc-1d0">
         <name>.text._ZN6SpriteC2EiiiiPKt</name>
         <load_address>0x1948a</load_address>
         <readonly>true</readonly>
         <executable>true</executable>
         <run_address>0x1948a</run_address>
         <size>0x32</size>
         <alignment>0x2</alignment>
         <input_file_ref idref="fl-4"/>
      </object_component>
      <object_component id="oc-14b">
         <name>.text._Z11Sound_StartPKhj</name>
         <load_address>0x194bc</load_address>
         <readonly>true</readonly>
         <executable>true</executable>
         <run_address>0x194bc</run_address>
         <size>0x30</size>
         <alignment>0x4</alignment>
         <input_file_ref idref="fl-f"/>
      </object_component>
      <object_component id="oc-1d9">
         <name>.text._ZL10commonInitPKh</name>
         <load_address>0x194ec</load_address>
         <readonly>true</readonly>
         <executable>true</executable>
         <run_address>0x194ec</run_address>
         <size>0x30</size>
         <alignment>0x4</alignment>
         <input_file_ref idref="fl-c"/>
      </object_component>
      <object_component id="oc-167">
         <name>.text.fopen</name>
         <load_address>0x1951c</load_address>
         <readonly>true</readonly>
         <executable>true</executable>
         <run_address>0x1951c</run_address>
         <size>0x30</size>
         <alignment>0x4</alignment>
         <input_file_ref idref="fl-39"/>
      </object_component>
      <object_component id="oc-a0">
         <name>.text._Z17ST7735_FillScreent</name>
         <load_address>0x1954c</load_address>
         <readonly>true</readonly>
         <executable>true</executable>
         <run_address>0x1954c</run_address>
         <size>0x2c</size>
         <alignment>0x4</alignment>
         <input_file_ref idref="fl-c"/>
      </object_component>
      <object_component id="oc-28a">
         <name>.text.unlink</name>
         <load_address>0x19578</load_address>
         <readonly>true</readonly>
         <executable>true</executable>
         <run_address>0x19578</run_address>
         <size>0x2c</size>
         <alignment>0x4</alignment>
         <input_file_ref idref="fl-ff"/>
      </object_component>
      <object_component id="oc-186">
         <name>.text._Z9ADC_StartP10ADC12_Regs</name>
         <load_address>0x195a4</load_address>
         <readonly>true</readonly>
         <executable>true</executable>
         <run_address>0x195a4</run_address>
         <size>0x28</size>
         <alignment>0x4</alignment>
         <input_file_ref idref="fl-11"/>
      </object_component>
      <object_component id="oc-128">
         <name>.text._ZN6Sprite5EraseEv</name>
         <load_address>0x195cc</load_address>
         <readonly>true</readonly>
         <executable>true</executable>
         <run_address>0x195cc</run_address>
         <size>0x28</size>
         <alignment>0x2</alignment>
         <input_file_ref idref="fl-4"/>
      </object_component>
      <object_component id="oc-257">
         <name>.text.free_list_insert</name>
         <load_address>0x195f4</load_address>
         <readonly>true</readonly>
         <executable>true</executable>
         <run_address>0x195f4</run_address>
         <size>0x28</size>
         <alignment>0x4</alignment>
         <input_file_ref idref="fl-40"/>
      </object_component>
      <object_component id="oc-281">
         <name>.text.write</name>
         <load_address>0x1961c</load_address>
         <readonly>true</readonly>
         <executable>true</executable>
         <run_address>0x1961c</run_address>
         <size>0x28</size>
         <alignment>0x4</alignment>
         <input_file_ref idref="fl-f8"/>
      </object_component>
      <object_component id="oc-68">
         <name>.text:_c_int00_noargs</name>
         <load_address>0x19644</load_address>
         <readonly>true</readonly>
         <executable>true</executable>
         <run_address>0x19644</run_address>
         <size>0x28</size>
         <alignment>0x4</alignment>
         <input_file_ref idref="fl-41"/>
      </object_component>
      <object_component id="oc-193">
         <name>.text._Z16ST7735_OutStringPc</name>
         <load_address>0x1966c</load_address>
         <readonly>true</readonly>
         <executable>true</executable>
         <run_address>0x1966c</run_address>
         <size>0x26</size>
         <alignment>0x2</alignment>
         <input_file_ref idref="fl-c"/>
      </object_component>
      <object_component id="oc-76">
         <name>.text._Z8DAC5_Outj</name>
         <load_address>0x19694</load_address>
         <readonly>true</readonly>
         <executable>true</executable>
         <run_address>0x19694</run_address>
         <size>0x24</size>
         <alignment>0x4</alignment>
         <input_file_ref idref="fl-2"/>
      </object_component>
      <object_component id="oc-129">
         <name>.text._ZN6Sprite4DrawEv</name>
         <load_address>0x196b8</load_address>
         <readonly>true</readonly>
         <executable>true</executable>
         <run_address>0x196b8</run_address>
         <size>0x24</size>
         <alignment>0x2</alignment>
         <input_file_ref idref="fl-4"/>
      </object_component>
      <object_component id="oc-d0">
         <name>.text.__cxx_global_var_init.1</name>
         <load_address>0x196dc</load_address>
         <readonly>true</readonly>
         <executable>true</executable>
         <run_address>0x196dc</run_address>
         <size>0x20</size>
         <alignment>0x4</alignment>
         <input_file_ref idref="fl-8"/>
      </object_component>
      <object_component id="oc-294">
         <name>.text._ZL9pushColort</name>
         <load_address>0x196fc</load_address>
         <readonly>true</readonly>
         <executable>true</executable>
         <run_address>0x196fc</run_address>
         <size>0x1e</size>
         <alignment>0x2</alignment>
         <input_file_ref idref="fl-c"/>
      </object_component>
      <object_component id="oc-145">
         <name>.text._ZN8JoystickC2Ejj</name>
         <load_address>0x1971a</load_address>
         <readonly>true</readonly>
         <executable>true</executable>
         <run_address>0x1971a</run_address>
         <size>0x1e</size>
         <alignment>0x2</alignment>
         <input_file_ref idref="fl-6"/>
      </object_component>
      <object_component id="oc-37">
         <name>.text.Default_Handler</name>
         <load_address>0x19738</load_address>
         <readonly>true</readonly>
         <executable>true</executable>
         <run_address>0x19738</run_address>
         <size>0x1c</size>
         <alignment>0x4</alignment>
         <input_file_ref idref="fl-16"/>
      </object_component>
      <object_component id="oc-38">
         <name>.text.HardFault_Handler</name>
         <load_address>0x19754</load_address>
         <readonly>true</readonly>
         <executable>true</executable>
         <run_address>0x19754</run_address>
         <size>0x1c</size>
         <alignment>0x4</alignment>
         <input_file_ref idref="fl-16"/>
      </object_component>
      <object_component id="oc-e0">
         <name>.text._Z10Sound_Stopv</name>
         <load_address>0x19770</load_address>
         <readonly>true</readonly>
         <executable>true</executable>
         <run_address>0x19770</run_address>
         <size>0x1c</size>
         <alignment>0x4</alignment>
         <input_file_ref idref="fl-f"/>
      </object_component>
      <object_component id="oc-255">
         <name>.text.free_list_remove</name>
         <load_address>0x1978c</load_address>
         <readonly>true</readonly>
         <executable>true</executable>
         <run_address>0x1978c</run_address>
         <size>0x1c</size>
         <alignment>0x4</alignment>
         <input_file_ref idref="fl-40"/>
      </object_component>
      <object_component id="oc-121">
         <name>.text._Z8ResetMapv</name>
         <load_address>0x197a8</load_address>
         <readonly>true</readonly>
         <executable>true</executable>
         <run_address>0x197a8</run_address>
         <size>0x18</size>
         <alignment>0x4</alignment>
         <input_file_ref idref="fl-8"/>
      </object_component>
      <object_component id="oc-d1">
         <name>.text.__cxx_global_var_init.2</name>
         <load_address>0x197c0</load_address>
         <readonly>true</readonly>
         <executable>true</executable>
         <run_address>0x197c0</run_address>
         <size>0x18</size>
         <alignment>0x4</alignment>
         <input_file_ref idref="fl-8"/>
      </object_component>
      <object_component id="oc-178">
         <name>.text._Z11ST7735_openPKcji</name>
         <load_address>0x197d8</load_address>
         <readonly>true</readonly>
         <executable>true</executable>
         <run_address>0x197d8</run_address>
         <size>0x16</size>
         <alignment>0x2</alignment>
         <input_file_ref idref="fl-c"/>
      </object_component>
      <object_component id="oc-176">
         <name>.text._Z11ST7735_readiPcj</name>
         <load_address>0x197ee</load_address>
         <readonly>true</readonly>
         <executable>true</executable>
         <run_address>0x197ee</run_address>
         <size>0x16</size>
         <alignment>0x2</alignment>
         <input_file_ref idref="fl-c"/>
      </object_component>
      <object_component id="oc-5f">
         <name>.text:decompress:ZI:__TI_zero_init_nomemset</name>
         <load_address>0x19804</load_address>
         <readonly>true</readonly>
         <executable>true</executable>
         <run_address>0x19804</run_address>
         <size>0x16</size>
         <alignment>0x2</alignment>
         <input_file_ref idref="fl-46"/>
      </object_component>
      <object_component id="oc-df">
         <name>.text._Z10Sound_Walkv</name>
         <load_address>0x1981c</load_address>
         <readonly>true</readonly>
         <executable>true</executable>
         <run_address>0x1981c</run_address>
         <size>0x14</size>
         <alignment>0x4</alignment>
         <input_file_ref idref="fl-f"/>
      </object_component>
      <object_component id="oc-123">
         <name>.text._ZN5Enemy15SetMoveIntervalEh</name>
         <load_address>0x19830</load_address>
         <readonly>true</readonly>
         <executable>true</executable>
         <run_address>0x19830</run_address>
         <size>0x14</size>
         <alignment>0x2</alignment>
         <input_file_ref idref="fl-4"/>
      </object_component>
      <object_component id="oc-e2">
         <name>.text._ZN6Sprite4setXEi</name>
         <load_address>0x19844</load_address>
         <readonly>true</readonly>
         <executable>true</executable>
         <run_address>0x19844</run_address>
         <size>0x14</size>
         <alignment>0x2</alignment>
         <input_file_ref idref="fl-4"/>
      </object_component>
      <object_component id="oc-e3">
         <name>.text._ZN6Sprite4setYEi</name>
         <load_address>0x19858</load_address>
         <readonly>true</readonly>
         <executable>true</executable>
         <run_address>0x19858</run_address>
         <size>0x14</size>
         <alignment>0x2</alignment>
         <input_file_ref idref="fl-4"/>
      </object_component>
      <object_component id="oc-cf">
         <name>.text.__cxx_global_var_init</name>
         <load_address>0x1986c</load_address>
         <readonly>true</readonly>
         <executable>true</executable>
         <run_address>0x1986c</run_address>
         <size>0x14</size>
         <alignment>0x4</alignment>
         <input_file_ref idref="fl-8"/>
      </object_component>
      <object_component id="oc-ed">
         <name>.text:TI_memcpy_small</name>
         <load_address>0x19880</load_address>
         <readonly>true</readonly>
         <executable>true</executable>
         <run_address>0x19880</run_address>
         <size>0x12</size>
         <alignment>0x1</alignment>
         <input_file_ref idref="fl-11c"/>
      </object_component>
      <object_component id="oc-20">
         <name>.text:decompress:none</name>
         <load_address>0x19892</load_address>
         <readonly>true</readonly>
         <executable>true</executable>
         <run_address>0x19892</run_address>
         <size>0x12</size>
         <alignment>0x2</alignment>
         <input_file_ref idref="fl-47"/>
      </object_component>
      <object_component id="oc-6f">
         <name>.text._GLOBAL__sub_I_Lab9HMain.cpp</name>
         <load_address>0x198a4</load_address>
         <readonly>true</readonly>
         <executable>true</executable>
         <run_address>0x198a4</run_address>
         <size>0x10</size>
         <alignment>0x2</alignment>
         <input_file_ref idref="fl-8"/>
      </object_component>
      <object_component id="oc-18e">
         <name>.text._Z11Clock_Delayj</name>
         <load_address>0x198b4</load_address>
         <readonly>true</readonly>
         <executable>true</executable>
         <run_address>0x198b4</run_address>
         <size>0x10</size>
         <alignment>0x2</alignment>
         <input_file_ref idref="fl-1"/>
      </object_component>
      <object_component id="oc-12a">
         <name>.text._Z28TExaS_LaunchPadLogicPB27PB26v</name>
         <load_address>0x198c4</load_address>
         <readonly>true</readonly>
         <executable>true</executable>
         <run_address>0x198c4</run_address>
         <size>0x10</size>
         <alignment>0x4</alignment>
         <input_file_ref idref="fl-8"/>
      </object_component>
      <object_component id="oc-14a">
         <name>.text._ZN5QueueC2Ev</name>
         <load_address>0x198d4</load_address>
         <readonly>true</readonly>
         <executable>true</executable>
         <run_address>0x198d4</run_address>
         <size>0x10</size>
         <alignment>0x2</alignment>
         <input_file_ref idref="fl-5"/>
      </object_component>
      <object_component id="oc-122">
         <name>.text._ZN6Player10setStaminaEj</name>
         <load_address>0x198e4</load_address>
         <readonly>true</readonly>
         <executable>true</executable>
         <run_address>0x198e4</run_address>
         <size>0x10</size>
         <alignment>0x2</alignment>
         <input_file_ref idref="fl-4"/>
      </object_component>
      <object_component id="oc-d2">
         <name>.text.__cxx_global_var_init</name>
         <load_address>0x198f4</load_address>
         <readonly>true</readonly>
         <executable>true</executable>
         <run_address>0x198f4</run_address>
         <size>0x10</size>
         <alignment>0x4</alignment>
         <input_file_ref idref="fl-14"/>
      </object_component>
      <object_component id="oc-256">
         <name>.text.OUTLINED_FUNCTION_0</name>
         <load_address>0x19904</load_address>
         <readonly>true</readonly>
         <executable>true</executable>
         <run_address>0x19904</run_address>
         <size>0xe</size>
         <alignment>0x2</alignment>
         <input_file_ref idref="fl-40"/>
      </object_component>
      <object_component id="oc-174">
         <name>.text._Z12ST7735_lseekili</name>
         <load_address>0x19912</load_address>
         <readonly>true</readonly>
         <executable>true</executable>
         <run_address>0x19912</run_address>
         <size>0xe</size>
         <alignment>0x2</alignment>
         <input_file_ref idref="fl-c"/>
      </object_component>
      <object_component id="oc-277">
         <name>.text.strcpy</name>
         <load_address>0x19920</load_address>
         <readonly>true</readonly>
         <executable>true</executable>
         <run_address>0x19920</run_address>
         <size>0xe</size>
         <alignment>0x2</alignment>
         <input_file_ref idref="fl-104"/>
      </object_component>
      <object_component id="oc-278">
         <name>.text.strlen</name>
         <load_address>0x1992e</load_address>
         <readonly>true</readonly>
         <executable>true</executable>
         <run_address>0x1992e</run_address>
         <size>0xe</size>
         <alignment>0x2</alignment>
         <input_file_ref idref="fl-104"/>
      </object_component>
      <object_component id="oc-154">
         <name>.text:TI_memset_small</name>
         <load_address>0x1993c</load_address>
         <readonly>true</readonly>
         <executable>true</executable>
         <run_address>0x1993c</run_address>
         <size>0xe</size>
         <alignment>0x1</alignment>
         <input_file_ref idref="fl-11d"/>
      </object_component>
      <object_component id="oc-188">
         <name>.text._Z10Clock_Freqv</name>
         <load_address>0x1994c</load_address>
         <readonly>true</readonly>
         <executable>true</executable>
         <run_address>0x1994c</run_address>
         <size>0xc</size>
         <alignment>0x4</alignment>
         <input_file_ref idref="fl-1"/>
      </object_component>
      <object_component id="oc-172">
         <name>.text._Z13ST7735_renamePKcS0_</name>
         <load_address>0x19958</load_address>
         <readonly>true</readonly>
         <executable>true</executable>
         <run_address>0x19958</run_address>
         <size>0xc</size>
[...]
         <value>0x199fd</value>
         <object_component_ref idref="oc-173"/>
      </symbol>
      <symbol id="sm-21b">
         <name>_Z13ST7735_renamePKcS0_</name>
         <value>0x19959</value>
         <object_component_ref idref="oc-172"/>
      </symbol>
      <symbol id="sm-21c">
         <name>_Z17ST7735_InitPrintf10initRFlags</name>
         <value>0x17ecd</value>
         <object_component_ref idref="oc-fd"/>
      </symbol>
      <symbol id="sm-23a">
         <name>_Z10Sound_Initv</name>
         <value>0x19089</value>
         <object_component_ref idref="oc-105"/>
      </symbol>
      <symbol id="sm-23b">
         <name>SysTick_Handler</name>
         <value>0x18ec5</value>
         <object_component_ref idref="oc-39"/>
      </symbol>
      <symbol id="sm-23c">
         <name>_Z11Sound_StartPKhj</name>
         <value>0x194bd</value>
         <object_component_ref idref="oc-14b"/>
      </symbol>
      <symbol id="sm-23d">
         <name>_Z10Sound_Stopv</name>
         <value>0x19771</value>
         <object_component_ref idref="oc-e0"/>
      </symbol>
      <symbol id="sm-23e">
         <name>_Z10Sound_Walkv</name>
         <value>0x1981d</value>
         <object_component_ref idref="oc-df"/>
      </symbol>
      <symbol id="sm-24b">
         <name>_Z11Switch_Initv</name>
         <value>0x18b69</value>
         <object_component_ref idref="oc-ff"/>
      </symbol>
      <symbol id="sm-24c">
         <name>_Z9Switch_Inv</name>
         <value>0x186cd</value>
         <object_component_ref idref="oc-91"/>
      </symbol>
      <symbol id="sm-262">
         <name>_Z8ADC_InitP10ADC12_Regsjj</name>
         <value>0x16cf1</value>
         <object_component_ref idref="oc-185"/>
      </symbol>
      <symbol id="sm-263">
         <name>_Z9ADC_StartP10ADC12_Regs</name>
         <value>0x195a5</value>
         <object_component_ref idref="oc-186"/>
      </symbol>
      <symbol id="sm-264">
         <name>_Z9UART_Initv</name>
         <value>0x1764d</value>
         <object_component_ref idref="oc-187"/>
      </symbol>
      <symbol id="sm-265">
         <name>TIMG7_IRQHandler</name>
         <value>0x18f09</value>
         <object_component_ref idref="oc-43"/>
      </symbol>
      <symbol id="sm-266">
         <name>TExaSadc</name>
         <value>0x20200ca4</value>
         <object_component_ref idref="oc-88"/>
      </symbol>
      <symbol id="sm-267">
         <name>TExaSLogic</name>
         <value>0x20200ca0</value>
         <object_component_ref idref="oc-89"/>
      </symbol>
      <symbol id="sm-268">
         <name>_Z10TExaS_InitP10ADC12_RegsjPFhvE</name>
         <value>0x18ab9</value>
         <object_component_ref idref="oc-106"/>
      </symbol>
      <symbol id="sm-275">
         <name>_Z14TimerG7_IntArmtjj</name>
         <value>0x17d81</value>
         <object_component_ref idref="oc-18d"/>
      </symbol>
      <symbol id="sm-276">
         <name>_Z15TimerG12_IntArmjj</name>
         <value>0x18141</value>
         <object_component_ref idref="oc-10f"/>
      </symbol>
      <symbol id="sm-288">
         <name>Uart2RxQueue</name>
         <value>0x20200828</value>
         <object_component_ref idref="oc-84"/>
      </symbol>
      <symbol id="sm-289">
         <name>UART2_IRQHandler</name>
         <value>0x189ad</value>
         <object_component_ref idref="oc-3e"/>
      </symbol>
      <symbol id="sm-28a">
         <name>Uart2LostData</name>
         <value>0x2020089c</value>
         <object_component_ref idref="oc-85"/>
      </symbol>
      <symbol id="sm-29c">
         <name>Default_Handler</name>
         <value>0x19739</value>
         <object_component_ref idref="oc-37"/>
      </symbol>
      <symbol id="sm-29d">
         <name>Reset_Handler</name>
         <value>0x19a3b</value>
         <object_component_ref idref="oc-33"/>
      </symbol>
      <symbol id="sm-29e">
         <name>HardFault_Handler</name>
         <value>0x19755</value>
         <object_component_ref idref="oc-38"/>
      </symbol>
      <symbol id="sm-29f">
         <name>interruptVectors</name>
         <value>0x0</value>
         <object_component_ref idref="oc-18"/>
      </symbol>
      <symbol id="sm-2a0">
         <name>NMI_Handler</name>
         <value>0x19739</value>
         <object_component_ref idref="oc-37"/>
      </symbol>
      <symbol id="sm-2a1">
         <name>SVC_Handler</name>
         <value>0x19739</value>
         <object_component_ref idref="oc-37"/>
      </symbol>
      <symbol id="sm-2a2">
         <name>PendSV_Handler</name>
         <value>0x19739</value>
         <object_component_ref idref="oc-37"/>
      </symbol>
      <symbol id="sm-2a3">
         <name>GROUP0_IRQHandler</name>
         <value>0x19739</value>
         <object_component_ref idref="oc-37"/>
      </symbol>
      <symbol id="sm-2a4">
         <name>GROUP1_IRQHandler</name>
         <value>0x19739</value>
         <object_component_ref idref="oc-37"/>
      </symbol>
      <symbol id="sm-2a5">
         <name>TIMG8_IRQHandler</name>
         <value>0x19739</value>
         <object_component_ref idref="oc-37"/>
      </symbol>
      <symbol id="sm-2a6">
         <name>UART3_IRQHandler</name>
         <value>0x19739</value>
         <object_component_ref idref="oc-37"/>
      </symbol>
      <symbol id="sm-2a7">
         <name>ADC0_IRQHandler</name>
         <value>0x19739</value>
         <object_component_ref idref="oc-37"/>
      </symbol>
      <symbol id="sm-2a8">
         <name>ADC1_IRQHandler</name>
         <value>0x19739</value>
         <object_component_ref idref="oc-37"/>
      </symbol>
      <symbol id="sm-2a9">
         <name>CANFD0_IRQHandler</name>
         <value>0x19739</value>
         <object_component_ref idref="oc-37"/>
      </symbol>
      <symbol id="sm-2aa">
         <name>DAC0_IRQHandler</name>
         <value>0x19739</value>
         <object_component_ref idref="oc-37"/>
      </symbol>
      <symbol id="sm-2ab">
         <name>SPI0_IRQHandler</name>
         <value>0x19739</value>
         <object_component_ref idref="oc-37"/>
      </symbol>
      <symbol id="sm-2ac">
         <name>SPI1_IRQHandler</name>
         <value>0x19739</value>
         <object_component_ref idref="oc-37"/>
      </symbol>
      <symbol id="sm-2ad">
         <name>UART1_IRQHandler</name>
         <value>0x19739</value>
         <object_component_ref idref="oc-37"/>
      </symbol>
      <symbol id="sm-2ae">
         <name>UART0_IRQHandler</name>
         <value>0x19739</value>
         <object_component_ref idref="oc-37"/>
      </symbol>
      <symbol id="sm-2af">
         <name>TIMG0_IRQHandler</name>
         <value>0x19739</value>
         <object_component_ref idref="oc-37"/>
      </symbol>
      <symbol id="sm-2b0">
         <name>TIMG6_IRQHandler</name>
         <value>0x19739</value>
         <object_component_ref idref="oc-37"/>
      </symbol>
      <symbol id="sm-2b1">
         <name>TIMA0_IRQHandler</name>
         <value>0x19739</value>
         <object_component_ref idref="oc-37"/>
      </symbol>
      <symbol id="sm-2b2">
         <name>TIMA1_IRQHandler</name>
         <value>0x19739</value>
         <object_component_ref idref="oc-37"/>
      </symbol>
      <symbol id="sm-2b3">
         <name>I2C0_IRQHandler</name>
         <value>0x19739</value>
         <object_component_ref idref="oc-37"/>
      </symbol>
      <symbol id="sm-2b4">
         <name>I2C1_IRQHandler</name>
         <value>0x19739</value>
         <object_component_ref idref="oc-37"/>
      </symbol>
      <symbol id="sm-2b5">
         <name>AES_IRQHandler</name>
         <value>0x19739</value>
         <object_component_ref idref="oc-37"/>
      </symbol>
      <symbol id="sm-2b6">
         <name>RTC_IRQHandler</name>
         <value>0x19739</value>
         <object_component_ref idref="oc-37"/>
      </symbol>
      <symbol id="sm-2b7">
         <name>DMA_IRQHandler</name>
         <value>0x19739</value>
         <object_component_ref idref="oc-37"/>
      </symbol>
      <symbol id="sm-2b8">
         <name>__TI_ATRegion0_src_addr</name>
         <value>0x0</value>
      </symbol>
      <symbol id="sm-2b9">
         <name>__TI_ATRegion0_trg_addr</name>
         <value>0x0</value>
      </symbol>
      <symbol id="sm-2ba">
         <name>__TI_ATRegion0_region_sz</name>
         <value>0x0</value>
      </symbol>
      <symbol id="sm-2bb">
         <name>__TI_ATRegion1_src_addr</name>
         <value>0x0</value>
      </symbol>
      <symbol id="sm-2bc">
         <name>__TI_ATRegion1_trg_addr</name>
         <value>0x0</value>
      </symbol>
      <symbol id="sm-2bd">
         <name>__TI_ATRegion1_region_sz</name>
         <value>0x0</value>
      </symbol>
      <symbol id="sm-2be">
         <name>__TI_ATRegion2_src_addr</name>
         <value>0x0</value>
      </symbol>
      <symbol id="sm-2bf">
         <name>__TI_ATRegion2_trg_addr</name>
         <value>0x0</value>
      </symbol>
      <symbol id="sm-2c0">
         <name>__TI_ATRegion2_region_sz</name>
         <value>0x0</value>
      </symbol>
      <symbol id="sm-2d9">
         <name>fopen</name>
         <value>0x1951d</value>
         <object_component_ref idref="oc-167"/>
      </symbol>
      <symbol id="sm-2da">
         <name>__TI_cleanup</name>
         <value>0x19321</value>
         <object_component_ref idref="oc-1f9"/>
      </symbol>
      <symbol id="sm-2db">
         <name>freopen</name>
         <value>0x19425</value>
         <object_component_ref idref="oc-16d"/>
      </symbol>
      <symbol id="sm-2e5">
         <name>setvbuf</name>
         <value>0x1781d</value>
         <object_component_ref idref="oc-16e"/>
      </symbol>
      <symbol id="sm-2f4">
         <name>abort</name>
         <value>0x19a35</value>
         <object_component_ref idref="oc-12c"/>
      </symbol>
      <symbol id="sm-2f5">
         <name>__TI_cleanup_ptr</name>
         <value>0x20200888</value>
         <object_component_ref idref="oc-1c8"/>
      </symbol>
      <symbol id="sm-2f6">
         <name>__TI_dtors_ptr</name>
         <value>0x2020088c</value>
         <object_component_ref idref="oc-1c8"/>
      </symbol>
      <symbol id="sm-2f7">
         <name>exit</name>
         <value>0x193bd</value>
         <object_component_ref idref="oc-131"/>
      </symbol>
      <symbol id="sm-300">
         <name>_nop</name>
         <value>0x17ecb</value>
         <object_component_ref idref="oc-20e"/>
      </symbol>
      <symbol id="sm-301">
         <name>_lock</name>
         <value>0x202008a4</value>
         <object_component_ref idref="oc-1c6"/>
      </symbol>
      <symbol id="sm-302">
         <name>_unlock</name>
         <value>0x202008a8</value>
         <object_component_ref idref="oc-1c9"/>
      </symbol>
      <symbol id="sm-308">
         <name>_ftable</name>
         <value>0x20200640</value>
         <object_component_ref idref="oc-17c"/>
      </symbol>
      <symbol id="sm-309">
         <name>__TI_ft_end</name>
         <value>0x202008a0</value>
         <object_component_ref idref="oc-23f"/>
      </symbol>
      <symbol id="sm-30a">
         <name>__TI_tmpnams</name>
         <value>0x20200be8</value>
         <object_component_ref idref="oc-252"/>
      </symbol>
      <symbol id="sm-32d">
         <name>malloc</name>
         <value>0x199dd</value>
         <object_component_ref idref="oc-1f8"/>
      </symbol>
      <symbol id="sm-32e">
         <name>aligned_alloc</name>
         <value>0x17045</value>
         <object_component_ref idref="oc-258"/>
      </symbol>
      <symbol id="sm-32f">
         <name>free</name>
         <value>0x17735</value>
         <object_component_ref idref="oc-1f6"/>
      </symbol>
      <symbol id="sm-330">
         <name>_sys_memory</name>
         <value>0x202008c8</value>
         <object_component_ref idref="oc-31"/>
      </symbol>
      <symbol id="sm-331">
         <name>memalign</name>
         <value>0x17045</value>
         <object_component_ref idref="oc-258"/>
      </symbol>
      <symbol id="sm-33c">
         <name>_c_int00_noargs</name>
         <value>0x19645</value>
         <object_component_ref idref="oc-68"/>
      </symbol>
      <symbol id="sm-33d">
         <name>__stack</name>
         <value>0x20207e00</value>
         <object_component_ref idref="oc-1a"/>
      </symbol>
      <symbol id="sm-349">
         <name>__TI_auto_init_nobinit</name>
         <value>0x18c11</value>
         <object_component_ref idref="oc-139"/>
      </symbol>
      <symbol id="sm-351">
         <name>_system_pre_init</name>
         <value>0x19a3f</value>
         <object_component_ref idref="oc-c0"/>
      </symbol>
      <symbol id="sm-35c">
         <name>__TI_zero_init_nomemset</name>
         <value>0x19805</value>
         <object_component_ref idref="oc-5f"/>
      </symbol>
      <symbol id="sm-365">
         <name>__TI_decompress_none</name>
         <value>0x19893</value>
         <object_component_ref idref="oc-20"/>
      </symbol>
      <symbol id="sm-370">
         <name>__TI_decompress_lzss</name>
         <value>0x1856d</value>
         <object_component_ref idref="oc-1c"/>
      </symbol>
      <symbol id="sm-37c">
         <name>__TI_closefile</name>
         <value>0x184f1</value>
         <object_component_ref idref="oc-1f0"/>
      </symbol>
      <symbol id="sm-386">
         <name>__TI_doflush</name>
         <value>0x18c65</value>
         <object_component_ref idref="oc-244"/>
      </symbol>
      <symbol id="sm-399">
         <name>HOSTexit</name>
         <value>0x1825d</value>
         <object_component_ref idref="oc-1c0"/>
      </symbol>
      <symbol id="sm-39a">
         <name>C$$EXIT</name>
         <value>0x1825c</value>
         <object_component_ref idref="oc-1c0"/>
      </symbol>
      <symbol id="sm-3a4">
         <name>write</name>
         <value>0x1961d</value>
         <object_component_ref idref="oc-281"/>
      </symbol>
      <symbol id="sm-3a9">
         <name>_device</name>
         <value>0x20200730</value>
         <object_component_ref idref="oc-1e7"/>
      </symbol>
      <symbol id="sm-3aa">
         <name>_stream</name>
         <value>0x202007a8</value>
         <object_component_ref idref="oc-27d"/>
      </symbol>
      <symbol id="sm-3b3">
         <name>remove</name>
         <value>0x19a2d</value>
         <object_component_ref idref="oc-24e"/>
      </symbol>
      <symbol id="sm-3bf">
         <name>open</name>
         <value>0x17f6d</value>
         <object_component_ref idref="oc-240"/>
      </symbol>
      <symbol id="sm-3ca">
         <name>close</name>
         <value>0x18d09</value>
         <object_component_ref idref="oc-24a"/>
      </symbol>
      <symbol id="sm-3d6">
         <name>add_device</name>
         <value>0x17561</value>
         <object_component_ref idref="oc-163"/>
      </symbol>
      <symbol id="sm-3e0">
         <name>unlink</name>
         <value>0x19579</value>
         <object_component_ref idref="oc-28a"/>
      </symbol>
      <symbol id="sm-3ea">
         <name>HOSTclose</name>
         <value>0x18da5</value>
         <object_component_ref idref="oc-222"/>
      </symbol>
      <symbol id="sm-3f4">
         <name>HOSTlseek</name>
         <value>0x1873d</value>
         <object_component_ref idref="oc-22e"/>
      </symbol>
      <symbol id="sm-3fe">
         <name>HOSTopen</name>
         <value>0x1894d</value>
         <object_component_ref idref="oc-21e"/>
      </symbol>
      <symbol id="sm-3ff">
         <name>parmbuf</name>
         <value>0x20200c94</value>
         <object_component_ref idref="oc-264"/>
      </symbol>
      <symbol id="sm-409">
         <name>HOSTread</name>
         <value>0x18a09</value>
         <object_component_ref idref="oc-226"/>
      </symbol>
      <symbol id="sm-41a">
         <name>HOSTrename</name>
         <value>0x187a9</value>
         <object_component_ref idref="oc-236"/>
      </symbol>
      <symbol id="sm-424">
         <name>HOSTunlink</name>
         <value>0x18ded</value>
         <object_component_ref idref="oc-232"/>
      </symbol>
      <symbol id="sm-42e">
         <name>HOSTwrite</name>
         <value>0x18a61</value>
         <object_component_ref idref="oc-22a"/>
      </symbol>
      <symbol id="sm-43c">
         <name>C$$IO$$</name>
         <value>0x193b5</value>
         <object_component_ref idref="oc-25d"/>
      </symbol>
      <symbol id="sm-43d">
         <name>__TI_writemsg</name>
         <value>0x19389</value>
         <object_component_ref idref="oc-25d"/>
      </symbol>
      <symbol id="sm-43e">
         <name>__CIOBUF_</name>
         <value>0x20200ac8</value>
         <object_component_ref idref="oc-295"/>
      </symbol>
      <symbol id="sm-43f">
         <name>__TI_readmsg</name>
         <value>0x19355</value>
         <object_component_ref idref="oc-263"/>
      </symbol>
      <symbol id="sm-440">
         <name>_CIOBUF_</name>
         <value>0x20200ac8</value>
         <object_component_ref idref="oc-295"/>
      </symbol>
      <symbol id="sm-446">
         <name>__aeabi_idiv</name>
         <value>0x18b11</value>
         <object_component_ref idref="oc-11c"/>
      </symbol>
      <symbol id="sm-447">
         <name>__aeabi_idivmod</name>
         <value>0x18b11</value>
         <object_component_ref idref="oc-11c"/>
      </symbol>
      <symbol id="sm-44d">
         <name>__aeabi_memcpy</name>
         <value>0x19a25</value>
         <object_component_ref idref="oc-58"/>
      </symbol>
      <symbol id="sm-44e">
         <name>__aeabi_memcpy4</name>
         <value>0x19a25</value>
         <object_component_ref idref="oc-58"/>
      </symbol>
      <symbol id="sm-44f">
         <name>__aeabi_memcpy8</name>
         <value>0x19a25</value>
         <object_component_ref idref="oc-58"/>
      </symbol>
      <symbol id="sm-456">
         <name>__aeabi_memclr</name>
         <value>0x199d1</value>
         <object_component_ref idref="oc-bb"/>
      </symbol>
      <symbol id="sm-457">
         <name>__aeabi_memclr4</name>
         <value>0x199d1</value>
         <object_component_ref idref="oc-bb"/>
      </symbol>
      <symbol id="sm-458">
         <name>__aeabi_memclr8</name>
         <value>0x199d1</value>
         <object_component_ref idref="oc-bb"/>
      </symbol>
      <symbol id="sm-45e">
         <name>__aeabi_uidiv</name>
         <value>0x19009</value>
         <object_component_ref idref="oc-189"/>
      </symbol>
      <symbol id="sm-45f">
         <name>__aeabi_uidivmod</name>
         <value>0x19009</value>
         <object_component_ref idref="oc-189"/>
      </symbol>
      <symbol id="sm-46a">
         <name>__aeabi_idiv0</name>
         <value>0x17373</value>
         <object_component_ref idref="oc-1ab"/>
      </symbol>
      <symbol id="sm-478">
         <name>finddevice</name>
         <value>0x193f1</value>
         <object_component_ref idref="oc-1e0"/>
      </symbol>
      <symbol id="sm-479">
         <name>getdevice</name>
         <value>0x18815</value>
         <object_component_ref idref="oc-27b"/>
      </symbol>
      <symbol id="sm-482">
         <name>TI_memcpy_small</name>
         <value>0x19881</value>
         <object_component_ref idref="oc-ed"/>
      </symbol>
      <symbol id="sm-48b">
         <name>TI_memset_small</name>
         <value>0x1993d</value>
         <object_component_ref idref="oc-154"/>
      </symbol>
      <symbol id="sm-493">
         <name>strcmp</name>
         <value>0x18261</value>
         <object_component_ref idref="oc-218"/>
      </symbol>
      <symbol id="sm-494">
         <name>__TI_static_base__</name>
         <value>0x0</value>
      </symbol>
      <symbol id="sm-497">
         <name>__mpu_init</name>
         <value>0x0</value>
      </symbol>
      <symbol id="sm-498">
         <name>_system_post_cinit</name>
         <value>0x0</value>
      </symbol>
   </symbol_table>
   <title>Link successful</title>
</link_info>
