<?xml version="1.0" encoding="ISO-8859-1" ?>
<link_info>
   <banner>TI ARM Clang Linker Unix v4.0.4.LTS</banner>
   <copyright>Copyright (c) 1996-2018 Texas Instruments Incorporated</copyright>
   <command_line>/Applications/ti/ccs2040/ccs/tools/compiler/ti-cgt-armllvm_4.0.4.LTS/bin/tiarmlnk -I/Applications/ti/ccs2040/ccs/tools/compiler/ti-cgt-armllvm_4.0.4.LTS/lib -o ECE319K_Lab9H.out -mECE319K_Lab9H.map --heap_size=512 --stack_size=512 -i/Users/karthikkurapati/Downloads/MSPM0_ValvanoWare/ECE319K_Lab9H/Debug/syscfg -i/Applications/ti/ccs2040/ccs/tools/compiler/ti-cgt-armllvm_4.0.4.LTS/lib --diag_wrap=off --display_error_number --warn_sections --xml_link_info=ECE319K_Lab9H_linkInfo.xml --rom_model ./Clock.o ./DAC5.o ./Entities.o ./FIFO2.o ./Joystick.o ./LED.o ./Lab9HMain.o ./LaunchPad.o ./Menu.o ./SPI.o ./ST7735.o ./SlidePot.o ./SmallFont.o ./Sound.o ./Switch.o ./TExaS.o ./Timer.o ./UART1.o ./UART1Recieve.o ./images/pipedreams/PipeSound.o ./ticlang/startup_mspm0g3507_ticlang.o ../mspm0g3507.cmd -l/Applications/ti/mspm0_sdk_2_09_00_01/source/ti/driverlib/lib/ticlang/m0p/mspm0g1x0x_g3x0x/driverlib.a -llibc.a --start-group -llibc++.a -llibc++abi.a -llibc.a -llibsys.a -llibsysbm.a -llibclang_rt.builtins.a -llibclang_rt.profile.a --end-group --cg_opt_level=0</command_line>
   <link_time>0x69e95dc3</link_time>
   <link_errors>0x0</link_errors>
   <output_file>/Users/karthikkurapati/Downloads/MSPM0_ValvanoWare/ECE319K_Lab9H/Debug/ECE319K_Lab9H.out</output_file>
   <entry_point>
      <name>_c_int00_noargs</name>
      <address>0x19079</address>
   </entry_point>
   <input_file_list>
      <input_file id="fl-1">
         <path>/Users/karthikkurapati/Downloads/MSPM0_ValvanoWare/ECE319K_Lab9H/Debug/./</path>
         <kind>object</kind>
         <file>Clock.o</file>
         <name>Clock.o</name>
      </input_file>
      <input_file id="fl-2">
         <path>/Users/karthikkurapati/Downloads/MSPM0_ValvanoWare/ECE319K_Lab9H/Debug/./</path>
         <kind>object</kind>
         <file>DAC5.o</file>
         <name>DAC5.o</name>
      </input_file>
      <input_file id="fl-3">
         <path>/Users/karthikkurapati/Downloads/MSPM0_ValvanoWare/ECE319K_Lab9H/Debug/./</path>
         <kind>object</kind>
         <file>Entities.o</file>
         <name>Entities.o</name>
      </input_file>
      <input_file id="fl-4">
         <path>/Users/karthikkurapati/Downloads/MSPM0_ValvanoWare/ECE319K_Lab9H/Debug/./</path>
         <kind>object</kind>
         <file>FIFO2.o</file>
         <name>FIFO2.o</name>
      </input_file>
      <input_file id="fl-5">
         <path>/Users/karthikkurapati/Downloads/MSPM0_ValvanoWare/ECE319K_Lab9H/Debug/./</path>
         <kind>object</kind>
         <file>Joystick.o</file>
         <name>Joystick.o</name>
      </input_file>
      <input_file id="fl-6">
         <path>/Users/karthikkurapati/Downloads/MSPM0_ValvanoWare/ECE319K_Lab9H/Debug/./</path>
         <kind>object</kind>
         <file>LED.o</file>
         <name>LED.o</name>
      </input_file>
      <input_file id="fl-7">
         <path>/Users/karthikkurapati/Downloads/MSPM0_ValvanoWare/ECE319K_Lab9H/Debug/./</path>
         <kind>object</kind>
         <file>Lab9HMain.o</file>
         <name>Lab9HMain.o</name>
      </input_file>
      <input_file id="fl-8">
         <path>/Users/karthikkurapati/Downloads/MSPM0_ValvanoWare/ECE319K_Lab9H/Debug/./</path>
         <kind>object</kind>
         <file>LaunchPad.o</file>
         <name>LaunchPad.o</name>
      </input_file>
      <input_file id="fl-9">
         <path>/Users/karthikkurapati/Downloads/MSPM0_ValvanoWare/ECE319K_Lab9H/Debug/./</path>
         <kind>object</kind>
         <file>Menu.o</file>
         <name>Menu.o</name>
      </input_file>
      <input_file id="fl-a">
         <path>/Users/karthikkurapati/Downloads/MSPM0_ValvanoWare/ECE319K_Lab9H/Debug/./</path>
         <kind>object</kind>
         <file>SPI.o</file>
         <name>SPI.o</name>
      </input_file>
      <input_file id="fl-b">
         <path>/Users/karthikkurapati/Downloads/MSPM0_ValvanoWare/ECE319K_Lab9H/Debug/./</path>
         <kind>object</kind>
         <file>ST7735.o</file>
         <name>ST7735.o</name>
      </input_file>
      <input_file id="fl-c">
         <path>/Users/karthikkurapati/Downloads/MSPM0_ValvanoWare/ECE319K_Lab9H/Debug/./</path>
         <kind>object</kind>
         <file>SlidePot.o</file>
         <name>SlidePot.o</name>
      </input_file>
      <input_file id="fl-d">
         <path>/Users/karthikkurapati/Downloads/MSPM0_ValvanoWare/ECE319K_Lab9H/Debug/./</path>
         <kind>object</kind>
         <file>SmallFont.o</file>
         <name>SmallFont.o</name>
      </input_file>
      <input_file id="fl-e">
         <path>/Users/karthikkurapati/Downloads/MSPM0_ValvanoWare/ECE319K_Lab9H/Debug/./</path>
         <kind>object</kind>
         <file>Sound.o</file>
         <name>Sound.o</name>
      </input_file>
      <input_file id="fl-f">
         <path>/Users/karthikkurapati/Downloads/MSPM0_ValvanoWare/ECE319K_Lab9H/Debug/./</path>
         <kind>object</kind>
         <file>Switch.o</file>
         <name>Switch.o</name>
      </input_file>
      <input_file id="fl-10">
         <path>/Users/karthikkurapati/Downloads/MSPM0_ValvanoWare/ECE319K_Lab9H/Debug/./</path>
         <kind>object</kind>
         <file>TExaS.o</file>
         <name>TExaS.o</name>
      </input_file>
      <input_file id="fl-11">
         <path>/Users/karthikkurapati/Downloads/MSPM0_ValvanoWare/ECE319K_Lab9H/Debug/./</path>
         <kind>object</kind>
         <file>Timer.o</file>
         <name>Timer.o</name>
      </input_file>
      <input_file id="fl-12">
         <path>/Users/karthikkurapati/Downloads/MSPM0_ValvanoWare/ECE319K_Lab9H/Debug/./</path>
         <kind>object</kind>
         <file>UART1.o</file>
         <name>UART1.o</name>
      </input_file>
      <input_file id="fl-13">
         <path>/Users/karthikkurapati/Downloads/MSPM0_ValvanoWare/ECE319K_Lab9H/Debug/./</path>
         <kind>object</kind>
         <file>UART1Recieve.o</file>
         <name>UART1Recieve.o</name>
      </input_file>
      <input_file id="fl-14">
         <path>/Users/karthikkurapati/Downloads/MSPM0_ValvanoWare/ECE319K_Lab9H/Debug/./images/pipedreams/</path>
         <kind>object</kind>
         <file>PipeSound.o</file>
         <name>PipeSound.o</name>
      </input_file>
      <input_file id="fl-15">
         <path>/Users/karthikkurapati/Downloads/MSPM0_ValvanoWare/ECE319K_Lab9H/Debug/./ticlang/</path>
         <kind>object</kind>
         <file>startup_mspm0g3507_ticlang.o</file>
         <name>startup_mspm0g3507_ticlang.o</name>
      </input_file>
      <input_file id="fl-21">
         <path>/Users/karthikkurapati/Downloads/MSPM0_ValvanoWare/ECE319K_Lab9H/Debug/</path>
         <kind>object</kind>
         <file>&lt;internal&gt;</file>
         <name>&lt;internal&gt;</name>
      </input_file>
      <input_file id="fl-38">
         <path>/Applications/ti/ccs2040/ccs/tools/compiler/ti-cgt-armllvm_4.0.4.LTS/lib/armv6m-ti-none-eabi/c/</path>
         <kind>archive</kind>
         <file>libc.a</file>
         <name>fopen.c.obj</name>
      </input_file>
      <input_file id="fl-39">
         <path>/Applications/ti/ccs2040/ccs/tools/compiler/ti-cgt-armllvm_4.0.4.LTS/lib/armv6m-ti-none-eabi/c/</path>
         <kind>archive</kind>
         <file>libc.a</file>
         <name>setvbuf.c.obj</name>
      </input_file>
      <input_file id="fl-3a">
         <path>/Applications/ti/ccs2040/ccs/tools/compiler/ti-cgt-armllvm_4.0.4.LTS/lib/armv6m-ti-none-eabi/c/</path>
         <kind>archive</kind>
         <file>libc.a</file>
         <name>aeabi_portable.c.obj</name>
      </input_file>
      <input_file id="fl-3b">
         <path>/Applications/ti/ccs2040/ccs/tools/compiler/ti-cgt-armllvm_4.0.4.LTS/lib/armv6m-ti-none-eabi/c/</path>
         <kind>archive</kind>
         <file>libc.a</file>
         <name>exit.c.obj</name>
      </input_file>
      <input_file id="fl-3c">
         <path>/Applications/ti/ccs2040/ccs/tools/compiler/ti-cgt-armllvm_4.0.4.LTS/lib/armv6m-ti-none-eabi/c/</path>
         <kind>archive</kind>
         <file>libc.a</file>
         <name>_lock.c.obj</name>
      </input_file>
      <input_file id="fl-3d">
         <path>/Applications/ti/ccs2040/ccs/tools/compiler/ti-cgt-armllvm_4.0.4.LTS/lib/armv6m-ti-none-eabi/c/</path>
         <kind>archive</kind>
         <file>libc.a</file>
         <name>assert.c.obj</name>
      </input_file>
      <input_file id="fl-3e">
         <path>/Applications/ti/ccs2040/ccs/tools/compiler/ti-cgt-armllvm_4.0.4.LTS/lib/armv6m-ti-none-eabi/c/</path>
         <kind>archive</kind>
         <file>libc.a</file>
         <name>defs.c.obj</name>
      </input_file>
      <input_file id="fl-3f">
         <path>/Applications/ti/ccs2040/ccs/tools/compiler/ti-cgt-armllvm_4.0.4.LTS/lib/armv6m-ti-none-eabi/c/</path>
         <kind>archive</kind>
         <file>libc.a</file>
         <name>memory.c.obj</name>
      </input_file>
      <input_file id="fl-40">
         <path>/Applications/ti/ccs2040/ccs/tools/compiler/ti-cgt-armllvm_4.0.4.LTS/lib/armv6m-ti-none-eabi/c/</path>
         <kind>archive</kind>
         <file>libc.a</file>
         <name>boot_cortex_m.c.obj</name>
      </input_file>
      <input_file id="fl-41">
         <path>/Applications/ti/ccs2040/ccs/tools/compiler/ti-cgt-armllvm_4.0.4.LTS/lib/armv6m-ti-none-eabi/c/</path>
         <kind>archive</kind>
         <file>libc.a</file>
         <name>mathacl_init.c.obj</name>
      </input_file>
      <input_file id="fl-42">
         <path>/Applications/ti/ccs2040/ccs/tools/compiler/ti-cgt-armllvm_4.0.4.LTS/lib/armv6m-ti-none-eabi/c/</path>
         <kind>archive</kind>
         <file>libc.a</file>
         <name>autoinit.c.obj</name>
      </input_file>
      <input_file id="fl-43">
         <path>/Applications/ti/ccs2040/ccs/tools/compiler/ti-cgt-armllvm_4.0.4.LTS/lib/armv6m-ti-none-eabi/c/</path>
         <kind>archive</kind>
         <file>libc.a</file>
         <name>pre_init.c.obj</name>
      </input_file>
      <input_file id="fl-44">
         <path>/Applications/ti/ccs2040/ccs/tools/compiler/ti-cgt-armllvm_4.0.4.LTS/lib/armv6m-ti-none-eabi/c/</path>
         <kind>archive</kind>
         <file>libc.a</file>
         <name>cpy_tbl.c.obj</name>
      </input_file>
      <input_file id="fl-45">
         <path>/Applications/ti/ccs2040/ccs/tools/compiler/ti-cgt-armllvm_4.0.4.LTS/lib/armv6m-ti-none-eabi/c/</path>
         <kind>archive</kind>
         <file>libc.a</file>
         <name>copy_zero_init.c.obj</name>
      </input_file>
      <input_file id="fl-46">
         <path>/Applications/ti/ccs2040/ccs/tools/compiler/ti-cgt-armllvm_4.0.4.LTS/lib/armv6m-ti-none-eabi/c/</path>
         <kind>archive</kind>
         <file>libc.a</file>
         <name>copy_decompress_none.c.obj</name>
      </input_file>
      <input_file id="fl-47">
         <path>/Applications/ti/ccs2040/ccs/tools/compiler/ti-cgt-armllvm_4.0.4.LTS/lib/armv6m-ti-none-eabi/c/</path>
         <kind>archive</kind>
         <file>libc.a</file>
         <name>copy_decompress_lzss.c.obj</name>
      </input_file>
      <input_file id="fl-48">
         <path>/Applications/ti/ccs2040/ccs/tools/compiler/ti-cgt-armllvm_4.0.4.LTS/lib/armv6m-ti-none-eabi/c/</path>
         <kind>archive</kind>
         <file>libc.a</file>
         <name>sprintf.c.obj</name>
      </input_file>
      <input_file id="fl-49">
         <path>/Applications/ti/ccs2040/ccs/tools/compiler/ti-cgt-armllvm_4.0.4.LTS/lib/armv6m-ti-none-eabi/c/</path>
         <kind>archive</kind>
         <file>libc.a</file>
         <name>fclose.c.obj</name>
      </input_file>
      <input_file id="fl-4a">
         <path>/Applications/ti/ccs2040/ccs/tools/compiler/ti-cgt-armllvm_4.0.4.LTS/lib/armv6m-ti-none-eabi/c/</path>
         <kind>archive</kind>
         <file>libc.a</file>
         <name>fflush.c.obj</name>
      </input_file>
      <input_file id="fl-4b">
         <path>/Applications/ti/ccs2040/ccs/tools/compiler/ti-cgt-armllvm_4.0.4.LTS/lib/armv6m-ti-none-eabi/c/</path>
         <kind>archive</kind>
         <file>libc.a</file>
         <name>fputs.c.obj</name>
      </input_file>
      <input_file id="fl-4c">
         <path>/Applications/ti/ccs2040/ccs/tools/compiler/ti-cgt-armllvm_4.0.4.LTS/lib/armv6m-ti-none-eabi/c/</path>
         <kind>archive</kind>
         <file>libc.a</file>
         <name>_io_perm.c.obj</name>
      </input_file>
      <input_file id="fl-4d">
         <path>/Applications/ti/ccs2040/ccs/tools/compiler/ti-cgt-armllvm_4.0.4.LTS/lib/armv6m-ti-none-eabi/c/</path>
         <kind>archive</kind>
         <file>libc.a</file>
         <name>args_main.c.obj</name>
      </input_file>
      <input_file id="fl-4e">
         <path>/Applications/ti/ccs2040/ccs/tools/compiler/ti-cgt-armllvm_4.0.4.LTS/lib/armv6m-ti-none-eabi/c/</path>
         <kind>archive</kind>
         <file>libc.a</file>
         <name>_printfi.c.obj</name>
      </input_file>
      <input_file id="fl-4f">
         <path>/Applications/ti/ccs2040/ccs/tools/compiler/ti-cgt-armllvm_4.0.4.LTS/lib/armv6m-ti-none-eabi/c/</path>
         <kind>archive</kind>
         <file>libc.a</file>
         <name>fseek.c.obj</name>
      </input_file>
      <input_file id="fl-50">
         <path>/Applications/ti/ccs2040/ccs/tools/compiler/ti-cgt-armllvm_4.0.4.LTS/lib/armv6m-ti-none-eabi/c/</path>
         <kind>archive</kind>
         <file>libc.a</file>
         <name>_ltoa.c.obj</name>
      </input_file>
      <input_file id="fl-51">
         <path>/Applications/ti/ccs2040/ccs/tools/compiler/ti-cgt-armllvm_4.0.4.LTS/lib/armv6m-ti-none-eabi/c/</path>
         <kind>archive</kind>
         <file>libc.a</file>
         <name>atoi.c.obj</name>
      </input_file>
      <input_file id="fl-52">
         <path>/Applications/ti/ccs2040/ccs/tools/compiler/ti-cgt-armllvm_4.0.4.LTS/lib/armv6m-ti-none-eabi/c/</path>
         <kind>archive</kind>
         <file>libc.a</file>
         <name>memccpy.c.obj</name>
      </input_file>
      <input_file id="fl-53">
         <path>/Applications/ti/ccs2040/ccs/tools/compiler/ti-cgt-armllvm_4.0.4.LTS/lib/armv6m-ti-none-eabi/c/</path>
         <kind>archive</kind>
         <file>libc.a</file>
         <name>s_frexp.c.obj</name>
      </input_file>
      <input_file id="fl-54">
         <path>/Applications/ti/ccs2040/ccs/tools/compiler/ti-cgt-armllvm_4.0.4.LTS/lib/armv6m-ti-none-eabi/c/</path>
         <kind>archive</kind>
         <file>libc.a</file>
         <name>s_scalbn.c.obj</name>
      </input_file>
      <input_file id="fl-55">
         <path>/Applications/ti/ccs2040/ccs/tools/compiler/ti-cgt-armllvm_4.0.4.LTS/lib/armv6m-ti-none-eabi/c/</path>
         <kind>archive</kind>
         <file>libc.a</file>
         <name>wcslen.c.obj</name>
      </input_file>
      <input_file id="fl-56">
         <path>/Applications/ti/ccs2040/ccs/tools/compiler/ti-cgt-armllvm_4.0.4.LTS/lib/armv6m-ti-none-eabi/c/</path>
         <kind>archive</kind>
         <file>libc.a</file>
         <name>aeabi_ctype.S.obj</name>
      </input_file>
      <input_file id="fl-f6">
         <path>/Applications/ti/ccs2040/ccs/tools/compiler/ti-cgt-armllvm_4.0.4.LTS/lib/armv6m-ti-none-eabi/c/</path>
         <kind>archive</kind>
         <file>libsysbm.a</file>
         <name>hostexit.c.obj</name>
      </input_file>
      <input_file id="fl-f7">
         <path>/Applications/ti/ccs2040/ccs/tools/compiler/ti-cgt-armllvm_4.0.4.LTS/lib/armv6m-ti-none-eabi/c/</path>
         <kind>archive</kind>
         <file>libsysbm.a</file>
         <name>write.c.obj</name>
      </input_file>
      <input_file id="fl-f8">
         <path>/Applications/ti/ccs2040/ccs/tools/compiler/ti-cgt-armllvm_4.0.4.LTS/lib/armv6m-ti-none-eabi/c/</path>
         <kind>archive</kind>
         <file>libsysbm.a</file>
         <name>host_device.c.obj</name>
      </input_file>
      <input_file id="fl-f9">
         <path>/Applications/ti/ccs2040/ccs/tools/compiler/ti-cgt-armllvm_4.0.4.LTS/lib/armv6m-ti-none-eabi/c/</path>
         <kind>archive</kind>
         <file>libsysbm.a</file>
         <name>remove.c.obj</name>
      </input_file>
      <input_file id="fl-fa">
         <path>/Applications/ti/ccs2040/ccs/tools/compiler/ti-cgt-armllvm_4.0.4.LTS/lib/armv6m-ti-none-eabi/c/</path>
         <kind>archive</kind>
         <file>libsysbm.a</file>
         <name>open.c.obj</name>
      </input_file>
      <input_file id="fl-fb">
         <path>/Applications/ti/ccs2040/ccs/tools/compiler/ti-cgt-armllvm_4.0.4.LTS/lib/armv6m-ti-none-eabi/c/</path>
         <kind>archive</kind>
         <file>libsysbm.a</file>
         <name>lseek.c.obj</name>
      </input_file>
      <input_file id="fl-fc">
         <path>/Applications/ti/ccs2040/ccs/tools/compiler/ti-cgt-armllvm_4.0.4.LTS/lib/armv6m-ti-none-eabi/c/</path>
         <kind>archive</kind>
         <file>libsysbm.a</file>
         <name>close.c.obj</name>
      </input_file>
      <input_file id="fl-fd">
         <path>/Applications/ti/ccs2040/ccs/tools/compiler/ti-cgt-armllvm_4.0.4.LTS/lib/armv6m-ti-none-eabi/c/</path>
         <kind>archive</kind>
         <file>libsysbm.a</file>
         <name>add_device.c.obj</name>
      </input_file>
      <input_file id="fl-fe">
         <path>/Applications/ti/ccs2040/ccs/tools/compiler/ti-cgt-armllvm_4.0.4.LTS/lib/armv6m-ti-none-eabi/c/</path>
         <kind>archive</kind>
         <file>libsysbm.a</file>
         <name>unlink.c.obj</name>
      </input_file>
      <input_file id="fl-ff">
         <path>/Applications/ti/ccs2040/ccs/tools/compiler/ti-cgt-armllvm_4.0.4.LTS/lib/armv6m-ti-none-eabi/c/</path>
         <kind>archive</kind>
         <file>libsysbm.a</file>
         <name>hostclose.c.obj</name>
      </input_file>
      <input_file id="fl-100">
         <path>/Applications/ti/ccs2040/ccs/tools/compiler/ti-cgt-armllvm_4.0.4.LTS/lib/armv6m-ti-none-eabi/c/</path>
         <kind>archive</kind>
         <file>libsysbm.a</file>
         <name>hostlseek.c.obj</name>
      </input_file>
      <input_file id="fl-101">
         <path>/Applications/ti/ccs2040/ccs/tools/compiler/ti-cgt-armllvm_4.0.4.LTS/lib/armv6m-ti-none-eabi/c/</path>
         <kind>archive</kind>
         <file>libsysbm.a</file>
         <name>hostopen.c.obj</name>
      </input_file>
      <input_file id="fl-102">
         <path>/Applications/ti/ccs2040/ccs/tools/compiler/ti-cgt-armllvm_4.0.4.LTS/lib/armv6m-ti-none-eabi/c/</path>
         <kind>archive</kind>
         <file>libsysbm.a</file>
         <name>hostread.c.obj</name>
      </input_file>
      <input_file id="fl-103">
         <path>/Applications/ti/ccs2040/ccs/tools/compiler/ti-cgt-armllvm_4.0.4.LTS/lib/armv6m-ti-none-eabi/c/</path>
         <kind>archive</kind>
         <file>libsysbm.a</file>
         <name>hostrename.c.obj</name>
      </input_file>
      <input_file id="fl-104">
         <path>/Applications/ti/ccs2040/ccs/tools/compiler/ti-cgt-armllvm_4.0.4.LTS/lib/armv6m-ti-none-eabi/c/</path>
         <kind>archive</kind>
         <file>libsysbm.a</file>
         <name>hostunlink.c.obj</name>
      </input_file>
      <input_file id="fl-105">
         <path>/Applications/ti/ccs2040/ccs/tools/compiler/ti-cgt-armllvm_4.0.4.LTS/lib/armv6m-ti-none-eabi/c/</path>
         <kind>archive</kind>
         <file>libsysbm.a</file>
         <name>hostwrite.c.obj</name>
      </input_file>
      <input_file id="fl-106">
         <path>/Applications/ti/ccs2040/ccs/tools/compiler/ti-cgt-armllvm_4.0.4.LTS/lib/armv6m-ti-none-eabi/c/</path>
         <kind>archive</kind>
         <file>libsysbm.a</file>
         <name>trgmsg.c.obj</name>
      </input_file>
      <input_file id="fl-107">
         <path>/Applications/ti/ccs2040/ccs/tools/compiler/ti-cgt-armllvm_4.0.4.LTS/lib/armv6m-ti-none-eabi/</path>
         <kind>archive</kind>
         <file>libclang_rt.builtins.a</file>
         <name>adddf3.S.obj</name>
      </input_file>
      <input_file id="fl-108">
         <path>/Applications/ti/ccs2040/ccs/tools/compiler/ti-cgt-armllvm_4.0.4.LTS/lib/armv6m-ti-none-eabi/</path>
         <kind>archive</kind>
         <file>libclang_rt.builtins.a</file>
         <name>muldf3.S.obj</name>
      </input_file>
      <input_file id="fl-109">
         <path>/Applications/ti/ccs2040/ccs/tools/compiler/ti-cgt-armllvm_4.0.4.LTS/lib/armv6m-ti-none-eabi/</path>
         <kind>archive</kind>
         <file>libclang_rt.builtins.a</file>
         <name>muldsi3.S.obj</name>
      </input_file>
      <input_file id="fl-10a">
         <path>/Applications/ti/ccs2040/ccs/tools/compiler/ti-cgt-armllvm_4.0.4.LTS/lib/armv6m-ti-none-eabi/</path>
         <kind>archive</kind>
         <file>libclang_rt.builtins.a</file>
         <name>divdf3.S.obj</name>
      </input_file>
      <input_file id="fl-10b">
         <path>/Applications/ti/ccs2040/ccs/tools/compiler/ti-cgt-armllvm_4.0.4.LTS/lib/armv6m-ti-none-eabi/</path>
         <kind>archive</kind>
         <file>libclang_rt.builtins.a</file>
         <name>fixdfsi.S.obj</name>
      </input_file>
      <input_file id="fl-10c">
         <path>/Applications/ti/ccs2040/ccs/tools/compiler/ti-cgt-armllvm_4.0.4.LTS/lib/armv6m-ti-none-eabi/</path>
         <kind>archive</kind>
         <file>libclang_rt.builtins.a</file>
         <name>floatsidf.S.obj</name>
      </input_file>
      <input_file id="fl-10d">
         <path>/Applications/ti/ccs2040/ccs/tools/compiler/ti-cgt-armllvm_4.0.4.LTS/lib/armv6m-ti-none-eabi/</path>
         <kind>archive</kind>
         <file>libclang_rt.builtins.a</file>
         <name>floatunsidf.S.obj</name>
      </input_file>
      <input_file id="fl-10e">
         <path>/Applications/ti/ccs2040/ccs/tools/compiler/ti-cgt-armllvm_4.0.4.LTS/lib/armv6m-ti-none-eabi/</path>
         <kind>archive</kind>
         <file>libclang_rt.builtins.a</file>
         <name>muldi3.S.obj</name>
      </input_file>
      <input_file id="fl-10f">
         <path>/Applications/ti/ccs2040/ccs/tools/compiler/ti-cgt-armllvm_4.0.4.LTS/lib/armv6m-ti-none-eabi/</path>
         <kind>archive</kind>
         <file>libclang_rt.builtins.a</file>
         <name>truncdfsf2.S.obj</name>
      </input_file>
      <input_file id="fl-110">
         <path>/Applications/ti/ccs2040/ccs/tools/compiler/ti-cgt-armllvm_4.0.4.LTS/lib/armv6m-ti-none-eabi/</path>
         <kind>archive</kind>
         <file>libclang_rt.builtins.a</file>
         <name>aeabi_dcmp.S.obj</name>
      </input_file>
      <input_file id="fl-111">
         <path>/Applications/ti/ccs2040/ccs/tools/compiler/ti-cgt-armllvm_4.0.4.LTS/lib/armv6m-ti-none-eabi/</path>
         <kind>archive</kind>
         <file>libclang_rt.builtins.a</file>
         <name>aeabi_idivmod.S.obj</name>
      </input_file>
      <input_file id="fl-112">
         <path>/Applications/ti/ccs2040/ccs/tools/compiler/ti-cgt-armllvm_4.0.4.LTS/lib/armv6m-ti-none-eabi/</path>
         <kind>archive</kind>
         <file>libclang_rt.builtins.a</file>
         <name>aeabi_memcpy.S.obj</name>
      </input_file>
      <input_file id="fl-113">
         <path>/Applications/ti/ccs2040/ccs/tools/compiler/ti-cgt-armllvm_4.0.4.LTS/lib/armv6m-ti-none-eabi/</path>
         <kind>archive</kind>
         <file>libclang_rt.builtins.a</file>
         <name>aeabi_memset.S.obj</name>
      </input_file>
      <input_file id="fl-114">
         <path>/Applications/ti/ccs2040/ccs/tools/compiler/ti-cgt-armllvm_4.0.4.LTS/lib/armv6m-ti-none-eabi/</path>
         <kind>archive</kind>
         <file>libclang_rt.builtins.a</file>
         <name>aeabi_uidivmod.S.obj</name>
      </input_file>
      <input_file id="fl-115">
         <path>/Applications/ti/ccs2040/ccs/tools/compiler/ti-cgt-armllvm_4.0.4.LTS/lib/armv6m-ti-none-eabi/</path>
         <kind>archive</kind>
         <file>libclang_rt.builtins.a</file>
         <name>aeabi_uldivmod.S.obj</name>
      </input_file>
      <input_file id="fl-116">
         <path>/Applications/ti/ccs2040/ccs/tools/compiler/ti-cgt-armllvm_4.0.4.LTS/lib/armv6m-ti-none-eabi/</path>
         <kind>archive</kind>
         <file>libclang_rt.builtins.a</file>
         <name>udivmoddi4.S.obj</name>
      </input_file>
      <input_file id="fl-117">
         <path>/Applications/ti/ccs2040/ccs/tools/compiler/ti-cgt-armllvm_4.0.4.LTS/lib/armv6m-ti-none-eabi/</path>
         <kind>archive</kind>
         <file>libclang_rt.builtins.a</file>
         <name>ashldi3.S.obj</name>
      </input_file>
      <input_file id="fl-118">
         <path>/Applications/ti/ccs2040/ccs/tools/compiler/ti-cgt-armllvm_4.0.4.LTS/lib/armv6m-ti-none-eabi/</path>
         <kind>archive</kind>
         <file>libclang_rt.builtins.a</file>
         <name>comparedf2.c.obj</name>
      </input_file>
      <input_file id="fl-119">
         <path>/Applications/ti/ccs2040/ccs/tools/compiler/ti-cgt-armllvm_4.0.4.LTS/lib/armv6m-ti-none-eabi/</path>
         <kind>archive</kind>
         <file>libclang_rt.builtins.a</file>
         <name>aeabi_div0.c.obj</name>
      </input_file>
      <input_file id="fl-11a">
         <path>/Applications/ti/ccs2040/ccs/tools/compiler/ti-cgt-armllvm_4.0.4.LTS/lib/armv6m-ti-none-eabi/c/</path>
         <kind>archive</kind>
         <file>libc.a</file>
         <name>getdevice.c.obj</name>
      </input_file>
      <input_file id="fl-11b">
         <path>/Applications/ti/ccs2040/ccs/tools/compiler/ti-cgt-armllvm_4.0.4.LTS/lib/armv6m-ti-none-eabi/c/</path>
         <kind>archive</kind>
         <file>libc.a</file>
         <name>memcpy16.S.obj</name>
      </input_file>
      <input_file id="fl-11c">
         <path>/Applications/ti/ccs2040/ccs/tools/compiler/ti-cgt-armllvm_4.0.4.LTS/lib/armv6m-ti-none-eabi/c/</path>
         <kind>archive</kind>
         <file>libc.a</file>
         <name>memset16.S.obj</name>
      </input_file>
      <input_file id="fl-11d">
         <path>/Applications/ti/ccs2040/ccs/tools/compiler/ti-cgt-armllvm_4.0.4.LTS/lib/armv6m-ti-none-eabi/c/</path>
         <kind>archive</kind>
         <file>libc.a</file>
         <name>strcmp-armv6m.S.obj</name>
      </input_file>
   </input_file_list>
   <object_component_list>
      <object_component id="oc-18">
         <name>.intvecs</name>
         <load_address>0x0</load_address>
         <readonly>true</readonly>
         <run_address>0x0</run_address>
         <size>0xc0</size>
         <alignment>0x4</alignment>
         <input_file_ref idref="fl-15"/>
      </object_component>
      <object_component id="oc-10b">
         <name>.text._Z10Menu_Startv</name>
         <load_address>0x15950</load_address>
         <readonly>true</readonly>
         <executable>true</executable>
         <run_address>0x15950</run_address>
         <size>0x324</size>
         <alignment>0x4</alignment>
         <input_file_ref idref="fl-9"/>
      </object_component>
      <object_component id="oc-48">
         <name>.text.TIMG12_IRQHandler</name>
         <load_address>0x15c74</load_address>
         <readonly>true</readonly>
         <executable>true</executable>
         <run_address>0x15c74</run_address>
         <size>0x248</size>
         <alignment>0x4</alignment>
         <input_file_ref idref="fl-7"/>
      </object_component>
      <object_component id="oc-10c">
         <name>.text._Z17ST7735_DrawBitmapssPKtss</name>
         <load_address>0x15ebc</load_address>
         <readonly>true</readonly>
         <executable>true</executable>
         <run_address>0x15ebc</run_address>
         <size>0x210</size>
         <alignment>0x4</alignment>
         <input_file_ref idref="fl-b"/>
      </object_component>
      <object_component id="oc-14b">
         <name>.text._Z15Clock_Init80MHzi</name>
         <load_address>0x160cc</load_address>
         <readonly>true</readonly>
         <executable>true</executable>
         <run_address>0x160cc</run_address>
         <size>0x1b4</size>
         <alignment>0x4</alignment>
         <input_file_ref idref="fl-1"/>
      </object_component>
      <object_component id="oc-234">
         <name>.text._Z16ST7735_DrawCharSsscssh</name>
         <load_address>0x16280</load_address>
         <readonly>true</readonly>
         <executable>true</executable>
         <run_address>0x16280</run_address>
         <size>0x1a0</size>
         <alignment>0x4</alignment>
         <input_file_ref idref="fl-b"/>
      </object_component>
      <object_component id="oc-c2">
         <name>.text.main</name>
         <load_address>0x16420</load_address>
         <readonly>true</readonly>
         <executable>true</executable>
         <run_address>0x16420</run_address>
         <size>0x180</size>
         <alignment>0x4</alignment>
         <input_file_ref idref="fl-7"/>
      </object_component>
      <object_component id="oc-9f">
         <name>.text._Z11RoutePlayerh</name>
         <load_address>0x165a0</load_address>
         <readonly>true</readonly>
         <executable>true</executable>
         <run_address>0x165a0</run_address>
         <size>0x17c</size>
         <alignment>0x4</alignment>
         <input_file_ref idref="fl-7"/>
      </object_component>
      <object_component id="oc-1ca">
         <name>.text._openfile</name>
         <load_address>0x1671c</load_address>
         <readonly>true</readonly>
         <executable>true</executable>
         <run_address>0x1671c</run_address>
         <size>0x154</size>
         <alignment>0x4</alignment>
         <input_file_ref idref="fl-38"/>
      </object_component>
      <object_component id="oc-176">
         <name>.text._Z8ADC_InitP10ADC12_Regsjj</name>
         <load_address>0x16870</load_address>
         <readonly>true</readonly>
         <executable>true</executable>
         <run_address>0x16870</run_address>
         <size>0x128</size>
         <alignment>0x4</alignment>
         <input_file_ref idref="fl-10"/>
      </object_component>
      <object_component id="oc-e5">
         <name>.text._Z15ST7735_FillRectsssst</name>
         <load_address>0x16998</load_address>
         <readonly>true</readonly>
         <executable>true</executable>
         <run_address>0x16998</run_address>
         <size>0x118</size>
         <alignment>0x4</alignment>
         <input_file_ref idref="fl-b"/>
      </object_component>
      <object_component id="oc-232">
         <name>.text.aligned_alloc</name>
         <load_address>0x16ab0</load_address>
         <readonly>true</readonly>
         <executable>true</executable>
         <run_address>0x16ab0</run_address>
         <size>0x114</size>
         <alignment>0x4</alignment>
         <input_file_ref idref="fl-3f"/>
      </object_component>
      <object_component id="oc-9e">
         <name>.text._ZN6Player4MoveEiiPA16_Kh</name>
         <load_address>0x16bc4</load_address>
         <readonly>true</readonly>
         <executable>true</executable>
         <run_address>0x16bc4</run_address>
         <size>0x110</size>
         <alignment>0x4</alignment>
         <input_file_ref idref="fl-3"/>
      </object_component>
      <object_component id="oc-dc">
         <name>.text._Z14CheckCollisioniiiiPA16_Kh</name>
         <load_address>0x16cd4</load_address>
         <readonly>true</readonly>
         <executable>true</executable>
         <run_address>0x16cd4</run_address>
         <size>0x10a</size>
         <alignment>0x2</alignment>
         <input_file_ref idref="fl-3"/>
      </object_component>
      <object_component id="oc-1de">
         <name>.text.__aeabi_idiv0</name>
         <load_address>0x16dde</load_address>
         <readonly>true</readonly>
         <executable>true</executable>
         <run_address>0x16dde</run_address>
         <size>0x2</size>
         <alignment>0x2</alignment>
         <input_file_ref idref="fl-119"/>
      </object_component>
      <object_component id="oc-1f1">
         <name>.text._Z8SPI_Initv</name>
         <load_address>0x16de0</load_address>
         <readonly>true</readonly>
         <executable>true</executable>
         <run_address>0x16de0</run_address>
         <size>0xf8</size>
         <alignment>0x4</alignment>
         <input_file_ref idref="fl-a"/>
      </object_component>
      <object_component id="oc-fc">
         <name>.text._Z18ST7735_SetRotationh</name>
         <load_address>0x16ed8</load_address>
         <readonly>true</readonly>
         <executable>true</executable>
         <run_address>0x16ed8</run_address>
         <size>0xf4</size>
         <alignment>0x4</alignment>
         <input_file_ref idref="fl-b"/>
      </object_component>
      <object_component id="oc-154">
         <name>.text.add_device</name>
         <load_address>0x16fcc</load_address>
         <readonly>true</readonly>
         <executable>true</executable>
         <run_address>0x16fcc</run_address>
         <size>0xec</size>
         <alignment>0x4</alignment>
         <input_file_ref idref="fl-fd"/>
      </object_component>
      <object_component id="oc-178">
         <name>.text._Z9UART_Initv</name>
         <load_address>0x170b8</load_address>
         <readonly>true</readonly>
         <executable>true</executable>
         <run_address>0x170b8</run_address>
         <size>0xe8</size>
         <alignment>0x4</alignment>
         <input_file_ref idref="fl-10"/>
      </object_component>
      <object_component id="oc-1d3">
         <name>.text.free</name>
         <load_address>0x171a0</load_address>
         <readonly>true</readonly>
         <executable>true</executable>
         <run_address>0x171a0</run_address>
         <size>0xe8</size>
         <alignment>0x4</alignment>
         <input_file_ref idref="fl-3f"/>
      </object_component>
      <object_component id="oc-ea">
         <name>.text._ZN5Enemy5ChaseEiiPA16_Kh</name>
         <load_address>0x17288</load_address>
         <readonly>true</readonly>
         <executable>true</executable>
         <run_address>0x17288</run_address>
         <size>0xe4</size>
         <alignment>0x2</alignment>
         <input_file_ref idref="fl-3"/>
      </object_component>
      <object_component id="oc-15f">
         <name>.text.setvbuf</name>
         <load_address>0x1736c</load_address>
         <readonly>true</readonly>
         <executable>true</executable>
         <run_address>0x1736c</run_address>
         <size>0xe0</size>
         <alignment>0x4</alignment>
         <input_file_ref idref="fl-39"/>
      </object_component>
      <object_component id="oc-116">
         <name>.text._Z14DrawStaminaBari</name>
         <load_address>0x1744c</load_address>
         <readonly>true</readonly>
         <executable>true</executable>
         <run_address>0x1744c</run_address>
         <size>0xd8</size>
         <alignment>0x4</alignment>
         <input_file_ref idref="fl-7"/>
      </object_component>
      <object_component id="oc-1da">
         <name>.text._Z14ST7735_OutCharc</name>
         <load_address>0x17524</load_address>
         <readonly>true</readonly>
         <executable>true</executable>
         <run_address>0x17524</run_address>
         <size>0xd0</size>
         <alignment>0x4</alignment>
         <input_file_ref idref="fl-b"/>
      </object_component>
      <object_component id="oc-8c">
         <name>.text._ZN8Joystick2InEv</name>
         <load_address>0x175f4</load_address>
         <readonly>true</readonly>
         <executable>true</executable>
         <run_address>0x175f4</run_address>
         <size>0xcc</size>
         <alignment>0x4</alignment>
         <input_file_ref idref="fl-5"/>
      </object_component>
      <object_component id="oc-19c">
         <name>.text._Z20ST7735_DrawFastHLinessst</name>
         <load_address>0x176c0</load_address>
         <readonly>true</readonly>
         <executable>true</executable>
         <run_address>0x176c0</run_address>
         <size>0xb0</size>
         <alignment>0x4</alignment>
         <input_file_ref idref="fl-b"/>
      </object_component>
      <object_component id="oc-19b">
         <name>.text._Z20ST7735_DrawFastVLinessst</name>
         <load_address>0x17770</load_address>
         <readonly>true</readonly>
         <executable>true</executable>
         <run_address>0x17770</run_address>
         <size>0xb0</size>
         <alignment>0x4</alignment>
         <input_file_ref idref="fl-b"/>
      </object_component>
      <object_component id="oc-a5">
         <name>.text._Z7DrawMapPA16_Kh</name>
         <load_address>0x17820</load_address>
         <readonly>true</readonly>
         <executable>true</executable>
         <run_address>0x17820</run_address>
         <size>0xb0</size>
         <alignment>0x4</alignment>
         <input_file_ref idref="fl-7"/>
      </object_component>
      <object_component id="oc-17e">
         <name>.text._Z14TimerG7_IntArmtjj</name>
         <load_address>0x178d0</load_address>
         <readonly>true</readonly>
         <executable>true</executable>
         <run_address>0x178d0</run_address>
         <size>0xa8</size>
         <alignment>0x4</alignment>
         <input_file_ref idref="fl-11"/>
      </object_component>
      <object_component id="oc-1b7">
         <name>.text._ZL11commandListPKh</name>
         <load_address>0x17978</load_address>
         <readonly>true</readonly>
         <executable>true</executable>
         <run_address>0x17978</run_address>
         <size>0xa2</size>
         <alignment>0x2</alignment>
         <input_file_ref idref="fl-b"/>
      </object_component>
      <object_component id="oc-1e8">
         <name>.text._nop</name>
         <load_address>0x17a1a</load_address>
         <readonly>true</readonly>
         <executable>true</executable>
         <run_address>0x17a1a</run_address>
         <size>0x2</size>
         <alignment>0x2</alignment>
         <input_file_ref idref="fl-3c"/>
      </object_component>
      <object_component id="oc-fb">
         <name>.text._Z17ST7735_InitPrintf10initRFlags</name>
         <load_address>0x17a1c</load_address>
         <readonly>true</readonly>
         <executable>true</executable>
         <run_address>0x17a1c</run_address>
         <size>0xa0</size>
         <alignment>0x4</alignment>
         <input_file_ref idref="fl-b"/>
      </object_component>
      <object_component id="oc-21a">
         <name>.text.open</name>
         <load_address>0x17abc</load_address>
         <readonly>true</readonly>
         <executable>true</executable>
         <run_address>0x17abc</run_address>
         <size>0xa0</size>
         <alignment>0x4</alignment>
         <input_file_ref idref="fl-fa"/>
      </object_component>
      <object_component id="oc-114">
         <name>.text._ZN5Enemy11CheckTaggedEiiii</name>
         <load_address>0x17b5c</load_address>
         <readonly>true</readonly>
         <executable>true</executable>
         <run_address>0x17b5c</run_address>
         <size>0x9c</size>
         <alignment>0x2</alignment>
         <input_file_ref idref="fl-3"/>
      </object_component>
      <object_component id="oc-153">
         <name>.text._Z12ST7735_InitR10initRFlags</name>
         <load_address>0x17bf8</load_address>
         <readonly>true</readonly>
         <executable>true</executable>
         <run_address>0x17bf8</run_address>
         <size>0x98</size>
         <alignment>0x4</alignment>
         <input_file_ref idref="fl-b"/>
      </object_component>
      <object_component id="oc-10d">
         <name>.text._Z15TimerG12_IntArmjj</name>
         <load_address>0x17c90</load_address>
         <readonly>true</readonly>
         <executable>true</executable>
         <run_address>0x17c90</run_address>
         <size>0x94</size>
         <alignment>0x4</alignment>
         <input_file_ref idref="fl-11"/>
      </object_component>
      <object_component id="oc-13e">
         <name>.text._ZL13setAddrWindowhhhh</name>
         <load_address>0x17d24</load_address>
         <readonly>true</readonly>
         <executable>true</executable>
         <run_address>0x17d24</run_address>
         <size>0x88</size>
         <alignment>0x4</alignment>
         <input_file_ref idref="fl-b"/>
      </object_component>
      <object_component id="oc-19d">
         <name>.text.HOSTexit</name>
         <load_address>0x17dac</load_address>
         <readonly>true</readonly>
         <executable>true</executable>
         <run_address>0x17dac</run_address>
         <size>0x4</size>
         <alignment>0x2</alignment>
         <input_file_ref idref="fl-f6"/>
      </object_component>
      <object_component id="oc-1f2">
         <name>.text:strcmp</name>
         <load_address>0x17db0</load_address>
         <readonly>true</readonly>
         <executable>true</executable>
         <run_address>0x17db0</run_address>
         <size>0x88</size>
         <alignment>0x10</alignment>
         <input_file_ref idref="fl-11d"/>
      </object_component>
      <object_component id="oc-233">
         <name>.text._Z17ST7735_DrawStringttPcs</name>
         <load_address>0x17e38</load_address>
         <readonly>true</readonly>
         <executable>true</executable>
         <run_address>0x17e38</run_address>
         <size>0x84</size>
         <alignment>0x2</alignment>
         <input_file_ref idref="fl-b"/>
      </object_component>
      <object_component id="oc-9b">
         <name>.text._ZN6Player13updateStaminaEh</name>
         <load_address>0x17ebc</load_address>
         <readonly>true</readonly>
         <executable>true</executable>
         <run_address>0x17ebc</run_address>
         <size>0x84</size>
         <alignment>0x2</alignment>
         <input_file_ref idref="fl-3"/>
      </object_component>
      <object_component id="oc-f6">
         <name>.text._Z14LaunchPad_Initv</name>
         <load_address>0x17f40</load_address>
         <readonly>true</readonly>
         <executable>true</executable>
         <run_address>0x17f40</run_address>
         <size>0x7c</size>
         <alignment>0x4</alignment>
         <input_file_ref idref="fl-8"/>
      </object_component>
      <object_component id="oc-1cd">
         <name>.text.__TI_closefile</name>
         <load_address>0x17fbc</load_address>
         <readonly>true</readonly>
         <executable>true</executable>
         <run_address>0x17fbc</run_address>
         <size>0x7c</size>
         <alignment>0x4</alignment>
         <input_file_ref idref="fl-49"/>
      </object_component>
      <object_component id="oc-1c">
         <name>.text:decompress:lzss</name>
         <load_address>0x18038</load_address>
         <readonly>true</readonly>
         <executable>true</executable>
         <run_address>0x18038</run_address>
         <size>0x7c</size>
         <alignment>0x4</alignment>
         <input_file_ref idref="fl-47"/>
      </object_component>
      <object_component id="oc-105">
         <name>.text._ZN8Joystick4InitEv</name>
         <load_address>0x180b4</load_address>
         <readonly>true</readonly>
         <executable>true</executable>
         <run_address>0x180b4</run_address>
         <size>0x74</size>
         <alignment>0x4</alignment>
         <input_file_ref idref="fl-5"/>
      </object_component>
      <object_component id="oc-272">
         <name>.text._Z16ST7735_DrawPixelsst</name>
         <load_address>0x18128</load_address>
         <readonly>true</readonly>
         <executable>true</executable>
         <run_address>0x18128</run_address>
         <size>0x70</size>
         <alignment>0x4</alignment>
         <input_file_ref idref="fl-b"/>
      </object_component>
      <object_component id="oc-91">
         <name>.text._Z9Switch_Inv</name>
         <load_address>0x18198</load_address>
         <readonly>true</readonly>
         <executable>true</executable>
         <run_address>0x18198</run_address>
         <size>0x70</size>
         <alignment>0x4</alignment>
         <input_file_ref idref="fl-f"/>
      </object_component>
      <object_component id="oc-115">
         <name>.text._ZL16ShowTaggedScreenv</name>
         <load_address>0x18208</load_address>
         <readonly>true</readonly>
         <executable>true</executable>
         <run_address>0x18208</run_address>
         <size>0x70</size>
         <alignment>0x4</alignment>
         <input_file_ref idref="fl-7"/>
      </object_component>
      <object_component id="oc-208">
         <name>.text.HOSTlseek</name>
         <load_address>0x18278</load_address>
         <readonly>true</readonly>
         <executable>true</executable>
         <run_address>0x18278</run_address>
         <size>0x6c</size>
         <alignment>0x4</alignment>
         <input_file_ref idref="fl-100"/>
      </object_component>
      <object_component id="oc-210">
         <name>.text.HOSTrename</name>
         <load_address>0x182e4</load_address>
         <readonly>true</readonly>
         <executable>true</executable>
         <run_address>0x182e4</run_address>
         <size>0x6c</size>
         <alignment>0x4</alignment>
         <input_file_ref idref="fl-103"/>
      </object_component>
      <object_component id="oc-259">
         <name>.text.getdevice</name>
         <load_address>0x18350</load_address>
         <readonly>true</readonly>
         <executable>true</executable>
         <run_address>0x18350</run_address>
         <size>0x6c</size>
         <alignment>0x4</alignment>
         <input_file_ref idref="fl-11a"/>
      </object_component>
      <object_component id="oc-270">
         <name>.text.split</name>
         <load_address>0x183bc</load_address>
         <readonly>true</readonly>
         <executable>true</executable>
         <run_address>0x183bc</run_address>
         <size>0x64</size>
         <alignment>0x4</alignment>
         <input_file_ref idref="fl-3f"/>
      </object_component>
      <object_component id="oc-ac">
         <name>.text._ZN5Enemy6UpdateEiiPA16_Kh</name>
         <load_address>0x18420</load_address>
         <readonly>true</readonly>
         <executable>true</executable>
         <run_address>0x18420</run_address>
         <size>0x62</size>
         <alignment>0x2</alignment>
         <input_file_ref idref="fl-3"/>
      </object_component>
      <object_component id="oc-1f8">
         <name>.text.HOSTopen</name>
         <load_address>0x18484</load_address>
         <readonly>true</readonly>
         <executable>true</executable>
         <run_address>0x18484</run_address>
         <size>0x60</size>
         <alignment>0x4</alignment>
         <input_file_ref idref="fl-101"/>
      </object_component>
      <object_component id="oc-3e">
         <name>.text.UART2_IRQHandler</name>
         <load_address>0x184e4</load_address>
         <readonly>true</readonly>
         <executable>true</executable>
         <run_address>0x184e4</run_address>
         <size>0x5c</size>
         <alignment>0x4</alignment>
         <input_file_ref idref="fl-13"/>
      </object_component>
      <object_component id="oc-200">
         <name>.text.HOSTread</name>
         <load_address>0x18540</load_address>
         <readonly>true</readonly>
         <executable>true</executable>
         <run_address>0x18540</run_address>
         <size>0x58</size>
         <alignment>0x4</alignment>
         <input_file_ref idref="fl-102"/>
      </object_component>
      <object_component id="oc-204">
         <name>.text.HOSTwrite</name>
         <load_address>0x18598</load_address>
         <readonly>true</readonly>
         <executable>true</executable>
         <run_address>0x18598</run_address>
         <size>0x58</size>
         <alignment>0x4</alignment>
         <input_file_ref idref="fl-105"/>
      </object_component>
      <object_component id="oc-104">
         <name>.text._Z10TExaS_InitP10ADC12_RegsjPFhvE</name>
         <load_address>0x185f0</load_address>
         <readonly>true</readonly>
         <executable>true</executable>
         <run_address>0x185f0</run_address>
         <size>0x58</size>
         <alignment>0x4</alignment>
         <input_file_ref idref="fl-10"/>
      </object_component>
      <object_component id="oc-fd">
         <name>.text._Z11Switch_Initv</name>
         <load_address>0x18648</load_address>
         <readonly>true</readonly>
         <executable>true</executable>
         <run_address>0x18648</run_address>
         <size>0x54</size>
         <alignment>0x4</alignment>
         <input_file_ref idref="fl-f"/>
      </object_component>
      <object_component id="oc-12a">
         <name>.text:__TI_auto_init_nobinit</name>
         <load_address>0x1869c</load_address>
         <readonly>true</readonly>
         <executable>true</executable>
         <run_address>0x1869c</run_address>
         <size>0x54</size>
         <alignment>0x4</alignment>
         <input_file_ref idref="fl-42"/>
      </object_component>
      <object_component id="oc-21e">
         <name>.text.__TI_doflush</name>
         <load_address>0x186f0</load_address>
         <readonly>true</readonly>
         <executable>true</executable>
         <run_address>0x186f0</run_address>
         <size>0x52</size>
         <alignment>0x2</alignment>
         <input_file_ref idref="fl-4a"/>
      </object_component>
      <object_component id="oc-224">
         <name>.text.close</name>
         <load_address>0x18744</load_address>
         <readonly>true</readonly>
         <executable>true</executable>
         <run_address>0x18744</run_address>
         <size>0x50</size>
         <alignment>0x4</alignment>
         <input_file_ref idref="fl-fc"/>
      </object_component>
      <object_component id="oc-7f">
         <name>.text._ZN5Queue3PutEc</name>
         <load_address>0x18794</load_address>
         <readonly>true</readonly>
         <executable>true</executable>
         <run_address>0x18794</run_address>
         <size>0x4a</size>
         <alignment>0x2</alignment>
         <input_file_ref idref="fl-4"/>
      </object_component>
      <object_component id="oc-1fc">
         <name>.text.HOSTclose</name>
         <load_address>0x187e0</load_address>
         <readonly>true</readonly>
         <executable>true</executable>
         <run_address>0x187e0</run_address>
         <size>0x48</size>
         <alignment>0x4</alignment>
         <input_file_ref idref="fl-ff"/>
      </object_component>
      <object_component id="oc-20c">
         <name>.text.HOSTunlink</name>
         <load_address>0x18828</load_address>
         <readonly>true</readonly>
         <executable>true</executable>
         <run_address>0x18828</run_address>
         <size>0x48</size>
         <alignment>0x4</alignment>
         <input_file_ref idref="fl-104"/>
      </object_component>
      <object_component id="oc-170">
         <name>.text._Z14SPI_OutCommandc</name>
         <load_address>0x18870</load_address>
         <readonly>true</readonly>
         <executable>true</executable>
         <run_address>0x18870</run_address>
         <size>0x48</size>
         <alignment>0x4</alignment>
         <input_file_ref idref="fl-a"/>
      </object_component>
      <object_component id="oc-137">
         <name>.text._ZN6PlayerC2EiiPKth</name>
         <load_address>0x188b8</load_address>
         <readonly>true</readonly>
         <executable>true</executable>
         <run_address>0x188b8</run_address>
         <size>0x46</size>
         <alignment>0x2</alignment>
         <input_file_ref idref="fl-3"/>
      </object_component>
      <object_component id="oc-39">
         <name>.text.SysTick_Handler</name>
         <load_address>0x18900</load_address>
         <readonly>true</readonly>
         <executable>true</executable>
         <run_address>0x18900</run_address>
         <size>0x44</size>
         <alignment>0x4</alignment>
         <input_file_ref idref="fl-e"/>
      </object_component>
      <object_component id="oc-43">
         <name>.text.TIMG7_IRQHandler</name>
         <load_address>0x18944</load_address>
         <readonly>true</readonly>
         <executable>true</executable>
         <run_address>0x18944</run_address>
         <size>0x40</size>
         <alignment>0x4</alignment>
         <input_file_ref idref="fl-10"/>
      </object_component>
      <object_component id="oc-239">
         <name>.text._Z9SPI_Resetv</name>
         <load_address>0x18984</load_address>
         <readonly>true</readonly>
         <executable>true</executable>
         <run_address>0x18984</run_address>
         <size>0x40</size>
         <alignment>0x4</alignment>
         <input_file_ref idref="fl-a"/>
      </object_component>
      <object_component id="oc-9c">
         <name>.text._ZN8Joystick10getXChangeEv</name>
         <load_address>0x189c4</load_address>
         <readonly>true</readonly>
         <executable>true</executable>
         <run_address>0x189c4</run_address>
         <size>0x40</size>
         <alignment>0x2</alignment>
         <input_file_ref idref="fl-5"/>
      </object_component>
      <object_component id="oc-9d">
         <name>.text._ZN8Joystick10getYChangeEv</name>
         <load_address>0x18a04</load_address>
         <readonly>true</readonly>
         <executable>true</executable>
         <run_address>0x18a04</run_address>
         <size>0x40</size>
         <alignment>0x2</alignment>
         <input_file_ref idref="fl-5"/>
      </object_component>
      <object_component id="oc-17a">
         <name>.text.__aeabi_uidivmod</name>
         <load_address>0x18a44</load_address>
         <readonly>true</readonly>
         <executable>true</executable>
         <run_address>0x18a44</run_address>
         <size>0x40</size>
         <alignment>0x4</alignment>
         <input_file_ref idref="fl-114"/>
      </object_component>
      <object_component id="oc-1c9">
         <name>.text._search_fp</name>
         <load_address>0x18a84</load_address>
         <readonly>true</readonly>
         <executable>true</executable>
         <run_address>0x18a84</run_address>
         <size>0x40</size>
         <alignment>0x4</alignment>
         <input_file_ref idref="fl-38"/>
      </object_component>
      <object_component id="oc-103">
         <name>.text._Z10Sound_Initv</name>
         <load_address>0x18ac4</load_address>
         <readonly>true</readonly>
         <executable>true</executable>
         <run_address>0x18ac4</run_address>
         <size>0x3c</size>
         <alignment>0x4</alignment>
         <input_file_ref idref="fl-e"/>
      </object_component>
      <object_component id="oc-175">
         <name>.text._Z9DAC5_Initv</name>
         <load_address>0x18b00</load_address>
         <readonly>true</readonly>
         <executable>true</executable>
         <run_address>0x18b00</run_address>
         <size>0x3c</size>
         <alignment>0x4</alignment>
         <input_file_ref idref="fl-2"/>
      </object_component>
      <object_component id="oc-13f">
         <name>.text._Z11SPI_OutDatac</name>
         <load_address>0x18b3c</load_address>
         <readonly>true</readonly>
         <executable>true</executable>
         <run_address>0x18b3c</run_address>
         <size>0x38</size>
         <alignment>0x4</alignment>
         <input_file_ref idref="fl-a"/>
      </object_component>
      <object_component id="oc-150">
         <name>.text._Z15ActivatePortA_Bv</name>
         <load_address>0x18b74</load_address>
         <readonly>true</readonly>
         <executable>true</executable>
         <run_address>0x18b74</run_address>
         <size>0x38</size>
         <alignment>0x4</alignment>
         <input_file_ref idref="fl-8"/>
      </object_component>
      <object_component id="oc-e2">
         <name>.text._ZN5Enemy13SetSpawnDelayEiih</name>
         <load_address>0x18bac</load_address>
         <readonly>true</readonly>
         <executable>true</executable>
         <run_address>0x18bac</run_address>
         <size>0x38</size>
         <alignment>0x2</alignment>
         <input_file_ref idref="fl-3"/>
      </object_component>
      <object_component id="oc-117">
         <name>.text._ZN5Enemy10EnemyEraseEv</name>
         <load_address>0x18be4</load_address>
         <readonly>true</readonly>
         <executable>true</executable>
         <run_address>0x18be4</run_address>
         <size>0x36</size>
         <alignment>0x2</alignment>
         <input_file_ref idref="fl-3"/>
      </object_component>
      <object_component id="oc-d3">
         <name>.text._ZN5Queue6IsFullEv</name>
         <load_address>0x18c1a</load_address>
         <readonly>true</readonly>
         <executable>true</executable>
         <run_address>0x18c1a</run_address>
         <size>0x36</size>
         <alignment>0x2</alignment>
         <input_file_ref idref="fl-4"/>
      </object_component>
      <object_component id="oc-166">
         <name>.text._Z12ST7735_writeiPKcj</name>
         <load_address>0x18c50</load_address>
         <readonly>true</readonly>
         <executable>true</executable>
         <run_address>0x18c50</run_address>
         <size>0x34</size>
         <alignment>0x2</alignment>
         <input_file_ref idref="fl-b"/>
      </object_component>
      <object_component id="oc-182">
         <name>.text._Z14Clock_Delay1msj</name>
         <load_address>0x18c84</load_address>
         <readonly>true</readonly>
         <executable>true</executable>
         <run_address>0x18c84</run_address>
         <size>0x34</size>
         <alignment>0x4</alignment>
         <input_file_ref idref="fl-1"/>
      </object_component>
      <object_component id="oc-183">
         <name>.text._Z16ST7735_SetCursorjj</name>
         <load_address>0x18cb8</load_address>
         <readonly>true</readonly>
         <executable>true</executable>
         <run_address>0x18cb8</run_address>
         <size>0x34</size>
         <alignment>0x4</alignment>
         <input_file_ref idref="fl-b"/>
      </object_component>
      <object_component id="oc-fe">
         <name>.text._Z8LED_Initv</name>
         <load_address>0x18cec</load_address>
         <readonly>true</readonly>
         <executable>true</executable>
         <run_address>0x18cec</run_address>
         <size>0x34</size>
         <alignment>0x4</alignment>
         <input_file_ref idref="fl-6"/>
      </object_component>
      <object_component id="oc-1d6">
         <name>.text.__TI_cleanup</name>
         <load_address>0x18d20</load_address>
         <readonly>true</readonly>
         <executable>true</executable>
         <run_address>0x18d20</run_address>
         <size>0x34</size>
         <alignment>0x4</alignment>
         <input_file_ref idref="fl-38"/>
      </object_component>
      <object_component id="oc-241">
         <name>.text.__TI_readmsg</name>
         <load_address>0x18d54</load_address>
         <readonly>true</readonly>
         <executable>true</executable>
         <run_address>0x18d54</run_address>
         <size>0x34</size>
         <alignment>0x4</alignment>
         <input_file_ref idref="fl-106"/>
      </object_component>
      <object_component id="oc-23b">
         <name>.text.__TI_writemsg</name>
         <load_address>0x18d88</load_address>
         <readonly>true</readonly>
         <executable>true</executable>
         <run_address>0x18d88</run_address>
         <size>0x34</size>
         <alignment>0x4</alignment>
         <input_file_ref idref="fl-106"/>
      </object_component>
      <object_component id="oc-122">
         <name>.text.exit</name>
         <load_address>0x18dbc</load_address>
         <readonly>true</readonly>
         <executable>true</executable>
         <run_address>0x18dbc</run_address>
         <size>0x34</size>
         <alignment>0x4</alignment>
         <input_file_ref idref="fl-3b"/>
      </object_component>
      <object_component id="oc-1bd">
         <name>.text.finddevice</name>
         <load_address>0x18df0</load_address>
         <readonly>true</readonly>
         <executable>true</executable>
         <run_address>0x18df0</run_address>
         <size>0x34</size>
         <alignment>0x4</alignment>
         <input_file_ref idref="fl-11a"/>
      </object_component>
      <object_component id="oc-15e">
         <name>.text.freopen</name>
         <load_address>0x18e24</load_address>
         <readonly>true</readonly>
         <executable>true</executable>
         <run_address>0x18e24</run_address>
         <size>0x34</size>
         <alignment>0x4</alignment>
         <input_file_ref idref="fl-38"/>
      </object_component>
      <object_component id="oc-118">
         <name>.text._ZN5Enemy9EnemyDrawEv</name>
         <load_address>0x18e58</load_address>
         <readonly>true</readonly>
         <executable>true</executable>
         <run_address>0x18e58</run_address>
         <size>0x32</size>
         <alignment>0x2</alignment>
         <input_file_ref idref="fl-3"/>
      </object_component>
      <object_component id="oc-139">
         <name>.text._ZN5EnemyC2EiiPKt</name>
         <load_address>0x18e8a</load_address>
         <readonly>true</readonly>
         <executable>true</executable>
         <run_address>0x18e8a</run_address>
         <size>0x32</size>
         <alignment>0x2</alignment>
         <input_file_ref idref="fl-3"/>
      </object_component>
      <object_component id="oc-1ad">
         <name>.text._ZN6SpriteC2EiiiiPKt</name>
         <load_address>0x18ebc</load_address>
         <readonly>true</readonly>
         <executable>true</executable>
         <run_address>0x18ebc</run_address>
         <size>0x32</size>
         <alignment>0x2</alignment>
         <input_file_ref idref="fl-3"/>
      </object_component>
      <object_component id="oc-13c">
         <name>.text._Z11Sound_StartPKhj</name>
         <load_address>0x18ef0</load_address>
         <readonly>true</readonly>
         <executable>true</executable>
         <run_address>0x18ef0</run_address>
         <size>0x30</size>
         <alignment>0x4</alignment>
         <input_file_ref idref="fl-e"/>
      </object_component>
      <object_component id="oc-1b6">
         <name>.text._ZL10commonInitPKh</name>
         <load_address>0x18f20</load_address>
         <readonly>true</readonly>
         <executable>true</executable>
         <run_address>0x18f20</run_address>
         <size>0x30</size>
         <alignment>0x4</alignment>
         <input_file_ref idref="fl-b"/>
      </object_component>
      <object_component id="oc-158">
         <name>.text.fopen</name>
         <load_address>0x18f50</load_address>
         <readonly>true</readonly>
         <executable>true</executable>
         <run_address>0x18f50</run_address>
         <size>0x30</size>
         <alignment>0x4</alignment>
         <input_file_ref idref="fl-38"/>
      </object_component>
      <object_component id="oc-a0">
         <name>.text._Z17ST7735_FillScreent</name>
         <load_address>0x18f80</load_address>
         <readonly>true</readonly>
         <executable>true</executable>
         <run_address>0x18f80</run_address>
         <size>0x2c</size>
         <alignment>0x4</alignment>
         <input_file_ref idref="fl-b"/>
      </object_component>
      <object_component id="oc-268">
         <name>.text.unlink</name>
         <load_address>0x18fac</load_address>
         <readonly>true</readonly>
         <executable>true</executable>
         <run_address>0x18fac</run_address>
         <size>0x2c</size>
         <alignment>0x4</alignment>
         <input_file_ref idref="fl-fe"/>
      </object_component>
      <object_component id="oc-177">
         <name>.text._Z9ADC_StartP10ADC12_Regs</name>
         <load_address>0x18fd8</load_address>
         <readonly>true</readonly>
         <executable>true</executable>
         <run_address>0x18fd8</run_address>
         <size>0x28</size>
         <alignment>0x4</alignment>
         <input_file_ref idref="fl-10"/>
      </object_component>
      <object_component id="oc-119">
         <name>.text._ZN6Sprite5EraseEv</name>
         <load_address>0x19000</load_address>
         <readonly>true</readonly>
         <executable>true</executable>
         <run_address>0x19000</run_address>
         <size>0x28</size>
         <alignment>0x2</alignment>
         <input_file_ref idref="fl-3"/>
      </object_component>
      <object_component id="oc-231">
         <name>.text.free_list_insert</name>
         <load_address>0x19028</load_address>
         <readonly>true</readonly>
         <executable>true</executable>
         <run_address>0x19028</run_address>
         <size>0x28</size>
         <alignment>0x4</alignment>
         <input_file_ref idref="fl-3f"/>
      </object_component>
      <object_component id="oc-25f">
         <name>.text.write</name>
         <load_address>0x19050</load_address>
         <readonly>true</readonly>
         <executable>true</executable>
         <run_address>0x19050</run_address>
         <size>0x28</size>
         <alignment>0x4</alignment>
         <input_file_ref idref="fl-f7"/>
      </object_component>
      <object_component id="oc-68">
         <name>.text:_c_int00_noargs</name>
         <load_address>0x19078</load_address>
         <readonly>true</readonly>
         <executable>true</executable>
         <run_address>0x19078</run_address>
         <size>0x28</size>
         <alignment>0x4</alignment>
         <input_file_ref idref="fl-40"/>
      </object_component>
      <object_component id="oc-184">
         <name>.text._Z16ST7735_OutStringPc</name>
         <load_address>0x190a0</load_address>
         <readonly>true</readonly>
         <executable>true</executable>
         <run_address>0x190a0</run_address>
         <size>0x26</size>
         <alignment>0x2</alignment>
         <input_file_ref idref="fl-b"/>
      </object_component>
      <object_component id="oc-76">
         <name>.text._Z8DAC5_Outj</name>
         <load_address>0x190c8</load_address>
         <readonly>true</readonly>
         <executable>true</executable>
         <run_address>0x190c8</run_address>
         <size>0x24</size>
         <alignment>0x4</alignment>
         <input_file_ref idref="fl-2"/>
      </object_component>
      <object_component id="oc-11a">
         <name>.text._ZN6Sprite4DrawEv</name>
         <load_address>0x190ec</load_address>
         <readonly>true</readonly>
         <executable>true</executable>
         <run_address>0x190ec</run_address>
         <size>0x24</size>
         <alignment>0x2</alignment>
         <input_file_ref idref="fl-3"/>
      </object_component>
      <object_component id="oc-ce">
         <name>.text.__cxx_global_var_init.1</name>
         <load_address>0x19110</load_address>
         <readonly>true</readonly>
         <executable>true</executable>
         <run_address>0x19110</run_address>
         <size>0x20</size>
         <alignment>0x4</alignment>
         <input_file_ref idref="fl-7"/>
      </object_component>
      <object_component id="oc-27d">
         <name>.text._ZL9pushColort</name>
         <load_address>0x19130</load_address>
         <readonly>true</readonly>
         <executable>true</executable>
         <run_address>0x19130</run_address>
         <size>0x1e</size>
         <alignment>0x2</alignment>
         <input_file_ref idref="fl-b"/>
      </object_component>
      <object_component id="oc-136">
         <name>.text._ZN8JoystickC2Ejj</name>
         <load_address>0x1914e</load_address>
         <readonly>true</readonly>
         <executable>true</executable>
         <run_address>0x1914e</run_address>
         <size>0x1e</size>
         <alignment>0x2</alignment>
         <input_file_ref idref="fl-5"/>
      </object_component>
      <object_component id="oc-37">
         <name>.text.Default_Handler</name>
         <load_address>0x1916c</load_address>
         <readonly>true</readonly>
         <executable>true</executable>
         <run_address>0x1916c</run_address>
         <size>0x1c</size>
         <alignment>0x4</alignment>
         <input_file_ref idref="fl-15"/>
      </object_component>
      <object_component id="oc-38">
         <name>.text.HardFault_Handler</name>
         <load_address>0x19188</load_address>
         <readonly>true</readonly>
         <executable>true</executable>
         <run_address>0x19188</run_address>
         <size>0x1c</size>
         <alignment>0x4</alignment>
         <input_file_ref idref="fl-15"/>
      </object_component>
      <object_component id="oc-de">
         <name>.text._Z10Sound_Stopv</name>
         <load_address>0x191a4</load_address>
         <readonly>true</readonly>
         <executable>true</executable>
         <run_address>0x191a4</run_address>
         <size>0x1c</size>
         <alignment>0x4</alignment>
         <input_file_ref idref="fl-e"/>
      </object_component>
      <object_component id="oc-22f">
         <name>.text.free_list_remove</name>
         <load_address>0x191c0</load_address>
         <readonly>true</readonly>
         <executable>true</executable>
         <run_address>0x191c0</run_address>
         <size>0x1c</size>
         <alignment>0x4</alignment>
         <input_file_ref idref="fl-3f"/>
      </object_component>
      <object_component id="oc-cf">
         <name>.text.__cxx_global_var_init.2</name>
         <load_address>0x191dc</load_address>
         <readonly>true</readonly>
         <executable>true</executable>
         <run_address>0x191dc</run_address>
         <size>0x18</size>
         <alignment>0x4</alignment>
         <input_file_ref idref="fl-7"/>
      </object_component>
      <object_component id="oc-169">
         <name>.text._Z11ST7735_openPKcji</name>
         <load_address>0x191f4</load_address>
         <readonly>true</readonly>
         <executable>true</executable>
         <run_address>0x191f4</run_address>
         <size>0x16</size>
         <alignment>0x2</alignment>
         <input_file_ref idref="fl-b"/>
      </object_component>
      <object_component id="oc-167">
         <name>.text._Z11ST7735_readiPcj</name>
         <load_address>0x1920a</load_address>
         <readonly>true</readonly>
         <executable>true</executable>
         <run_address>0x1920a</run_address>
         <size>0x16</size>
         <alignment>0x2</alignment>
         <input_file_ref idref="fl-b"/>
      </object_component>
      <object_component id="oc-5f">
         <name>.text:decompress:ZI:__TI_zero_init_nomemset</name>
         <load_address>0x19220</load_address>
         <readonly>true</readonly>
         <executable>true</executable>
         <run_address>0x19220</run_address>
         <size>0x16</size>
         <alignment>0x2</alignment>
         <input_file_ref idref="fl-45"/>
      </object_component>
      <object_component id="oc-dd">
         <name>.text._Z10Sound_Walkv</name>
         <load_address>0x19238</load_address>
         <readonly>true</readonly>
         <executable>true</executable>
         <run_address>0x19238</run_address>
         <size>0x14</size>
         <alignment>0x4</alignment>
         <input_file_ref idref="fl-e"/>
      </object_component>
      <object_component id="oc-e0">
         <name>.text._ZN6Sprite4setXEi</name>
         <load_address>0x1924c</load_address>
         <readonly>true</readonly>
         <executable>true</executable>
         <run_address>0x1924c</run_address>
         <size>0x14</size>
         <alignment>0x2</alignment>
         <input_file_ref idref="fl-3"/>
      </object_component>
      <object_component id="oc-e1">
         <name>.text._ZN6Sprite4setYEi</name>
         <load_address>0x19260</load_address>
         <readonly>true</readonly>
         <executable>true</executable>
         <run_address>0x19260</run_address>
         <size>0x14</size>
         <alignment>0x2</alignment>
         <input_file_ref idref="fl-3"/>
      </object_component>
      <object_component id="oc-cd">
         <name>.text.__cxx_global_var_init</name>
         <load_address>0x19274</load_address>
         <readonly>true</readonly>
         <executable>true</executable>
         <run_address>0x19274</run_address>
         <size>0x14</size>
         <alignment>0x4</alignment>
         <input_file_ref idref="fl-7"/>
      </object_component>
      <object_component id="oc-eb">
         <name>.text:TI_memcpy_small</name>
         <load_address>0x19288</load_address>
         <readonly>true</readonly>
         <executable>true</executable>
         <run_address>0x19288</run_address>
         <size>0x12</size>
         <alignment>0x1</alignment>
         <input_file_ref idref="fl-11b"/>
      </object_component>
      <object_component id="oc-20">
         <name>.text:decompress:none</name>
         <load_address>0x1929a</load_address>
         <readonly>true</readonly>
         <executable>true</executable>
         <run_address>0x1929a</run_address>
         <size>0x12</size>
         <alignment>0x2</alignment>
         <input_file_ref idref="fl-46"/>
      </object_component>
      <object_component id="oc-6f">
         <name>.text._GLOBAL__sub_I_Lab9HMain.cpp</name>
         <load_address>0x192ac</load_address>
         <readonly>true</readonly>
         <executable>true</executable>
         <run_address>0x192ac</run_address>
         <size>0x10</size>
         <alignment>0x2</alignment>
         <input_file_ref idref="fl-7"/>
      </object_component>
      <object_component id="oc-17f">
         <name>.text._Z11Clock_Delayj</name>
         <load_address>0x192bc</load_address>
         <readonly>true</readonly>
         <executable>true</executable>
         <run_address>0x192bc</run_address>
         <size>0x10</size>
         <alignment>0x2</alignment>
         <input_file_ref idref="fl-1"/>
      </object_component>
      <object_component id="oc-11b">
         <name>.text._Z28TExaS_LaunchPadLogicPB27PB26v</name>
         <load_address>0x192cc</load_address>
         <readonly>true</readonly>
         <executable>true</executable>
         <run_address>0x192cc</run_address>
         <size>0x10</size>
         <alignment>0x4</alignment>
         <input_file_ref idref="fl-7"/>
      </object_component>
      <object_component id="oc-13b">
         <name>.text._ZN5QueueC2Ev</name>
         <load_address>0x192dc</load_address>
         <readonly>true</readonly>
         <executable>true</executable>
         <run_address>0x192dc</run_address>
         <size>0x10</size>
         <alignment>0x2</alignment>
         <input_file_ref idref="fl-4"/>
      </object_component>
      <object_component id="oc-d0">
         <name>.text.__cxx_global_var_init</name>
         <load_address>0x192ec</load_address>
         <readonly>true</readonly>
         <executable>true</executable>
         <run_address>0x192ec</run_address>
         <size>0x10</size>
         <alignment>0x4</alignment>
         <input_file_ref idref="fl-13"/>
      </object_component>
      <object_component id="oc-230">
         <name>.text.OUTLINED_FUNCTION_0</name>
         <load_address>0x192fc</load_address>
         <readonly>true</readonly>
         <executable>true</executable>
         <run_address>0x192fc</run_address>
         <size>0xe</size>
         <alignment>0x2</alignment>
         <input_file_ref idref="fl-3f"/>
      </object_component>
      <object_component id="oc-165">
         <name>.text._Z12ST7735_lseekili</name>
         <load_address>0x1930a</load_address>
         <readonly>true</readonly>
         <executable>true</executable>
         <run_address>0x1930a</run_address>
         <size>0xe</size>
         <alignment>0x2</alignment>
         <input_file_ref idref="fl-b"/>
      </object_component>
      <object_component id="oc-255">
         <name>.text.strcpy</name>
         <load_address>0x19318</load_address>
         <readonly>true</readonly>
         <executable>true</executable>
         <run_address>0x19318</run_address>
         <size>0xe</size>
         <alignment>0x2</alignment>
         <input_file_ref idref="fl-103"/>
      </object_component>
      <object_component id="oc-256">
         <name>.text.strlen</name>
         <load_address>0x19326</load_address>
         <readonly>true</readonly>
         <executable>true</executable>
         <run_address>0x19326</run_address>
         <size>0xe</size>
         <alignment>0x2</alignment>
         <input_file_ref idref="fl-103"/>
      </object_component>
      <object_component id="oc-145">
         <name>.text:TI_memset_small</name>
         <load_address>0x19334</load_address>
         <readonly>true</readonly>
         <executable>true</executable>
         <run_address>0x19334</run_address>
         <size>0xe</size>
         <alignment>0x1</alignment>
         <input_file_ref idref="fl-11c"/>
      </object_component>
      <object_component id="oc-179">
         <name>.text._Z10Clock_Freqv</name>
         <load_address>0x19344</load_address>
         <readonly>true</readonly>
         <executable>true</executable>
         <run_address>0x19344</run_address>
         <size>0xc</size>
         <alignment>0x4</alignment>
         <input_file_ref idref="fl-1"/>
      </object_component>
      <object_component id="oc-163">
         <name>.text._Z13ST7735_renamePKcS0_</name>
         <load_address>0x19350</load_address>
         <readonly>true</readonly>
         <executable>true</executable>
         <run_address>0x19350</run_address>
         <size>0xc</size>
         <alignment>0x2</alignment>
         <input_file_ref idref="fl-b"/>
      </object_component>
      <object_component id="oc-ab">
         <name>.text._ZN5Enemy10getIsAliveEv</name>
         <load_address>0x1935c</load_address>
         <readonly>true</readonly>
         <executable>true</executable>
         <run_address>0x1935c</run_address>
         <size>0xc</size>
         <alignment>0x2</alignment>
         <input_file_ref idref="fl-3"/>
      </object_component>
      <object_component id="oc-96">
         <name>.text._ZN6Player10getStaminaEv</name>
         <load_address>0x19368</load_address>
         <readonly>true</readonly>
         <executable>true</executable>
         <run_address>0x19368</run_address>
         <size>0xc</size>
         <alignment>0x2</alignment>
         <input_file_ref idref="fl-3"/>
      </object_component>
      <object_component id="oc-aa">
         <name>.text._ZN6Player14getPrevStaminaEv</name>
         <load_address>0x19374</load_address>
         <readonly>true</readonly>
         <executable>true</executable>
         <run_address>0x19374</run_address>
         <size>0xc</size>
         <alignment>0x2</alignment>
         <input_file_ref idref="fl-3"/>
      </object_component>
      <object_component id="oc-a6">
         <name>.text._ZN6Sprite4getXEv</name>
         <load_address>0x19380</load_address>
         <readonly>true</readonly>
         <executable>true</executable>
         <run_address>0x19380</run_address>
         <size>0xc</size>
         <alignment>0x2</alignment>
         <input_file_ref idref="fl-3"/>
      </object_component>
      <object_component id="oc-a8">
         <name>.text._ZN6Sprite4getYEv</name>
         <load_address>0x1938c</load_address>
         <readonly>true</readonly>
         <executable>true</executable>
         <run_address>0x1938c</run_address>
         <size>0xc</size>
         <alignment>0x2</alignment>
         <input_file_ref idref="fl-3"/>
      </object_component>
      <object_component id="oc-a7">
         <name>.text._ZN6Sprite8getPrevXEv</name>
         <load_address>0x19398</load_address>
         <readonly>true</readonly>
         <executable>true</executable>
         <run_address>0x19398</run_address>
         <size>0xc</size>
         <alignment>0x2</alignment>
         <input_file_ref idref="fl-3"/>
      </object_component>
      <object_component id="oc-a9">
         <name>.text._ZN6Sprite8getPrevYEv</name>
         <load_address>0x193a4</load_address>
         <readonly>true</readonly>
         <executable>true</executable>
         <run_address>0x193a4</run_address>
         <size>0xc</size>
         <alignment>0x2</alignment>
         <input_file_ref idref="fl-3"/>
      </object_component>
      <object_component id="oc-112">
         <name>.text._ZN6Sprite8getWidthEv</name>
         <load_address>0x193b0</load_address>
[...]
         <value>0x18c51</value>
         <object_component_ref idref="oc-166"/>
      </symbol>
      <symbol id="sm-1ec">
         <name>_Z12ST7735_lseekili</name>
         <value>0x1930b</value>
         <object_component_ref idref="oc-165"/>
      </symbol>
      <symbol id="sm-1ed">
         <name>_Z13ST7735_unlinkPKc</name>
         <value>0x193eb</value>
         <object_component_ref idref="oc-164"/>
      </symbol>
      <symbol id="sm-1ee">
         <name>_Z13ST7735_renamePKcS0_</name>
         <value>0x19351</value>
         <object_component_ref idref="oc-163"/>
      </symbol>
      <symbol id="sm-1ef">
         <name>_Z17ST7735_InitPrintf10initRFlags</name>
         <value>0x17a1d</value>
         <object_component_ref idref="oc-fb"/>
      </symbol>
      <symbol id="sm-20d">
         <name>_Z10Sound_Initv</name>
         <value>0x18ac5</value>
         <object_component_ref idref="oc-103"/>
      </symbol>
      <symbol id="sm-20e">
         <name>SysTick_Handler</name>
         <value>0x18901</value>
         <object_component_ref idref="oc-39"/>
      </symbol>
      <symbol id="sm-20f">
         <name>_Z11Sound_StartPKhj</name>
         <value>0x18ef1</value>
         <object_component_ref idref="oc-13c"/>
      </symbol>
      <symbol id="sm-210">
         <name>_Z10Sound_Stopv</name>
         <value>0x191a5</value>
         <object_component_ref idref="oc-de"/>
      </symbol>
      <symbol id="sm-211">
         <name>_Z10Sound_Walkv</name>
         <value>0x19239</value>
         <object_component_ref idref="oc-dd"/>
      </symbol>
      <symbol id="sm-21e">
         <name>_Z11Switch_Initv</name>
         <value>0x18649</value>
         <object_component_ref idref="oc-fd"/>
      </symbol>
      <symbol id="sm-21f">
         <name>_Z9Switch_Inv</name>
         <value>0x18199</value>
         <object_component_ref idref="oc-91"/>
      </symbol>
      <symbol id="sm-235">
         <name>_Z8ADC_InitP10ADC12_Regsjj</name>
         <value>0x16871</value>
         <object_component_ref idref="oc-176"/>
      </symbol>
      <symbol id="sm-236">
         <name>_Z9ADC_StartP10ADC12_Regs</name>
         <value>0x18fd9</value>
         <object_component_ref idref="oc-177"/>
      </symbol>
      <symbol id="sm-237">
         <name>_Z9UART_Initv</name>
         <value>0x170b9</value>
         <object_component_ref idref="oc-178"/>
      </symbol>
      <symbol id="sm-238">
         <name>TIMG7_IRQHandler</name>
         <value>0x18945</value>
         <object_component_ref idref="oc-43"/>
      </symbol>
      <symbol id="sm-239">
         <name>TExaSadc</name>
         <value>0x2020064c</value>
         <object_component_ref idref="oc-88"/>
      </symbol>
      <symbol id="sm-23a">
         <name>TExaSLogic</name>
         <value>0x20200648</value>
         <object_component_ref idref="oc-89"/>
      </symbol>
      <symbol id="sm-23b">
         <name>_Z10TExaS_InitP10ADC12_RegsjPFhvE</name>
         <value>0x185f1</value>
         <object_component_ref idref="oc-104"/>
      </symbol>
      <symbol id="sm-248">
         <name>_Z14TimerG7_IntArmtjj</name>
         <value>0x178d1</value>
         <object_component_ref idref="oc-17e"/>
      </symbol>
      <symbol id="sm-249">
         <name>_Z15TimerG12_IntArmjj</name>
         <value>0x17c91</value>
         <object_component_ref idref="oc-10d"/>
      </symbol>
      <symbol id="sm-25b">
         <name>Uart2RxQueue</name>
         <value>0x202001e8</value>
         <object_component_ref idref="oc-84"/>
      </symbol>
      <symbol id="sm-25c">
         <name>UART2_IRQHandler</name>
         <value>0x184e5</value>
         <object_component_ref idref="oc-3e"/>
      </symbol>
      <symbol id="sm-25d">
         <name>Uart2LostData</name>
         <value>0x20200258</value>
         <object_component_ref idref="oc-85"/>
      </symbol>
      <symbol id="sm-26f">
         <name>Default_Handler</name>
         <value>0x1916d</value>
         <object_component_ref idref="oc-37"/>
      </symbol>
      <symbol id="sm-270">
         <name>Reset_Handler</name>
         <value>0x19427</value>
         <object_component_ref idref="oc-33"/>
      </symbol>
      <symbol id="sm-271">
         <name>HardFault_Handler</name>
         <value>0x19189</value>
         <object_component_ref idref="oc-38"/>
      </symbol>
      <symbol id="sm-272">
         <name>interruptVectors</name>
         <value>0x0</value>
         <object_component_ref idref="oc-18"/>
      </symbol>
      <symbol id="sm-273">
         <name>NMI_Handler</name>
         <value>0x1916d</value>
         <object_component_ref idref="oc-37"/>
      </symbol>
      <symbol id="sm-274">
         <name>SVC_Handler</name>
         <value>0x1916d</value>
         <object_component_ref idref="oc-37"/>
      </symbol>
      <symbol id="sm-275">
         <name>PendSV_Handler</name>
         <value>0x1916d</value>
         <object_component_ref idref="oc-37"/>
      </symbol>
      <symbol id="sm-276">
         <name>GROUP0_IRQHandler</name>
         <value>0x1916d</value>
         <object_component_ref idref="oc-37"/>
      </symbol>
      <symbol id="sm-277">
         <name>GROUP1_IRQHandler</name>
         <value>0x1916d</value>
         <object_component_ref idref="oc-37"/>
      </symbol>
      <symbol id="sm-278">
         <name>TIMG8_IRQHandler</name>
         <value>0x1916d</value>
         <object_component_ref idref="oc-37"/>
      </symbol>
      <symbol id="sm-279">
         <name>UART3_IRQHandler</name>
         <value>0x1916d</value>
         <object_component_ref idref="oc-37"/>
      </symbol>
      <symbol id="sm-27a">
         <name>ADC0_IRQHandler</name>
         <value>0x1916d</value>
         <object_component_ref idref="oc-37"/>
      </symbol>
      <symbol id="sm-27b">
         <name>ADC1_IRQHandler</name>
         <value>0x1916d</value>
         <object_component_ref idref="oc-37"/>
      </symbol>
      <symbol id="sm-27c">
         <name>CANFD0_IRQHandler</name>
         <value>0x1916d</value>
         <object_component_ref idref="oc-37"/>
      </symbol>
      <symbol id="sm-27d">
         <name>DAC0_IRQHandler</name>
         <value>0x1916d</value>
         <object_component_ref idref="oc-37"/>
      </symbol>
      <symbol id="sm-27e">
         <name>SPI0_IRQHandler</name>
         <value>0x1916d</value>
         <object_component_ref idref="oc-37"/>
      </symbol>
      <symbol id="sm-27f">
         <name>SPI1_IRQHandler</name>
         <value>0x1916d</value>
         <object_component_ref idref="oc-37"/>
      </symbol>
      <symbol id="sm-280">
         <name>UART1_IRQHandler</name>
         <value>0x1916d</value>
         <object_component_ref idref="oc-37"/>
      </symbol>
      <symbol id="sm-281">
         <name>UART0_IRQHandler</name>
         <value>0x1916d</value>
         <object_component_ref idref="oc-37"/>
      </symbol>
      <symbol id="sm-282">
         <name>TIMG0_IRQHandler</name>
         <value>0x1916d</value>
         <object_component_ref idref="oc-37"/>
      </symbol>
      <symbol id="sm-283">
         <name>TIMG6_IRQHandler</name>
         <value>0x1916d</value>
         <object_component_ref idref="oc-37"/>
      </symbol>
      <symbol id="sm-284">
         <name>TIMA0_IRQHandler</name>
         <value>0x1916d</value>
         <object_component_ref idref="oc-37"/>
      </symbol>
      <symbol id="sm-285">
         <name>TIMA1_IRQHandler</name>
         <value>0x1916d</value>
         <object_component_ref idref="oc-37"/>
      </symbol>
      <symbol id="sm-286">
         <name>I2C0_IRQHandler</name>
         <value>0x1916d</value>
         <object_component_ref idref="oc-37"/>
      </symbol>
      <symbol id="sm-287">
         <name>I2C1_IRQHandler</name>
         <value>0x1916d</value>
         <object_component_ref idref="oc-37"/>
      </symbol>
      <symbol id="sm-288">
         <name>AES_IRQHandler</name>
         <value>0x1916d</value>
         <object_component_ref idref="oc-37"/>
      </symbol>
      <symbol id="sm-289">
         <name>RTC_IRQHandler</name>
         <value>0x1916d</value>
         <object_component_ref idref="oc-37"/>
      </symbol>
      <symbol id="sm-28a">
         <name>DMA_IRQHandler</name>
         <value>0x1916d</value>
         <object_component_ref idref="oc-37"/>
      </symbol>
      <symbol id="sm-28b">
         <name>__TI_ATRegion0_src_addr</name>
         <value>0x0</value>
      </symbol>
      <symbol id="sm-28c">
         <name>__TI_ATRegion0_trg_addr</name>
         <value>0x0</value>
      </symbol>
      <symbol id="sm-28d">
         <name>__TI_ATRegion0_region_sz</name>
         <value>0x0</value>
      </symbol>
      <symbol id="sm-28e">
         <name>__TI_ATRegion1_src_addr</name>
         <value>0x0</value>
      </symbol>
      <symbol id="sm-28f">
         <name>__TI_ATRegion1_trg_addr</name>
         <value>0x0</value>
      </symbol>
      <symbol id="sm-290">
         <name>__TI_ATRegion1_region_sz</name>
         <value>0x0</value>
      </symbol>
      <symbol id="sm-291">
         <name>__TI_ATRegion2_src_addr</name>
         <value>0x0</value>
      </symbol>
      <symbol id="sm-292">
         <name>__TI_ATRegion2_trg_addr</name>
         <value>0x0</value>
      </symbol>
      <symbol id="sm-293">
         <name>__TI_ATRegion2_region_sz</name>
         <value>0x0</value>
      </symbol>
      <symbol id="sm-2ac">
         <name>fopen</name>
         <value>0x18f51</value>
         <object_component_ref idref="oc-158"/>
      </symbol>
      <symbol id="sm-2ad">
         <name>__TI_cleanup</name>
         <value>0x18d21</value>
         <object_component_ref idref="oc-1d6"/>
      </symbol>
      <symbol id="sm-2ae">
         <name>freopen</name>
         <value>0x18e25</value>
         <object_component_ref idref="oc-15e"/>
      </symbol>
      <symbol id="sm-2b8">
         <name>setvbuf</name>
         <value>0x1736d</value>
         <object_component_ref idref="oc-15f"/>
      </symbol>
      <symbol id="sm-2c7">
         <name>abort</name>
         <value>0x19421</value>
         <object_component_ref idref="oc-11d"/>
      </symbol>
      <symbol id="sm-2c8">
         <name>__TI_cleanup_ptr</name>
         <value>0x20200244</value>
         <object_component_ref idref="oc-1a5"/>
      </symbol>
      <symbol id="sm-2c9">
         <name>__TI_dtors_ptr</name>
         <value>0x20200248</value>
         <object_component_ref idref="oc-1a5"/>
      </symbol>
      <symbol id="sm-2ca">
         <name>exit</name>
         <value>0x18dbd</value>
         <object_component_ref idref="oc-122"/>
      </symbol>
      <symbol id="sm-2d3">
         <name>_nop</name>
         <value>0x17a1b</value>
         <object_component_ref idref="oc-1e8"/>
      </symbol>
      <symbol id="sm-2d4">
         <name>_lock</name>
         <value>0x20200260</value>
         <object_component_ref idref="oc-1a3"/>
      </symbol>
      <symbol id="sm-2d5">
         <name>_unlock</name>
         <value>0x20200264</value>
         <object_component_ref idref="oc-1a6"/>
      </symbol>
      <symbol id="sm-2db">
         <name>_ftable</name>
         <value>0x20200000</value>
         <object_component_ref idref="oc-16d"/>
      </symbol>
      <symbol id="sm-2dc">
         <name>__TI_ft_end</name>
         <value>0x2020025c</value>
         <object_component_ref idref="oc-219"/>
      </symbol>
      <symbol id="sm-2dd">
         <name>__TI_tmpnams</name>
         <value>0x202005a0</value>
         <object_component_ref idref="oc-22c"/>
      </symbol>
      <symbol id="sm-300">
         <name>malloc</name>
         <value>0x193d5</value>
         <object_component_ref idref="oc-1d5"/>
      </symbol>
      <symbol id="sm-301">
         <name>aligned_alloc</name>
         <value>0x16ab1</value>
         <object_component_ref idref="oc-232"/>
      </symbol>
      <symbol id="sm-302">
         <name>free</name>
         <value>0x171a1</value>
         <object_component_ref idref="oc-1d3"/>
      </symbol>
      <symbol id="sm-303">
         <name>_sys_memory</name>
         <value>0x20200280</value>
         <object_component_ref idref="oc-31"/>
      </symbol>
      <symbol id="sm-304">
         <name>memalign</name>
         <value>0x16ab1</value>
         <object_component_ref idref="oc-232"/>
      </symbol>
      <symbol id="sm-30f">
         <name>_c_int00_noargs</name>
         <value>0x19079</value>
         <object_component_ref idref="oc-68"/>
      </symbol>
      <symbol id="sm-310">
         <name>__stack</name>
         <value>0x20207e00</value>
         <object_component_ref idref="oc-1a"/>
      </symbol>
      <symbol id="sm-31c">
         <name>__TI_auto_init_nobinit</name>
         <value>0x1869d</value>
         <object_component_ref idref="oc-12a"/>
      </symbol>
      <symbol id="sm-324">
         <name>_system_pre_init</name>
         <value>0x1942b</value>
         <object_component_ref idref="oc-be"/>
      </symbol>
      <symbol id="sm-32f">
         <name>__TI_zero_init_nomemset</name>
         <value>0x19221</value>
         <object_component_ref idref="oc-5f"/>
      </symbol>
      <symbol id="sm-338">
         <name>__TI_decompress_none</name>
         <value>0x1929b</value>
         <object_component_ref idref="oc-20"/>
      </symbol>
      <symbol id="sm-343">
         <name>__TI_decompress_lzss</name>
         <value>0x18039</value>
         <object_component_ref idref="oc-1c"/>
      </symbol>
      <symbol id="sm-34f">
         <name>__TI_closefile</name>
         <value>0x17fbd</value>
         <object_component_ref idref="oc-1cd"/>
      </symbol>
      <symbol id="sm-359">
         <name>__TI_doflush</name>
         <value>0x186f1</value>
         <object_component_ref idref="oc-21e"/>
      </symbol>
      <symbol id="sm-36c">
         <name>HOSTexit</name>
         <value>0x17dad</value>
         <object_component_ref idref="oc-19d"/>
      </symbol>
      <symbol id="sm-36d">
         <name>C$$EXIT</name>
         <value>0x17dac</value>
         <object_component_ref idref="oc-19d"/>
      </symbol>
      <symbol id="sm-377">
         <name>write</name>
         <value>0x19051</value>
         <object_component_ref idref="oc-25f"/>
      </symbol>
      <symbol id="sm-37c">
         <name>_device</name>
         <value>0x202000f0</value>
         <object_component_ref idref="oc-1c4"/>
      </symbol>
      <symbol id="sm-37d">
         <name>_stream</name>
         <value>0x20200168</value>
         <object_component_ref idref="oc-25b"/>
      </symbol>
      <symbol id="sm-386">
         <name>remove</name>
         <value>0x19419</value>
         <object_component_ref idref="oc-228"/>
      </symbol>
      <symbol id="sm-392">
         <name>open</name>
         <value>0x17abd</value>
         <object_component_ref idref="oc-21a"/>
      </symbol>
      <symbol id="sm-39d">
         <name>close</name>
         <value>0x18745</value>
         <object_component_ref idref="oc-224"/>
      </symbol>
      <symbol id="sm-3a9">
         <name>add_device</name>
         <value>0x16fcd</value>
         <object_component_ref idref="oc-154"/>
      </symbol>
      <symbol id="sm-3b3">
         <name>unlink</name>
         <value>0x18fad</value>
         <object_component_ref idref="oc-268"/>
      </symbol>
      <symbol id="sm-3bd">
         <name>HOSTclose</name>
         <value>0x187e1</value>
         <object_component_ref idref="oc-1fc"/>
      </symbol>
      <symbol id="sm-3c7">
         <name>HOSTlseek</name>
         <value>0x18279</value>
         <object_component_ref idref="oc-208"/>
      </symbol>
      <symbol id="sm-3d1">
         <name>HOSTopen</name>
         <value>0x18485</value>
         <object_component_ref idref="oc-1f8"/>
      </symbol>
      <symbol id="sm-3d2">
         <name>parmbuf</name>
         <value>0x20200640</value>
         <object_component_ref idref="oc-242"/>
      </symbol>
      <symbol id="sm-3dc">
         <name>HOSTread</name>
         <value>0x18541</value>
         <object_component_ref idref="oc-200"/>
      </symbol>
      <symbol id="sm-3ed">
         <name>HOSTrename</name>
         <value>0x182e5</value>
         <object_component_ref idref="oc-210"/>
      </symbol>
      <symbol id="sm-3f7">
         <name>HOSTunlink</name>
         <value>0x18829</value>
         <object_component_ref idref="oc-20c"/>
      </symbol>
      <symbol id="sm-401">
         <name>HOSTwrite</name>
         <value>0x18599</value>
         <object_component_ref idref="oc-204"/>
      </symbol>
      <symbol id="sm-40f">
         <name>C$$IO$$</name>
         <value>0x18db5</value>
         <object_component_ref idref="oc-23b"/>
      </symbol>
      <symbol id="sm-410">
         <name>__TI_writemsg</name>
         <value>0x18d89</value>
         <object_component_ref idref="oc-23b"/>
      </symbol>
      <symbol id="sm-411">
         <name>__CIOBUF_</name>
         <value>0x20200480</value>
         <object_component_ref idref="oc-274"/>
      </symbol>
      <symbol id="sm-412">
         <name>__TI_readmsg</name>
         <value>0x18d55</value>
         <object_component_ref idref="oc-241"/>
      </symbol>
      <symbol id="sm-413">
         <name>_CIOBUF_</name>
         <value>0x20200480</value>
         <object_component_ref idref="oc-274"/>
      </symbol>
      <symbol id="sm-419">
         <name>__aeabi_memcpy</name>
         <value>0x19411</value>
         <object_component_ref idref="oc-58"/>
      </symbol>
      <symbol id="sm-41a">
         <name>__aeabi_memcpy4</name>
         <value>0x19411</value>
         <object_component_ref idref="oc-58"/>
      </symbol>
      <symbol id="sm-41b">
         <name>__aeabi_memcpy8</name>
         <value>0x19411</value>
         <object_component_ref idref="oc-58"/>
      </symbol>
      <symbol id="sm-422">
         <name>__aeabi_memclr</name>
         <value>0x193c9</value>
         <object_component_ref idref="oc-b9"/>
      </symbol>
      <symbol id="sm-423">
         <name>__aeabi_memclr4</name>
         <value>0x193c9</value>
         <object_component_ref idref="oc-b9"/>
      </symbol>
      <symbol id="sm-424">
         <name>__aeabi_memclr8</name>
         <value>0x193c9</value>
         <object_component_ref idref="oc-b9"/>
      </symbol>
      <symbol id="sm-42a">
         <name>__aeabi_uidiv</name>
         <value>0x18a45</value>
         <object_component_ref idref="oc-17a"/>
      </symbol>
      <symbol id="sm-42b">
         <name>__aeabi_uidivmod</name>
         <value>0x18a45</value>
         <object_component_ref idref="oc-17a"/>
      </symbol>
      <symbol id="sm-436">
         <name>__aeabi_idiv0</name>
         <value>0x16ddf</value>
         <object_component_ref idref="oc-1de"/>
      </symbol>
      <symbol id="sm-444">
         <name>finddevice</name>
         <value>0x18df1</value>
         <object_component_ref idref="oc-1bd"/>
      </symbol>
      <symbol id="sm-445">
         <name>getdevice</name>
         <value>0x18351</value>
         <object_component_ref idref="oc-259"/>
      </symbol>
      <symbol id="sm-44e">
         <name>TI_memcpy_small</name>
         <value>0x19289</value>
         <object_component_ref idref="oc-eb"/>
      </symbol>
      <symbol id="sm-457">
         <name>TI_memset_small</name>
         <value>0x19335</value>
         <object_component_ref idref="oc-145"/>
      </symbol>
      <symbol id="sm-45f">
         <name>strcmp</name>
         <value>0x17db1</value>
         <object_component_ref idref="oc-1f2"/>
      </symbol>
      <symbol id="sm-460">
         <name>__TI_static_base__</name>
         <value>0x0</value>
      </symbol>
      <symbol id="sm-463">
         <name>__mpu_init</name>
         <value>0x0</value>
      </symbol>
      <symbol id="sm-464">
         <name>_system_post_cinit</name>
         <value>0x0</value>
      </symbol>
   </symbol_table>
   <title>Link successful</title>
</link_info>
