******************************************************************************
            TI ARM Clang Linker Unix v4.0.4                    
******************************************************************************
>> Linked Wed Apr 22 18:46:11 2026

OUTPUT FILE NAME:   <ECE319K_Lab9H.out>
ENTRY POINT SYMBOL: "_c_int00_noargs"  address: 00019079


MEMORY CONFIGURATION

         name            origin    length      used     unused   attr    fill
----------------------  --------  ---------  --------  --------  ----  --------
  FLASH                 00000000   00020000  000194c8  00006b38  R  X
  SRAM                  20200000   00008000  0000085d  000077a3  RW X
  BCR_CONFIG            41c00000   00000080  00000000  00000080  R   
  BSL_CONFIG            41c00100   00000080  00000000  00000080  R   


SEGMENT ALLOCATION MAP

run origin  load origin   length   init length attrs members
----------  ----------- ---------- ----------- ----- -------
00000000    00000000    000194c8   000194c8    r-x
  00000000    00000000    000000c0   000000c0    r-- .intvecs
  000000c0    000000c0    00015888   00015888    r-- .rodata
  00015948    00015948    00000008   00000008    r-- .init_array
  00015950    00015950    00003ae0   00003ae0    r-x .text
  00019430    00019430    00000098   00000098    r-- .cinit
20200000    20200000    00000660   00000000    rw-
  20200000    20200000    0000027d   00000000    rw- .data
  20200280    20200280    00000200   00000000    rw- .sysmem
  20200480    20200480    000001e0   00000000    rw- .bss
20207e00    20207e00    00000200   00000000    rw-
  20207e00    20207e00    00000200   00000000    rw- .stack


SECTION ALLOCATION MAP

 output                                  attributes/
section   page    origin      length       input sections
--------  ----  ----------  ----------   ----------------
.intvecs   0    00000000    000000c0     
                  00000000    000000c0     startup_mspm0g3507_ticlang.o (.intvecs)

.binit     0    00000000    00000000     

.text      0    00015950    00003ae0     
                  00015950    00000324     Menu.o (.text._Z10Menu_Startv)
                  00015c74    00000248     Lab9HMain.o (.text.TIMG12_IRQHandler)
                  00015ebc    00000210     ST7735.o (.text._Z17ST7735_DrawBitmapssPKtss)
                  000160cc    000001b4     Clock.o (.text._Z15Clock_Init80MHzi)
                  00016280    000001a0     ST7735.o (.text._Z16ST7735_DrawCharSsscssh)
                  00016420    00000180     Lab9HMain.o (.text.main)
                  000165a0    0000017c     Lab9HMain.o (.text._Z11RoutePlayerh)
                  0001671c    00000154     libc.a : fopen.c.obj (.text._openfile)
                  00016870    00000128     TExaS.o (.text._Z8ADC_InitP10ADC12_Regsjj)
                  00016998    00000118     ST7735.o (.text._Z15ST7735_FillRectsssst)
                  00016ab0    00000114     libc.a : memory.c.obj (.text.aligned_alloc)
                  00016bc4    00000110     Entities.o (.text._ZN6Player4MoveEiiPA16_Kh)
                  00016cd4    0000010a     Entities.o (.text._Z14CheckCollisioniiiiPA16_Kh)
                  00016dde    00000002     libclang_rt.builtins.a : aeabi_div0.c.obj (.text.__aeabi_idiv0)
                  00016de0    000000f8     SPI.o (.text._Z8SPI_Initv)
                  00016ed8    000000f4     ST7735.o (.text._Z18ST7735_SetRotationh)
                  00016fcc    000000ec     libsysbm.a : add_device.c.obj (.text.add_device)
                  000170b8    000000e8     TExaS.o (.text._Z9UART_Initv)
                  000171a0    000000e8     libc.a : memory.c.obj (.text.free)
                  00017288    000000e4     Entities.o (.text._ZN5Enemy5ChaseEiiPA16_Kh)
                  0001736c    000000e0     libc.a : setvbuf.c.obj (.text.setvbuf)
                  0001744c    000000d8     Lab9HMain.o (.text._Z14DrawStaminaBari)
                  00017524    000000d0     ST7735.o (.text._Z14ST7735_OutCharc)
                  000175f4    000000cc     Joystick.o (.text._ZN8Joystick2InEv)
                  000176c0    000000b0     ST7735.o (.text._Z20ST7735_DrawFastHLinessst)
                  00017770    000000b0     ST7735.o (.text._Z20ST7735_DrawFastVLinessst)
                  00017820    000000b0     Lab9HMain.o (.text._Z7DrawMapPA16_Kh)
                  000178d0    000000a8     Timer.o (.text._Z14TimerG7_IntArmtjj)
                  00017978    000000a2     ST7735.o (.text._ZL11commandListPKh)
                  00017a1a    00000002     libc.a : _lock.c.obj (.text._nop)
                  00017a1c    000000a0     ST7735.o (.text._Z17ST7735_InitPrintf10initRFlags)
                  00017abc    000000a0     libsysbm.a : open.c.obj (.text.open)
                  00017b5c    0000009c     Entities.o (.text._ZN5Enemy11CheckTaggedEiiii)
                  00017bf8    00000098     ST7735.o (.text._Z12ST7735_InitR10initRFlags)
                  00017c90    00000094     Timer.o (.text._Z15TimerG12_IntArmjj)
                  00017d24    00000088     ST7735.o (.text._ZL13setAddrWindowhhhh)
                  00017dac    00000004     libsysbm.a : hostexit.c.obj (.text.HOSTexit)
                  00017db0    00000088     libc.a : strcmp-armv6m.S.obj (.text:strcmp)
                  00017e38    00000084     ST7735.o (.text._Z17ST7735_DrawStringttPcs)
                  00017ebc    00000084     Entities.o (.text._ZN6Player13updateStaminaEh)
                  00017f40    0000007c     LaunchPad.o (.text._Z14LaunchPad_Initv)
                  00017fbc    0000007c     libc.a : fclose.c.obj (.text.__TI_closefile)
                  00018038    0000007c            : copy_decompress_lzss.c.obj (.text:decompress:lzss)
                  000180b4    00000074     Joystick.o (.text._ZN8Joystick4InitEv)
                  00018128    00000070     ST7735.o (.text._Z16ST7735_DrawPixelsst)
                  00018198    00000070     Switch.o (.text._Z9Switch_Inv)
                  00018208    00000070     Lab9HMain.o (.text._ZL16ShowTaggedScreenv)
                  00018278    0000006c     libsysbm.a : hostlseek.c.obj (.text.HOSTlseek)
                  000182e4    0000006c                : hostrename.c.obj (.text.HOSTrename)
                  00018350    0000006c     libc.a : getdevice.c.obj (.text.getdevice)
                  000183bc    00000064            : memory.c.obj (.text.split)
                  00018420    00000062     Entities.o (.text._ZN5Enemy6UpdateEiiPA16_Kh)
                  00018482    00000002     --HOLE-- [fill = 0]
                  00018484    00000060     libsysbm.a : hostopen.c.obj (.text.HOSTopen)
                  000184e4    0000005c     UART1Recieve.o (.text.UART2_IRQHandler)
                  00018540    00000058     libsysbm.a : hostread.c.obj (.text.HOSTread)
                  00018598    00000058                : hostwrite.c.obj (.text.HOSTwrite)
                  000185f0    00000058     TExaS.o (.text._Z10TExaS_InitP10ADC12_RegsjPFhvE)
                  00018648    00000054     Switch.o (.text._Z11Switch_Initv)
                  0001869c    00000054     libc.a : autoinit.c.obj (.text:__TI_auto_init_nobinit)
                  000186f0    00000052            : fflush.c.obj (.text.__TI_doflush)
                  00018742    00000002     --HOLE-- [fill = 0]
                  00018744    00000050     libsysbm.a : close.c.obj (.text.close)
                  00018794    0000004a     FIFO2.o (.text._ZN5Queue3PutEc)
                  000187de    00000002     --HOLE-- [fill = 0]
                  000187e0    00000048     libsysbm.a : hostclose.c.obj (.text.HOSTclose)
                  00018828    00000048                : hostunlink.c.obj (.text.HOSTunlink)
                  00018870    00000048     SPI.o (.text._Z14SPI_OutCommandc)
                  000188b8    00000046     Entities.o (.text._ZN6PlayerC2EiiPKth)
                  000188fe    00000002     --HOLE-- [fill = 0]
                  00018900    00000044     Sound.o (.text.SysTick_Handler)
                  00018944    00000040     TExaS.o (.text.TIMG7_IRQHandler)
                  00018984    00000040     SPI.o (.text._Z9SPI_Resetv)
                  000189c4    00000040     Joystick.o (.text._ZN8Joystick10getXChangeEv)
                  00018a04    00000040     Joystick.o (.text._ZN8Joystick10getYChangeEv)
                  00018a44    00000040     libclang_rt.builtins.a : aeabi_uidivmod.S.obj (.text.__aeabi_uidivmod)
                  00018a84    00000040     libc.a : fopen.c.obj (.text._search_fp)
                  00018ac4    0000003c     Sound.o (.text._Z10Sound_Initv)
                  00018b00    0000003c     DAC5.o (.text._Z9DAC5_Initv)
                  00018b3c    00000038     SPI.o (.text._Z11SPI_OutDatac)
                  00018b74    00000038     LaunchPad.o (.text._Z15ActivatePortA_Bv)
                  00018bac    00000038     Entities.o (.text._ZN5Enemy13SetSpawnDelayEiih)
                  00018be4    00000036     Entities.o (.text._ZN5Enemy10EnemyEraseEv)
                  00018c1a    00000036     FIFO2.o (.text._ZN5Queue6IsFullEv)
                  00018c50    00000034     ST7735.o (.text._Z12ST7735_writeiPKcj)
                  00018c84    00000034     Clock.o (.text._Z14Clock_Delay1msj)
                  00018cb8    00000034     ST7735.o (.text._Z16ST7735_SetCursorjj)
                  00018cec    00000034     LED.o (.text._Z8LED_Initv)
                  00018d20    00000034     libc.a : fopen.c.obj (.text.__TI_cleanup)
                  00018d54    00000034     libsysbm.a : trgmsg.c.obj (.text.__TI_readmsg)
                  00018d88    00000034                : trgmsg.c.obj (.text.__TI_writemsg)
                  00018dbc    00000034     libc.a : exit.c.obj (.text.exit)
                  00018df0    00000034            : getdevice.c.obj (.text.finddevice)
                  00018e24    00000034            : fopen.c.obj (.text.freopen)
                  00018e58    00000032     Entities.o (.text._ZN5Enemy9EnemyDrawEv)
                  00018e8a    00000032     Entities.o (.text._ZN5EnemyC2EiiPKt)
                  00018ebc    00000032     Entities.o (.text._ZN6SpriteC2EiiiiPKt)
                  00018eee    00000002     --HOLE-- [fill = 0]
                  00018ef0    00000030     Sound.o (.text._Z11Sound_StartPKhj)
                  00018f20    00000030     ST7735.o (.text._ZL10commonInitPKh)
                  00018f50    00000030     libc.a : fopen.c.obj (.text.fopen)
                  00018f80    0000002c     ST7735.o (.text._Z17ST7735_FillScreent)
                  00018fac    0000002c     libsysbm.a : unlink.c.obj (.text.unlink)
                  00018fd8    00000028     TExaS.o (.text._Z9ADC_StartP10ADC12_Regs)
                  00019000    00000028     Entities.o (.text._ZN6Sprite5EraseEv)
                  00019028    00000028     libc.a : memory.c.obj (.text.free_list_insert)
                  00019050    00000028     libsysbm.a : write.c.obj (.text.write)
                  00019078    00000028     libc.a : boot_cortex_m.c.obj (.text:_c_int00_noargs)
                  000190a0    00000026     ST7735.o (.text._Z16ST7735_OutStringPc)
                  000190c6    00000002     --HOLE-- [fill = 0]
                  000190c8    00000024     DAC5.o (.text._Z8DAC5_Outj)
                  000190ec    00000024     Entities.o (.text._ZN6Sprite4DrawEv)
                  00019110    00000020     Lab9HMain.o (.text.__cxx_global_var_init.1)
                  00019130    0000001e     ST7735.o (.text._ZL9pushColort)
                  0001914e    0000001e     Joystick.o (.text._ZN8JoystickC2Ejj)
                  0001916c    0000001c     startup_mspm0g3507_ticlang.o (.text.Default_Handler)
                  00019188    0000001c     startup_mspm0g3507_ticlang.o (.text.HardFault_Handler)
                  000191a4    0000001c     Sound.o (.text._Z10Sound_Stopv)
                  000191c0    0000001c     libc.a : memory.c.obj (.text.free_list_remove)
                  000191dc    00000018     Lab9HMain.o (.text.__cxx_global_var_init.2)
                  000191f4    00000016     ST7735.o (.text._Z11ST7735_openPKcji)
                  0001920a    00000016     ST7735.o (.text._Z11ST7735_readiPcj)
                  00019220    00000016     libc.a : copy_zero_init.c.obj (.text:decompress:ZI:__TI_zero_init_nomemset)
                  00019236    00000002     --HOLE-- [fill = 0]
                  00019238    00000014     Sound.o (.text._Z10Sound_Walkv)
                  0001924c    00000014     Entities.o (.text._ZN6Sprite4setXEi)
                  00019260    00000014     Entities.o (.text._ZN6Sprite4setYEi)
                  00019274    00000014     Lab9HMain.o (.text.__cxx_global_var_init)
                  00019288    00000012     libc.a : memcpy16.S.obj (.text:TI_memcpy_small)
                  0001929a    00000012            : copy_decompress_none.c.obj (.text:decompress:none)
                  000192ac    00000010     Lab9HMain.o (.text._GLOBAL__sub_I_Lab9HMain.cpp)
                  000192bc    00000010     Clock.o (.text._Z11Clock_Delayj)
                  000192cc    00000010     Lab9HMain.o (.text._Z28TExaS_LaunchPadLogicPB27PB26v)
                  000192dc    00000010     FIFO2.o (.text._ZN5QueueC2Ev)
                  000192ec    00000010     UART1Recieve.o (.text.__cxx_global_var_init)
                  000192fc    0000000e     libc.a : memory.c.obj (.text.OUTLINED_FUNCTION_0)
                  0001930a    0000000e     ST7735.o (.text._Z12ST7735_lseekili)
                  00019318    0000000e     libsysbm.a : hostrename.c.obj (.text.strcpy)
                  00019326    0000000e                : hostrename.c.obj (.text.strlen)
                  00019334    0000000e     libc.a : memset16.S.obj (.text:TI_memset_small)
                  00019342    00000002     --HOLE-- [fill = 0]
                  00019344    0000000c     Clock.o (.text._Z10Clock_Freqv)
                  00019350    0000000c     ST7735.o (.text._Z13ST7735_renamePKcS0_)
                  0001935c    0000000c     Entities.o (.text._ZN5Enemy10getIsAliveEv)
                  00019368    0000000c     Entities.o (.text._ZN6Player10getStaminaEv)
                  00019374    0000000c     Entities.o (.text._ZN6Player14getPrevStaminaEv)
                  00019380    0000000c     Entities.o (.text._ZN6Sprite4getXEv)
                  0001938c    0000000c     Entities.o (.text._ZN6Sprite4getYEv)
                  00019398    0000000c     Entities.o (.text._ZN6Sprite8getPrevXEv)
                  000193a4    0000000c     Entities.o (.text._ZN6Sprite8getPrevYEv)
                  000193b0    0000000c     Entities.o (.text._ZN6Sprite8getWidthEv)
                  000193bc    0000000c     Entities.o (.text._ZN6Sprite9getHeightEv)
                  000193c8    0000000c     libclang_rt.builtins.a : aeabi_memset.S.obj (.text.__aeabi_memclr)
                  000193d4    0000000c     libc.a : memory.c.obj (.text.malloc)
                  000193e0    0000000a     ST7735.o (.text._Z12ST7735_closei)
                  000193ea    0000000a     ST7735.o (.text._Z13ST7735_unlinkPKc)
                  000193f4    0000000a     Lab9HMain.o (.text._Z8PLL_Initv)
                  000193fe    0000000a     Menu.o (.text._Z9Menu_Initv)
                  00019408    00000008     UART1Recieve.o (.text._GLOBAL__sub_I_UART1Recieve.cpp)
                  00019410    00000008     libclang_rt.builtins.a : aeabi_memcpy.S.obj (.text.__aeabi_memcpy)
                  00019418    00000008     libsysbm.a : remove.c.obj (.text.remove)
                  00019420    00000006     libc.a : exit.c.obj (.text:abort)
                  00019426    00000004     startup_mspm0g3507_ticlang.o (.text.Reset_Handler)
                  0001942a    00000004     libc.a : pre_init.c.obj (.text._system_pre_init)
                  0001942e    00000002     --HOLE-- [fill = 0]

.cinit     0    00019430    00000098     
                  00019430    00000070     (.cinit..data.load) [load image, compression = lzss]
                  000194a0    0000000c     (__TI_handler_table)
                  000194ac    00000008     (.cinit..bss.load) [load image, compression = zero_init]
                  000194b4    00000010     (__TI_cinit_table)
                  000194c4    00000004     --HOLE-- [fill = 0]

.rodata    0    000000c0    00015888     
                  000000c0    0000a000     Lab9HMain.o (.rodata._ZL9backgroun)
                  0000a0c0    0000a000     Menu.o (.rodata._ZL9backgroun)
                  000140c0    000007d0     Sound.o (.rodata._ZL9footsteps)
                  00014890    00000640     Lab9HMain.o (.rodata._ZL5World)
                  00014ed0    000004fb     ST7735.o (.rodata._ZL4Font)
                  000153cb    00000001     --HOLE-- [fill = 0]
                  000153cc    00000288     Lab9HMain.o (.rodata._ZL7caillou)
                  00015654    00000140     Lab9HMain.o (.rodata._ZL18SmallEnemy20pointA)
                  00015794    0000003b     ST7735.o (.rodata._ZL5Rcmd1)
                  000157cf    0000002b     ST7735.o (.rodata._ZL5Rcmd3)
                  000157fa    00000016     ST7735.o (.rodata.str1.14736978382213673245.1)
                  00015810    00000015     Menu.o (.rodata.str1.9787441187896014172.1)
                  00015825    00000002     ST7735.o (.rodata.str1.18358205720993799461.1)
                  00015827    00000001     --HOLE-- [fill = 0]
                  00015828    00000014     Lab9HMain.o (.rodata._ZL11enemySpawnX)
                  0001583c    00000014     Lab9HMain.o (.rodata._ZL11enemySpawnY)
                  00015850    00000013     Menu.o (.rodata.str1.3091337461870047374.1)
                  00015863    00000011     Menu.o (.rodata.str1.14813839578671728302.1)
                  00015874    00000010     Lab9HMain.o (.rodata.str1.7329905365877780444.1)
                  00015884    0000000f     Menu.o (.rodata.str1.11919262606733191527.1)
                  00015893    0000000e     Menu.o (.rodata.str1.283741599249783613.1)
                  000158a1    0000000e     Menu.o (.rodata.str1.2906657586508837090.1)
                  000158af    0000000d     ST7735.o (.rodata._ZL10Rcmd2green)
                  000158bc    0000000d     ST7735.o (.rodata._ZL8Rcmd2red)
                  000158c9    0000000c     Menu.o (.rodata.str1.18065106304380302359.1)
                  000158d5    0000000b     Menu.o (.rodata.str1.16574173323505053887.1)
                  000158e0    0000000b     Menu.o (.rodata.str1.8964393845776258071.1)
                  000158eb    0000000b     Menu.o (.rodata.str1.9792626789236581055.1)
                  000158f6    0000000a     Menu.o (.rodata.str1.13379010134479263583.1)
                  00015900    00000009     Menu.o (.rodata.str1.3654755798406471029.1)
                  00015909    00000009     Menu.o (.rodata.str1.552685023176524752.1)
                  00015912    00000008     Menu.o (.rodata.str1.4731337482334071287.1)
                  0001591a    00000008     ST7735.o (.rodata.str1.7209918599617305731.1)
                  00015922    00000008     Menu.o (.rodata.str1.9011328650526308927.1)
                  0001592a    00000007     ST7735.o (.rodata.str1.10208736415454880443.1)
                  00015931    00000007     Menu.o (.rodata.str1.14361147632220749087.1)
                  00015938    00000007     ST7735.o (.rodata.str1.8723687351022562626.1)
                  0001593f    00000004     Menu.o (.rodata.str1.10273933160565554656.1)
                  00015943    00000005     --HOLE-- [fill = 0]

.init_array 
*          0    00015948    00000008     
                  00015948    00000004     UART1Recieve.o (.init_array)
                  0001594c    00000004     Lab9HMain.o (.init_array)

.data      0    20200000    0000027d     UNINITIALIZED
                  20200000    000000f0     libc.a : defs.c.obj (.data._ftable)
                  202000f0    00000078     libsysbm.a : host_device.c.obj (.data._device)
                  20200168    00000050                : host_device.c.obj (.data._stream)
                  202001b8    00000030     Lab9HMain.o (.data.Player1)
                  202001e8    00000028     UART1Recieve.o (.data.Uart2RxQueue)
                  20200210    00000020     Lab9HMain.o (.data.Enemy1)
                  20200230    00000014     Lab9HMain.o (.data.MyJoy)
                  20200244    00000008     libc.a : exit.c.obj (.data..L_MergedGlobals)
                  2020024c    00000004     Clock.o (.data.BusFreq)
                  20200250    00000004     ST7735.o (.data.StX)
                  20200254    00000004     ST7735.o (.data.StY)
                  20200258    00000004     UART1Recieve.o (.data.Uart2LostData)
                  2020025c    00000004     libc.a : defs.c.obj (.data.__TI_ft_end)
                  20200260    00000004            : _lock.c.obj (.data._lock)
                  20200264    00000004            : _lock.c.obj (.data._unlock)
                  20200268    00000004     Menu.o (.data.language)
                  2020026c    00000002     ST7735.o (.data.StTextColor)
                  2020026e    00000002     ST7735.o (.data._ZL6_width)
                  20200270    00000002     ST7735.o (.data._ZL7_height)
                  20200272    00000001     Lab9HMain.o (.data.DrawFlag)
                  20200273    00000001     Entities.o (.data._ZZN6Player4MoveEiiPA16_KhE9stepBreak)
                  20200274    00000001     libsysbm.a : add_device.c.obj (.data.add_device.device_init)
                  20200275    00000001     Lab9HMain.o (.data.currentZ)
                  20200276    00000002     --HOLE--
                  20200278    00000001     libc.a : memory.c.obj (.data.memory_is_initialized)
                  20200279    00000003     --HOLE--
                  2020027c    00000001     libsysbm.a : open.c.obj (.data.open.stream_init)

.sysmem    0    20200280    00000200     UNINITIALIZED
                  20200280    00000010     libc.a : memory.c.obj (.sysmem)
                  20200290    000001f0     --HOLE--

.bss       0    20200480    000001e0     UNINITIALIZED
                  20200480    00000120     libsysbm.a : trgmsg.c.obj (.bss:_CIOBUF_)
                  202005a0    000000a0     libc.a : defs.c.obj (.bss.__TI_tmpnams)
                  20200640    00000008     libsysbm.a : hostopen.c.obj (.bss.parmbuf)
                  20200648    00000004     TExaS.o (.bss.TExaSLogic)
                  2020064c    00000004     TExaS.o (.bss.TExaSadc)
                  20200650    00000004     Sound.o (.bss._ZL10SoundCount)
                  20200654    00000004     Sound.o (.bss._ZL10SoundPoint)
                  20200658    00000004     libc.a : memory.c.obj (.bss.sys_free)
                  2020065c    00000001     ST7735.o (.bss._ZL8ColStart)
                  2020065d    00000001     ST7735.o (.bss._ZL8Rotation)
                  2020065e    00000001     ST7735.o (.bss._ZL8RowStart)
                  2020065f    00000001     ST7735.o (.bss._ZL8TabColor)

.stack     0    20207e00    00000200     UNINITIALIZED
                  20207e00    00000004     libc.a : boot_cortex_m.c.obj (.stack)
                  20207e04    000001fc     --HOLE--

__llvm_prf_cnts 
*          0    20200000    00000000     UNINITIALIZED

__llvm_prf_bits 
*          0    20200000    00000000     UNINITIALIZED

MODULE SUMMARY

       Module                         code    ro data   rw data
       ------                         ----    -------   -------
    ./
       Lab9HMain.o                    1970    43588     102    
       Menu.o                         814     41160     4      
       ST7735.o                       3236    1449      18     
       Sound.o                        224     2000      8      
       Entities.o                     1706    0         1      
       TExaS.o                        720     0         8      
       Clock.o                        516     0         4      
       Joystick.o                     478     0         0      
       SPI.o                          440     0         0      
       Timer.o                        316     0         0      
       Switch.o                       196     0         0      
       LaunchPad.o                    180     0         0      
       UART1Recieve.o                 116     4         44     
       FIFO2.o                        144     0         0      
       DAC5.o                         96      0         0      
       LED.o                          52      0         0      
    +--+------------------------------+-------+---------+---------+
       Total:                         11204   88201     189    
                                                               
    ./ticlang/
       startup_mspm0g3507_ticlang.o   60      192       0      
    +--+------------------------------+-------+---------+---------+
       Total:                         60      192       0      
                                                               
    /Applications/ti/ccs2040/ccs/tools/compiler/ti-cgt-armllvm_4.0.4.LTS/lib/armv6m-ti-none-eabi/c/libc.a
       memory.c.obj                   702     0         5      
       fopen.c.obj                    556     0         0      
       defs.c.obj                     0       0         404    
       setvbuf.c.obj                  224     0         0      
       getdevice.c.obj                160     0         0      
       strcmp-armv6m.S.obj            136     0         0      
       copy_decompress_lzss.c.obj     124     0         0      
       fclose.c.obj                   124     0         0      
       autoinit.c.obj                 84      0         0      
       fflush.c.obj                   82      0         0      
       exit.c.obj                     58      0         8      
       boot_cortex_m.c.obj            40      0         0      
       copy_zero_init.c.obj           22      0         0      
       copy_decompress_none.c.obj     18      0         0      
       memcpy16.S.obj                 18      0         0      
       memset16.S.obj                 14      0         0      
       _lock.c.obj                    2       0         8      
       pre_init.c.obj                 4       0         0      
    +--+------------------------------+-------+---------+---------+
       Total:                         2368    0         425    
                                                               
    /Applications/ti/ccs2040/ccs/tools/compiler/ti-cgt-armllvm_4.0.4.LTS/lib/armv6m-ti-none-eabi/c/libsysbm.a
       trgmsg.c.obj                   104     0         288    
       add_device.c.obj               236     0         1      
       host_device.c.obj              0       0         200    
       open.c.obj                     160     0         1      
       hostrename.c.obj               136     0         0      
       hostlseek.c.obj                108     0         0      
       hostopen.c.obj                 96      0         8      
       hostread.c.obj                 88      0         0      
       hostwrite.c.obj                88      0         0      
       close.c.obj                    80      0         0      
       hostclose.c.obj                72      0         0      
       hostunlink.c.obj               72      0         0      
       unlink.c.obj                   44      0         0      
       write.c.obj                    40      0         0      
       remove.c.obj                   8       0         0      
       hostexit.c.obj                 4       0         0      
    +--+------------------------------+-------+---------+---------+
       Total:                         1336    0         498    
                                                               
    /Applications/ti/ccs2040/ccs/tools/compiler/ti-cgt-armllvm_4.0.4.LTS/lib/armv6m-ti-none-eabi/libclang_rt.builtins.a
       aeabi_uidivmod.S.obj           64      0         0      
       aeabi_memset.S.obj             12      0         0      
       aeabi_memcpy.S.obj             8       0         0      
       aeabi_div0.c.obj               2       0         0      
    +--+------------------------------+-------+---------+---------+
       Total:                         86      0         0      
                                                               
       Heap:                          0       0         512    
       Stack:                         0       0         512    
       Linker Generated:              0       148       0      
    +--+------------------------------+-------+---------+---------+
       Grand Total:                   15054   88541     2136   


LINKER GENERATED COPY TABLES

__TI_cinit_table @ 000194b4 records: 2, size/record: 8, table size: 16
	.data: load addr=00019430, load size=00000070 bytes, run addr=20200000, run size=0000027d bytes, compression=lzss
	.bss: load addr=000194ac, load size=00000008 bytes, run addr=20200480, run size=000001e0 bytes, compression=zero_init


LINKER GENERATED HANDLER TABLE

__TI_handler_table @ 000194a0 records: 3, size/record: 4, table size: 12
	index: 0, handler: __TI_decompress_lzss
	index: 1, handler: __TI_decompress_none
	index: 2, handler: __TI_zero_init


GLOBAL SYMBOLS: SORTED ALPHABETICALLY BY Name 

address   name                             
-------   ----                             
0001916d  ADC0_IRQHandler                  
0001916d  ADC1_IRQHandler                  
0001916d  AES_IRQHandler                   
2020024c  BusFreq                          
00017dac  C$$EXIT                          
00018db5  C$$IO$$                          
0001916d  CANFD0_IRQHandler                
0001916d  DAC0_IRQHandler                  
0001916d  DMA_IRQHandler                   
0001916d  Default_Handler                  
20200272  DrawFlag                         
20200210  Enemy1                           
0001916d  GROUP0_IRQHandler                
0001916d  GROUP1_IRQHandler                
000187e1  HOSTclose                        
00017dad  HOSTexit                         
00018279  HOSTlseek                        
00018485  HOSTopen                         
00018541  HOSTread                         
000182e5  HOSTrename                       
00018829  HOSTunlink                       
00018599  HOSTwrite                        
00019189  HardFault_Handler                
0001916d  I2C0_IRQHandler                  
0001916d  I2C1_IRQHandler                  
20200230  MyJoy                            
0001916d  NMI_Handler                      
0001916d  PendSV_Handler                   
202001b8  Player1                          
0001916d  RTC_IRQHandler                   
00019427  Reset_Handler                    
00015948  SHT$$INIT_ARRAY$$Base            
00015950  SHT$$INIT_ARRAY$$Limit           
0001916d  SPI0_IRQHandler                  
0001916d  SPI1_IRQHandler                  
0001916d  SVC_Handler                      
2020026c  StTextColor                      
20200250  StX                              
20200254  StY                              
00018901  SysTick_Handler                  
20200648  TExaSLogic                       
2020064c  TExaSadc                         
0001916d  TIMA0_IRQHandler                 
0001916d  TIMA1_IRQHandler                 
0001916d  TIMG0_IRQHandler                 
00015c75  TIMG12_IRQHandler                
0001916d  TIMG6_IRQHandler                 
00018945  TIMG7_IRQHandler                 
0001916d  TIMG8_IRQHandler                 
00019289  TI_memcpy_small                  
00019335  TI_memset_small                  
0001916d  UART0_IRQHandler                 
0001916d  UART1_IRQHandler                 
000184e5  UART2_IRQHandler                 
0001916d  UART3_IRQHandler                 
20200258  Uart2LostData                    
202001e8  Uart2RxQueue                     
20200480  _CIOBUF_                         
00019345  _Z10Clock_Freqv                  
00015951  _Z10Menu_Startv                  
00018ac5  _Z10Sound_Initv                  
000191a5  _Z10Sound_Stopv                  
00019239  _Z10Sound_Walkv                  
000185f1  _Z10TExaS_InitP10ADC12_RegsjPFhvE
000192bd  _Z11Clock_Delayj                 
000165a1  _Z11RoutePlayerh                 
00018b3d  _Z11SPI_OutDatac                 
000191f5  _Z11ST7735_openPKcji             
0001920b  _Z11ST7735_readiPcj              
00018ef1  _Z11Sound_StartPKhj              
00018649  _Z11Switch_Initv                 
00017bf9  _Z12ST7735_InitR10initRFlags     
000193e1  _Z12ST7735_closei                
0001930b  _Z12ST7735_lseekili              
00018c51  _Z12ST7735_writeiPKcj            
00019351  _Z13ST7735_renamePKcS0_          
000193eb  _Z13ST7735_unlinkPKc             
00016cd5  _Z14CheckCollisioniiiiPA16_Kh    
00018c85  _Z14Clock_Delay1msj              
0001744d  _Z14DrawStaminaBari              
00017f41  _Z14LaunchPad_Initv              
00018871  _Z14SPI_OutCommandc              
00017525  _Z14ST7735_OutCharc              
000178d1  _Z14TimerG7_IntArmtjj            
00018b75  _Z15ActivatePortA_Bv             
000160cd  _Z15Clock_Init80MHzi             
00016999  _Z15ST7735_FillRectsssst         
00017c91  _Z15TimerG12_IntArmjj            
00016281  _Z16ST7735_DrawCharSsscssh       
00018129  _Z16ST7735_DrawPixelsst          
000190a1  _Z16ST7735_OutStringPc           
00018cb9  _Z16ST7735_SetCursorjj           
00015ebd  _Z17ST7735_DrawBitmapssPKtss     
00017e39  _Z17ST7735_DrawStringttPcs       
00018f81  _Z17ST7735_FillScreent           
00017a1d  _Z17ST7735_InitPrintf10initRFlags
00016ed9  _Z18ST7735_SetRotationh          
000176c1  _Z20ST7735_DrawFastHLinessst     
00017771  _Z20ST7735_DrawFastVLinessst     
000192cd  _Z28TExaS_LaunchPadLogicPB27PB26v
00017821  _Z7DrawMapPA16_Kh                
00016871  _Z8ADC_InitP10ADC12_Regsjj       
000190c9  _Z8DAC5_Outj                     
00018ced  _Z8LED_Initv                     
000193f5  _Z8PLL_Initv                     
00016de1  _Z8SPI_Initv                     
00018fd9  _Z9ADC_StartP10ADC12_Regs        
00018b01  _Z9DAC5_Initv                    
000193ff  _Z9Menu_Initv                    
00018985  _Z9SPI_Resetv                    
00018199  _Z9Switch_Inv                    
000170b9  _Z9UART_Initv                    
00018be5  _ZN5Enemy10EnemyEraseEv          
0001935d  _ZN5Enemy10getIsAliveEv          
00017b5d  _ZN5Enemy11CheckTaggedEiiii      
00018bad  _ZN5Enemy13SetSpawnDelayEiih     
00017289  _ZN5Enemy5ChaseEiiPA16_Kh        
00018421  _ZN5Enemy6UpdateEiiPA16_Kh       
00018e59  _ZN5Enemy9EnemyDrawEv            
00018e8b  _ZN5EnemyC1EiiPKt                
00018e8b  _ZN5EnemyC2EiiPKt                
00018795  _ZN5Queue3PutEc                  
00018c1b  _ZN5Queue6IsFullEv               
000192dd  _ZN5QueueC1Ev                    
000192dd  _ZN5QueueC2Ev                    
00019369  _ZN6Player10getStaminaEv         
00017ebd  _ZN6Player13updateStaminaEh      
00019375  _ZN6Player14getPrevStaminaEv     
00016bc5  _ZN6Player4MoveEiiPA16_Kh        
000188b9  _ZN6PlayerC1EiiPKth              
000188b9  _ZN6PlayerC2EiiPKth              
000190ed  _ZN6Sprite4DrawEv                
00019381  _ZN6Sprite4getXEv                
0001938d  _ZN6Sprite4getYEv                
0001924d  _ZN6Sprite4setXEi                
00019261  _ZN6Sprite4setYEi                
00019001  _ZN6Sprite5EraseEv               
00019399  _ZN6Sprite8getPrevXEv            
000193a5  _ZN6Sprite8getPrevYEv            
000193b1  _ZN6Sprite8getWidthEv            
000193bd  _ZN6Sprite9getHeightEv           
00018ebd  _ZN6SpriteC1EiiiiPKt             
00018ebd  _ZN6SpriteC2EiiiiPKt             
000189c5  _ZN8Joystick10getXChangeEv       
00018a05  _ZN8Joystick10getYChangeEv       
000175f5  _ZN8Joystick2InEv                
000180b5  _ZN8Joystick4InitEv              
0001914f  _ZN8JoystickC1Ejj                
0001914f  _ZN8JoystickC2Ejj                
20200480  __CIOBUF_                        
20208000  __STACK_END                      
00000200  __STACK_SIZE                     
00000200  __SYSMEM_SIZE                    
00000000  __TI_ATRegion0_region_sz         
00000000  __TI_ATRegion0_src_addr          
00000000  __TI_ATRegion0_trg_addr          
00000000  __TI_ATRegion1_region_sz         
00000000  __TI_ATRegion1_src_addr          
00000000  __TI_ATRegion1_trg_addr          
00000000  __TI_ATRegion2_region_sz         
00000000  __TI_ATRegion2_src_addr          
00000000  __TI_ATRegion2_trg_addr          
000194b4  __TI_CINIT_Base                  
000194c4  __TI_CINIT_Limit                 
000194c4  __TI_CINIT_Warm                  
000194a0  __TI_Handler_Table_Base          
000194ac  __TI_Handler_Table_Limit         
0001869d  __TI_auto_init_nobinit           
00018d21  __TI_cleanup                     
20200244  __TI_cleanup_ptr                 
00017fbd  __TI_closefile                   
00018039  __TI_decompress_lzss             
0001929b  __TI_decompress_none             
000186f1  __TI_doflush                     
20200248  __TI_dtors_ptr                   
2020025c  __TI_ft_end                      
ffffffff  __TI_pprof_out_hndl              
ffffffff  __TI_prof_data_size              
ffffffff  __TI_prof_data_start             
00018d55  __TI_readmsg                     
00000000  __TI_static_base__               
202005a0  __TI_tmpnams                     
00018d89  __TI_writemsg                    
00019221  __TI_zero_init_nomemset          
00016ddf  __aeabi_idiv0                    
000193c9  __aeabi_memclr                   
000193c9  __aeabi_memclr4                  
000193c9  __aeabi_memclr8                  
00019411  __aeabi_memcpy                   
00019411  __aeabi_memcpy4                  
00019411  __aeabi_memcpy8                  
00018a45  __aeabi_uidiv                    
00018a45  __aeabi_uidivmod                 
ffffffff  __binit__                        
UNDEFED   __mpu_init                       
20207e00  __stack                          
20200000  __start___llvm_prf_bits          
20200000  __start___llvm_prf_cnts          
20200000  __stop___llvm_prf_bits           
20200000  __stop___llvm_prf_cnts           
00019079  _c_int00_noargs                  
202000f0  _device                          
20200000  _ftable                          
20200260  _lock                            
00017a1b  _nop                             
20200168  _stream                          
20200280  _sys_memory                      
UNDEFED   _system_post_cinit               
0001942b  _system_pre_init                 
20200264  _unlock                          
00019421  abort                            
00016fcd  add_device                       
00016ab1  aligned_alloc                    
ffffffff  binit                            
00018745  close                            
20200275  currentZ                         
00018dbd  exit                             
00018df1  finddevice                       
00018f51  fopen                            
000171a1  free                             
00018e25  freopen                          
00018351  getdevice                        
00000000  interruptVectors                 
20200268  language                         
00016421  main                             
000193d5  malloc                           
00016ab1  memalign                         
00017abd  open                             
20200640  parmbuf                          
00019419  remove                           
0001736d  setvbuf                          
00017db1  strcmp                           
00018fad  unlink                           
00019051  write                            


GLOBAL SYMBOLS: SORTED BY Symbol Address 

address   name                             
-------   ----                             
00000000  __TI_ATRegion0_region_sz         
00000000  __TI_ATRegion0_src_addr          
00000000  __TI_ATRegion0_trg_addr          
00000000  __TI_ATRegion1_region_sz         
00000000  __TI_ATRegion1_src_addr          
00000000  __TI_ATRegion1_trg_addr          
00000000  __TI_ATRegion2_region_sz         
00000000  __TI_ATRegion2_src_addr          
00000000  __TI_ATRegion2_trg_addr          
00000000  __TI_static_base__               
00000000  interruptVectors                 
00000200  __STACK_SIZE                     
00000200  __SYSMEM_SIZE                    
00015948  SHT$$INIT_ARRAY$$Base            
00015950  SHT$$INIT_ARRAY$$Limit           
00015951  _Z10Menu_Startv                  
00015c75  TIMG12_IRQHandler                
00015ebd  _Z17ST7735_DrawBitmapssPKtss     
000160cd  _Z15Clock_Init80MHzi             
00016281  _Z16ST7735_DrawCharSsscssh       
00016421  main                             
000165a1  _Z11RoutePlayerh                 
00016871  _Z8ADC_InitP10ADC12_Regsjj       
00016999  _Z15ST7735_FillRectsssst         
00016ab1  aligned_alloc                    
00016ab1  memalign                         
00016bc5  _ZN6Player4MoveEiiPA16_Kh        
00016cd5  _Z14CheckCollisioniiiiPA16_Kh    
00016ddf  __aeabi_idiv0                    
00016de1  _Z8SPI_Initv                     
00016ed9  _Z18ST7735_SetRotationh          
00016fcd  add_device                       
000170b9  _Z9UART_Initv                    
000171a1  free                             
00017289  _ZN5Enemy5ChaseEiiPA16_Kh        
0001736d  setvbuf                          
0001744d  _Z14DrawStaminaBari              
00017525  _Z14ST7735_OutCharc              
000175f5  _ZN8Joystick2InEv                
000176c1  _Z20ST7735_DrawFastHLinessst     
00017771  _Z20ST7735_DrawFastVLinessst     
00017821  _Z7DrawMapPA16_Kh                
000178d1  _Z14TimerG7_IntArmtjj            
00017a1b  _nop                             
00017a1d  _Z17ST7735_InitPrintf10initRFlags
00017abd  open                             
00017b5d  _ZN5Enemy11CheckTaggedEiiii      
00017bf9  _Z12ST7735_InitR10initRFlags     
00017c91  _Z15TimerG12_IntArmjj            
00017dac  C$$EXIT                          
00017dad  HOSTexit                         
00017db1  strcmp                           
00017e39  _Z17ST7735_DrawStringttPcs       
00017ebd  _ZN6Player13updateStaminaEh      
00017f41  _Z14LaunchPad_Initv              
00017fbd  __TI_closefile                   
00018039  __TI_decompress_lzss             
000180b5  _ZN8Joystick4InitEv              
00018129  _Z16ST7735_DrawPixelsst          
00018199  _Z9Switch_Inv                    
00018279  HOSTlseek                        
000182e5  HOSTrename                       
00018351  getdevice                        
00018421  _ZN5Enemy6UpdateEiiPA16_Kh       
00018485  HOSTopen                         
000184e5  UART2_IRQHandler                 
00018541  HOSTread                         
00018599  HOSTwrite                        
000185f1  _Z10TExaS_InitP10ADC12_RegsjPFhvE
00018649  _Z11Switch_Initv                 
0001869d  __TI_auto_init_nobinit           
000186f1  __TI_doflush                     
00018745  close                            
00018795  _ZN5Queue3PutEc                  
000187e1  HOSTclose                        
00018829  HOSTunlink                       
00018871  _Z14SPI_OutCommandc              
000188b9  _ZN6PlayerC1EiiPKth              
000188b9  _ZN6PlayerC2EiiPKth              
00018901  SysTick_Handler                  
00018945  TIMG7_IRQHandler                 
00018985  _Z9SPI_Resetv                    
000189c5  _ZN8Joystick10getXChangeEv       
00018a05  _ZN8Joystick10getYChangeEv       
00018a45  __aeabi_uidiv                    
00018a45  __aeabi_uidivmod                 
00018ac5  _Z10Sound_Initv                  
00018b01  _Z9DAC5_Initv                    
00018b3d  _Z11SPI_OutDatac                 
00018b75  _Z15ActivatePortA_Bv             
00018bad  _ZN5Enemy13SetSpawnDelayEiih     
00018be5  _ZN5Enemy10EnemyEraseEv          
00018c1b  _ZN5Queue6IsFullEv               
00018c51  _Z12ST7735_writeiPKcj            
00018c85  _Z14Clock_Delay1msj              
00018cb9  _Z16ST7735_SetCursorjj           
00018ced  _Z8LED_Initv                     
00018d21  __TI_cleanup                     
00018d55  __TI_readmsg                     
00018d89  __TI_writemsg                    
00018db5  C$$IO$$                          
00018dbd  exit                             
00018df1  finddevice                       
00018e25  freopen                          
00018e59  _ZN5Enemy9EnemyDrawEv            
00018e8b  _ZN5EnemyC1EiiPKt                
00018e8b  _ZN5EnemyC2EiiPKt                
00018ebd  _ZN6SpriteC1EiiiiPKt             
00018ebd  _ZN6SpriteC2EiiiiPKt             
00018ef1  _Z11Sound_StartPKhj              
00018f51  fopen                            
00018f81  _Z17ST7735_FillScreent           
00018fad  unlink                           
00018fd9  _Z9ADC_StartP10ADC12_Regs        
00019001  _ZN6Sprite5EraseEv               
00019051  write                            
00019079  _c_int00_noargs                  
000190a1  _Z16ST7735_OutStringPc           
000190c9  _Z8DAC5_Outj                     
000190ed  _ZN6Sprite4DrawEv                
0001914f  _ZN8JoystickC1Ejj                
0001914f  _ZN8JoystickC2Ejj                
0001916d  ADC0_IRQHandler                  
0001916d  ADC1_IRQHandler                  
0001916d  AES_IRQHandler                   
0001916d  CANFD0_IRQHandler                
0001916d  DAC0_IRQHandler                  
0001916d  DMA_IRQHandler                   
0001916d  Default_Handler                  
0001916d  GROUP0_IRQHandler                
0001916d  GROUP1_IRQHandler                
0001916d  I2C0_IRQHandler                  
0001916d  I2C1_IRQHandler                  
0001916d  NMI_Handler                      
0001916d  PendSV_Handler                   
0001916d  RTC_IRQHandler                   
0001916d  SPI0_IRQHandler                  
0001916d  SPI1_IRQHandler                  
0001916d  SVC_Handler                      
0001916d  TIMA0_IRQHandler                 
0001916d  TIMA1_IRQHandler                 
0001916d  TIMG0_IRQHandler                 
0001916d  TIMG6_IRQHandler                 
0001916d  TIMG8_IRQHandler                 
0001916d  UART0_IRQHandler                 
0001916d  UART1_IRQHandler                 
0001916d  UART3_IRQHandler                 
00019189  HardFault_Handler                
000191a5  _Z10Sound_Stopv                  
000191f5  _Z11ST7735_openPKcji             
0001920b  _Z11ST7735_readiPcj              
00019221  __TI_zero_init_nomemset          
00019239  _Z10Sound_Walkv                  
0001924d  _ZN6Sprite4setXEi                
00019261  _ZN6Sprite4setYEi                
00019289  TI_memcpy_small                  
0001929b  __TI_decompress_none             
000192bd  _Z11Clock_Delayj                 
000192cd  _Z28TExaS_LaunchPadLogicPB27PB26v
000192dd  _ZN5QueueC1Ev                    
000192dd  _ZN5QueueC2Ev                    
0001930b  _Z12ST7735_lseekili              
00019335  TI_memset_small                  
00019345  _Z10Clock_Freqv                  
00019351  _Z13ST7735_renamePKcS0_          
0001935d  _ZN5Enemy10getIsAliveEv          
00019369  _ZN6Player10getStaminaEv         
00019375  _ZN6Player14getPrevStaminaEv     
00019381  _ZN6Sprite4getXEv                
0001938d  _ZN6Sprite4getYEv                
00019399  _ZN6Sprite8getPrevXEv            
000193a5  _ZN6Sprite8getPrevYEv            
000193b1  _ZN6Sprite8getWidthEv            
000193bd  _ZN6Sprite9getHeightEv           
000193c9  __aeabi_memclr                   
000193c9  __aeabi_memclr4                  
000193c9  __aeabi_memclr8                  
000193d5  malloc                           
000193e1  _Z12ST7735_closei                
000193eb  _Z13ST7735_unlinkPKc             
000193f5  _Z8PLL_Initv                     
000193ff  _Z9Menu_Initv                    
00019411  __aeabi_memcpy                   
00019411  __aeabi_memcpy4                  
00019411  __aeabi_memcpy8                  
00019419  remove                           
00019421  abort                            
00019427  Reset_Handler                    
0001942b  _system_pre_init                 
000194a0  __TI_Handler_Table_Base          
000194ac  __TI_Handler_Table_Limit         
000194b4  __TI_CINIT_Base                  
000194c4  __TI_CINIT_Limit                 
000194c4  __TI_CINIT_Warm                  
20200000  __start___llvm_prf_bits          
20200000  __start___llvm_prf_cnts          
20200000  __stop___llvm_prf_bits           
20200000  __stop___llvm_prf_cnts           
20200000  _ftable                          
202000f0  _device                          
20200168  _stream                          
202001b8  Player1                          
202001e8  Uart2RxQueue                     
20200210  Enemy1                           
20200230  MyJoy                            
20200244  __TI_cleanup_ptr                 
20200248  __TI_dtors_ptr                   
2020024c  BusFreq                          
20200250  StX                              
20200254  StY                              
20200258  Uart2LostData                    
2020025c  __TI_ft_end                      
20200260  _lock                            
20200264  _unlock                          
20200268  language                         
2020026c  StTextColor                      
20200272  DrawFlag                         
20200275  currentZ                         
20200280  _sys_memory                      
20200480  _CIOBUF_                         
20200480  __CIOBUF_                        
202005a0  __TI_tmpnams                     
20200640  parmbuf                          
20200648  TExaSLogic                       
2020064c  TExaSadc                         
20207e00  __stack                          
20208000  __STACK_END                      
ffffffff  __TI_pprof_out_hndl              
ffffffff  __TI_prof_data_size              
ffffffff  __TI_prof_data_start             
ffffffff  __binit__                        
ffffffff  binit                            
UNDEFED   __mpu_init                       
UNDEFED   _system_post_cinit               

[234 symbols]
