******************************************************************************
            TI ARM Clang Linker Unix v4.0.4                    
******************************************************************************
>> Linked Thu Apr 23 01:21:46 2026

OUTPUT FILE NAME:   <ECE319K_Lab9H.out>
ENTRY POINT SYMBOL: "_c_int00_noargs"  address: 00019645


MEMORY CONFIGURATION

         name            origin    length      used     unused   attr    fill
----------------------  --------  ---------  --------  --------  ----  --------
  FLASH                 00000000   00020000  00019ba8  00006458  R  X
  SRAM                  20200000   00008000  00000eb5  0000714b  RW X
  BCR_CONFIG            41c00000   00000080  00000000  00000080  R   
  BSL_CONFIG            41c00100   00000080  00000000  00000080  R   


SEGMENT ALLOCATION MAP

run origin  load origin   length   init length attrs members
----------  ----------- ---------- ----------- ----- -------
00000000    00000000    00019ba8   00019ba8    r-x
  00000000    00000000    000000c0   000000c0    r-- .intvecs
  000000c0    000000c0    00015900   00015900    r-- .rodata
  000159c0    000159c0    00004090   00004090    r-x .text
  00019a50    00019a50    00000008   00000008    r-- .init_array
  00019a58    00019a58    00000150   00000150    r-- .cinit
20200000    20200000    00000cb8   00000000    rw-
  20200000    20200000    000008c5   00000000    rw- .data
  202008c8    202008c8    00000200   00000000    rw- .sysmem
  20200ac8    20200ac8    000001f0   00000000    rw- .bss
20207e00    20207e00    00000200   00000000    rw-
  20207e00    20207e00    00000200   00000000    rw- .stack


SECTION ALLOCATION MAP

 output                                  attributes/
section   page    origin      length       input sections
--------  ----  ----------  ----------   ----------------
.intvecs   0    00000000    000000c0     
                  00000000    000000c0     startup_mspm0g3507_ticlang.o (.intvecs)

.binit     0    00000000    00000000     

.text      0    000159c0    00004090     
                  000159c0    00000324     Menu.o (.text._Z10Menu_Startv)
                  00015ce4    000002d4     Entities.o (.text._ZN5Enemy5ChaseEiiPA16_h)
                  00015fb8    000002ac     Lab9HMain.o (.text.TIMG12_IRQHandler)
                  00016264    00000258     Lab9HMain.o (.text.main)
                  000164bc    00000210     ST7735.o (.text._Z17ST7735_DrawBitmapssPKtss)
                  000166cc    000001b4     Clock.o (.text._Z15Clock_Init80MHzi)
                  00016880    000001a0     ST7735.o (.text._Z16ST7735_DrawCharSsscssh)
                  00016a20    0000017c     Lab9HMain.o (.text._Z11RoutePlayerh)
                  00016b9c    00000154     libc.a : fopen.c.obj (.text._openfile)
                  00016cf0    00000128     TExaS.o (.text._Z8ADC_InitP10ADC12_Regsjj)
                  00016e18    00000118     ST7735.o (.text._Z15ST7735_FillRectsssst)
                  00016f30    00000114     EndScreen.o (.text._Z12EndScreenRunj)
                  00017044    00000114     libc.a : memory.c.obj (.text.aligned_alloc)
                  00017158    00000110     Entities.o (.text._ZN6Player4MoveEiiPA16_h)
                  00017268    0000010a     Entities.o (.text._Z14CheckCollisioniiiiPA16_h)
                  00017372    00000002     libclang_rt.builtins.a : aeabi_div0.c.obj (.text.__aeabi_idiv0)
                  00017374    000000f8     SPI.o (.text._Z8SPI_Initv)
                  0001746c    000000f4     ST7735.o (.text._Z18ST7735_SetRotationh)
                  00017560    000000ec     libsysbm.a : add_device.c.obj (.text.add_device)
                  0001764c    000000e8     TExaS.o (.text._Z9UART_Initv)
                  00017734    000000e8     libc.a : memory.c.obj (.text.free)
                  0001781c    000000e0            : setvbuf.c.obj (.text.setvbuf)
                  000178fc    000000d8     Lab9HMain.o (.text._Z14DrawStaminaBari)
                  000179d4    000000d0     ST7735.o (.text._Z14ST7735_OutCharc)
                  00017aa4    000000cc     Joystick.o (.text._ZN8Joystick2InEv)
                  00017b70    000000b0     ST7735.o (.text._Z20ST7735_DrawFastHLinessst)
                  00017c20    000000b0     ST7735.o (.text._Z20ST7735_DrawFastVLinessst)
                  00017cd0    000000b0     Lab9HMain.o (.text._Z7DrawMapPA16_Kh)
                  00017d80    000000a8     Timer.o (.text._Z14TimerG7_IntArmtjj)
                  00017e28    000000a2     ST7735.o (.text._ZL11commandListPKh)
                  00017eca    00000002     libc.a : _lock.c.obj (.text._nop)
                  00017ecc    000000a0     ST7735.o (.text._Z17ST7735_InitPrintf10initRFlags)
                  00017f6c    000000a0     libsysbm.a : open.c.obj (.text.open)
                  0001800c    0000009c     Entities.o (.text._ZN5Enemy11CheckTaggedEiiii)
                  000180a8    00000098     ST7735.o (.text._Z12ST7735_InitR10initRFlags)
                  00018140    00000094     Timer.o (.text._Z15TimerG12_IntArmjj)
                  000181d4    00000088     ST7735.o (.text._ZL13setAddrWindowhhhh)
                  0001825c    00000004     libsysbm.a : hostexit.c.obj (.text.HOSTexit)
                  00018260    00000088     libc.a : strcmp-armv6m.S.obj (.text:strcmp)
                  000182e8    00000084     ST7735.o (.text._Z14ST7735_OutUDecj)
                  0001836c    00000084     ST7735.o (.text._Z17ST7735_DrawStringttPcs)
                  000183f0    00000084     Entities.o (.text._ZN6Player13updateStaminaEh)
                  00018474    0000007c     LaunchPad.o (.text._Z14LaunchPad_Initv)
                  000184f0    0000007c     libc.a : fclose.c.obj (.text.__TI_closefile)
                  0001856c    0000007c            : copy_decompress_lzss.c.obj (.text:decompress:lzss)
                  000185e8    00000074     Joystick.o (.text._ZN8Joystick4InitEv)
                  0001865c    00000070     ST7735.o (.text._Z16ST7735_DrawPixelsst)
                  000186cc    00000070     Switch.o (.text._Z9Switch_Inv)
                  0001873c    0000006c     libsysbm.a : hostlseek.c.obj (.text.HOSTlseek)
                  000187a8    0000006c                : hostrename.c.obj (.text.HOSTrename)
                  00018814    0000006c     libc.a : getdevice.c.obj (.text.getdevice)
                  00018880    00000066     Entities.o (.text._ZN5Enemy6UpdateEiiPA16_h)
                  000188e6    00000002     --HOLE-- [fill = 0]
                  000188e8    00000064     libc.a : memory.c.obj (.text.split)
                  0001894c    00000060     libsysbm.a : hostopen.c.obj (.text.HOSTopen)
                  000189ac    0000005c     UART1Recieve.o (.text.UART2_IRQHandler)
                  00018a08    00000058     libsysbm.a : hostread.c.obj (.text.HOSTread)
                  00018a60    00000058                : hostwrite.c.obj (.text.HOSTwrite)
                  00018ab8    00000058     TExaS.o (.text._Z10TExaS_InitP10ADC12_RegsjPFhvE)
                  00018b10    00000056     libclang_rt.builtins.a : aeabi_idivmod.S.obj (.text.__aeabi_idivmod)
                  00018b66    00000002     --HOLE-- [fill = 0]
                  00018b68    00000054     Switch.o (.text._Z11Switch_Initv)
                  00018bbc    00000054     ST7735.o (.text._Z11fillmessagej)
                  00018c10    00000054     libc.a : autoinit.c.obj (.text:__TI_auto_init_nobinit)
                  00018c64    00000052            : fflush.c.obj (.text.__TI_doflush)
                  00018cb6    00000002     --HOLE-- [fill = 0]
                  00018cb8    00000050     Lab9HMain.o (.text._Z9DrawTimeri)
                  00018d08    00000050     libsysbm.a : close.c.obj (.text.close)
                  00018d58    0000004a     FIFO2.o (.text._ZN5Queue3PutEc)
                  00018da2    00000002     --HOLE-- [fill = 0]
                  00018da4    00000048     libsysbm.a : hostclose.c.obj (.text.HOSTclose)
                  00018dec    00000048                : hostunlink.c.obj (.text.HOSTunlink)
                  00018e34    00000048     SPI.o (.text._Z14SPI_OutCommandc)
                  00018e7c    00000046     Entities.o (.text._ZN6PlayerC2EiiPKth)
                  00018ec2    00000002     --HOLE-- [fill = 0]
                  00018ec4    00000044     Sound.o (.text.SysTick_Handler)
                  00018f08    00000040     TExaS.o (.text.TIMG7_IRQHandler)
                  00018f48    00000040     SPI.o (.text._Z9SPI_Resetv)
                  00018f88    00000040     Joystick.o (.text._ZN8Joystick10getXChangeEv)
                  00018fc8    00000040     Joystick.o (.text._ZN8Joystick10getYChangeEv)
                  00019008    00000040     libclang_rt.builtins.a : aeabi_uidivmod.S.obj (.text.__aeabi_uidivmod)
                  00019048    00000040     libc.a : fopen.c.obj (.text._search_fp)
                  00019088    0000003c     Sound.o (.text._Z10Sound_Initv)
                  000190c4    0000003c     DAC5.o (.text._Z9DAC5_Initv)
                  00019100    0000003c     Entities.o (.text._ZN5EnemyC2EiiPKt)
                  0001913c    00000038     SPI.o (.text._Z11SPI_OutDatac)
                  00019174    00000038     LaunchPad.o (.text._Z15ActivatePortA_Bv)
                  000191ac    00000038     Entities.o (.text._ZN5Enemy13SetSpawnDelayEiih)
                  000191e4    00000036     Entities.o (.text._ZN5Enemy10EnemyEraseEv)
                  0001921a    00000036     FIFO2.o (.text._ZN5Queue6IsFullEv)
                  00019250    00000034     ST7735.o (.text._Z12ST7735_writeiPKcj)
                  00019284    00000034     Clock.o (.text._Z14Clock_Delay1msj)
                  000192b8    00000034     ST7735.o (.text._Z16ST7735_SetCursorjj)
                  000192ec    00000034     LED.o (.text._Z8LED_Initv)
                  00019320    00000034     libc.a : fopen.c.obj (.text.__TI_cleanup)
                  00019354    00000034     libsysbm.a : trgmsg.c.obj (.text.__TI_readmsg)
                  00019388    00000034                : trgmsg.c.obj (.text.__TI_writemsg)
                  000193bc    00000034     libc.a : exit.c.obj (.text.exit)
                  000193f0    00000034            : getdevice.c.obj (.text.finddevice)
                  00019424    00000034            : fopen.c.obj (.text.freopen)
                  00019458    00000032     Entities.o (.text._ZN5Enemy9EnemyDrawEv)
                  0001948a    00000032     Entities.o (.text._ZN6SpriteC2EiiiiPKt)
                  000194bc    00000030     Sound.o (.text._Z11Sound_StartPKhj)
                  000194ec    00000030     ST7735.o (.text._ZL10commonInitPKh)
                  0001951c    00000030     libc.a : fopen.c.obj (.text.fopen)
                  0001954c    0000002c     ST7735.o (.text._Z17ST7735_FillScreent)
                  00019578    0000002c     libsysbm.a : unlink.c.obj (.text.unlink)
                  000195a4    00000028     TExaS.o (.text._Z9ADC_StartP10ADC12_Regs)
                  000195cc    00000028     Entities.o (.text._ZN6Sprite5EraseEv)
                  000195f4    00000028     libc.a : memory.c.obj (.text.free_list_insert)
                  0001961c    00000028     libsysbm.a : write.c.obj (.text.write)
                  00019644    00000028     libc.a : boot_cortex_m.c.obj (.text:_c_int00_noargs)
                  0001966c    00000026     ST7735.o (.text._Z16ST7735_OutStringPc)
                  00019692    00000002     --HOLE-- [fill = 0]
                  00019694    00000024     DAC5.o (.text._Z8DAC5_Outj)
                  000196b8    00000024     Entities.o (.text._ZN6Sprite4DrawEv)
                  000196dc    00000020     Lab9HMain.o (.text.__cxx_global_var_init.1)
                  000196fc    0000001e     ST7735.o (.text._ZL9pushColort)
                  0001971a    0000001e     Joystick.o (.text._ZN8JoystickC2Ejj)
                  00019738    0000001c     startup_mspm0g3507_ticlang.o (.text.Default_Handler)
                  00019754    0000001c     startup_mspm0g3507_ticlang.o (.text.HardFault_Handler)
                  00019770    0000001c     Sound.o (.text._Z10Sound_Stopv)
                  0001978c    0000001c     libc.a : memory.c.obj (.text.free_list_remove)
                  000197a8    00000018     Lab9HMain.o (.text._Z8ResetMapv)
                  000197c0    00000018     Lab9HMain.o (.text.__cxx_global_var_init.2)
                  000197d8    00000016     ST7735.o (.text._Z11ST7735_openPKcji)
                  000197ee    00000016     ST7735.o (.text._Z11ST7735_readiPcj)
                  00019804    00000016     libc.a : copy_zero_init.c.obj (.text:decompress:ZI:__TI_zero_init_nomemset)
                  0001981a    00000002     --HOLE-- [fill = 0]
                  0001981c    00000014     Sound.o (.text._Z10Sound_Walkv)
                  00019830    00000014     Entities.o (.text._ZN5Enemy15SetMoveIntervalEh)
                  00019844    00000014     Entities.o (.text._ZN6Sprite4setXEi)
                  00019858    00000014     Entities.o (.text._ZN6Sprite4setYEi)
                  0001986c    00000014     Lab9HMain.o (.text.__cxx_global_var_init)
                  00019880    00000012     libc.a : memcpy16.S.obj (.text:TI_memcpy_small)
                  00019892    00000012            : copy_decompress_none.c.obj (.text:decompress:none)
                  000198a4    00000010     Lab9HMain.o (.text._GLOBAL__sub_I_Lab9HMain.cpp)
                  000198b4    00000010     Clock.o (.text._Z11Clock_Delayj)
                  000198c4    00000010     Lab9HMain.o (.text._Z28TExaS_LaunchPadLogicPB27PB26v)
                  000198d4    00000010     FIFO2.o (.text._ZN5QueueC2Ev)
                  000198e4    00000010     Entities.o (.text._ZN6Player10setStaminaEj)
                  000198f4    00000010     UART1Recieve.o (.text.__cxx_global_var_init)
                  00019904    0000000e     libc.a : memory.c.obj (.text.OUTLINED_FUNCTION_0)
                  00019912    0000000e     ST7735.o (.text._Z12ST7735_lseekili)
                  00019920    0000000e     libsysbm.a : hostrename.c.obj (.text.strcpy)
                  0001992e    0000000e                : hostrename.c.obj (.text.strlen)
                  0001993c    0000000e     libc.a : memset16.S.obj (.text:TI_memset_small)
                  0001994a    00000002     --HOLE-- [fill = 0]
                  0001994c    0000000c     Clock.o (.text._Z10Clock_Freqv)
                  00019958    0000000c     ST7735.o (.text._Z13ST7735_renamePKcS0_)
                  00019964    0000000c     Entities.o (.text._ZN5Enemy10getIsAliveEv)
                  00019970    0000000c     Entities.o (.text._ZN6Player10getStaminaEv)
                  0001997c    0000000c     Entities.o (.text._ZN6Player14getPrevStaminaEv)
                  00019988    0000000c     Entities.o (.text._ZN6Sprite4getXEv)
                  00019994    0000000c     Entities.o (.text._ZN6Sprite4getYEv)
                  000199a0    0000000c     Entities.o (.text._ZN6Sprite8getPrevXEv)
                  000199ac    0000000c     Entities.o (.text._ZN6Sprite8getPrevYEv)
                  000199b8    0000000c     Entities.o (.text._ZN6Sprite8getWidthEv)
                  000199c4    0000000c     Entities.o (.text._ZN6Sprite9getHeightEv)
                  000199d0    0000000c     libclang_rt.builtins.a : aeabi_memset.S.obj (.text.__aeabi_memclr)
                  000199dc    0000000c     libc.a : memory.c.obj (.text.malloc)
                  000199e8    0000000a     ST7735.o (.text._Z12ST7735_closei)
                  000199f2    0000000a     EndScreen.o (.text._Z13EndScreenInitv)
                  000199fc    0000000a     ST7735.o (.text._Z13ST7735_unlinkPKc)
                  00019a06    0000000a     Lab9HMain.o (.text._Z8PLL_Initv)
                  00019a10    0000000a     Menu.o (.text._Z9Menu_Initv)
                  00019a1a    00000008     UART1Recieve.o (.text._GLOBAL__sub_I_UART1Recieve.cpp)
                  00019a22    00000002     --HOLE-- [fill = 0]
                  00019a24    00000008     libclang_rt.builtins.a : aeabi_memcpy.S.obj (.text.__aeabi_memcpy)
                  00019a2c    00000008     libsysbm.a : remove.c.obj (.text.remove)
                  00019a34    00000006     libc.a : exit.c.obj (.text:abort)
                  00019a3a    00000004     startup_mspm0g3507_ticlang.o (.text.Reset_Handler)
                  00019a3e    00000004     libc.a : pre_init.c.obj (.text._system_pre_init)
                  00019a42    0000000e     --HOLE-- [fill = 0]

.cinit     0    00019a58    00000150     
                  00019a58    0000012a     (.cinit..data.load) [load image, compression = lzss]
                  00019b82    00000002     --HOLE-- [fill = 0]
                  00019b84    0000000c     (__TI_handler_table)
                  00019b90    00000008     (.cinit..bss.load) [load image, compression = zero_init]
                  00019b98    00000010     (__TI_cinit_table)

.rodata    0    000000c0    00015900     
                  000000c0    0000a000     Lab9HMain.o (.rodata._ZL9backgroun)
                  0000a0c0    0000a000     Menu.o (.rodata._ZL9backgroun)
                  000140c0    000007d0     Sound.o (.rodata._ZL9footsteps)
                  00014890    00000640     Lab9HMain.o (.rodata._ZL12WorldDefault)
                  00014ed0    000004fb     ST7735.o (.rodata._ZL4Font)
                  000153cb    00000001     --HOLE-- [fill = 0]
                  000153cc    00000288     Lab9HMain.o (.rodata._ZL7caillou)
                  00015654    00000140     Lab9HMain.o (.rodata._ZL18SmallEnemy20pointA)
                  00015794    0000003b     ST7735.o (.rodata._ZL5Rcmd1)
                  000157cf    0000002b     ST7735.o (.rodata._ZL5Rcmd3)
                  000157fa    00000016     ST7735.o (.rodata.str1.14736978382213673245.1)
                  00015810    00000015     Menu.o (.rodata.str1.9787441187896014172.1)
                  00015825    00000003     Lab9HMain.o (.rodata.str1.17941944938679876980.1)
                  00015828    00000014     Lab9HMain.o (.rodata._ZL11enemySpawnX)
                  0001583c    00000014     Lab9HMain.o (.rodata._ZL11enemySpawnY)
                  00015850    00000014     EndScreen.o (.rodata.str1.3095102626601450675.1)
                  00015864    00000013     EndScreen.o (.rodata.str1.10324245738225624873.1)
                  00015877    00000013     Menu.o (.rodata.str1.3091337461870047374.1)
                  0001588a    00000011     Menu.o (.rodata.str1.14813839578671728302.1)
                  0001589b    00000011     EndScreen.o (.rodata.str1.18211671032235380512.1)
                  000158ac    00000011     EndScreen.o (.rodata.str1.4366647400244922515.1)
                  000158bd    00000011     EndScreen.o (.rodata.str1.5591560267770890542.1)
                  000158ce    0000000f     Menu.o (.rodata.str1.11919262606733191527.1)
                  000158dd    0000000e     EndScreen.o (.rodata.str1.240562162064141137.1)
                  000158eb    0000000e     Menu.o (.rodata.str1.283741599249783613.1)
                  000158f9    0000000e     Menu.o (.rodata.str1.2906657586508837090.1)
                  00015907    0000000e     EndScreen.o (.rodata.str1.4284868887174697899.1)
                  00015915    0000000d     ST7735.o (.rodata._ZL10Rcmd2green)
                  00015922    0000000d     ST7735.o (.rodata._ZL8Rcmd2red)
                  0001592f    0000000c     Menu.o (.rodata.str1.18065106304380302359.1)
                  0001593b    0000000b     Menu.o (.rodata.str1.16574173323505053887.1)
                  00015946    0000000b     EndScreen.o (.rodata.str1.6656048000571129661.1)
                  00015951    0000000b     Menu.o (.rodata.str1.8964393845776258071.1)
                  0001595c    0000000b     Menu.o (.rodata.str1.9792626789236581055.1)
                  00015967    0000000a     EndScreen.o (.rodata.str1.12383664761146984056.1)
                  00015971    0000000a     Menu.o (.rodata.str1.13379010134479263583.1)
                  0001597b    00000009     Menu.o (.rodata.str1.3654755798406471029.1)
                  00015984    00000009     Menu.o (.rodata.str1.552685023176524752.1)
                  0001598d    00000008     Menu.o (.rodata.str1.4731337482334071287.1)
                  00015995    00000008     ST7735.o (.rodata.str1.7209918599617305731.1)
                  0001599d    00000008     Menu.o (.rodata.str1.9011328650526308927.1)
                  000159a5    00000007     ST7735.o (.rodata.str1.10208736415454880443.1)
                  000159ac    00000007     Menu.o (.rodata.str1.14361147632220749087.1)
                  000159b3    00000007     ST7735.o (.rodata.str1.8723687351022562626.1)
                  000159ba    00000004     Menu.o (.rodata.str1.10273933160565554656.1)
                  000159be    00000002     ST7735.o (.rodata.str1.18358205720993799461.1)

.init_array 
*          0    00019a50    00000008     
                  00019a50    00000004     UART1Recieve.o (.init_array)
                  00019a54    00000004     Lab9HMain.o (.init_array)

.data      0    20200000    000008c5     UNINITIALIZED
                  20200000    00000640     Lab9HMain.o (.data.World)
                  20200640    000000f0     libc.a : defs.c.obj (.data._ftable)
                  20200730    00000078     libsysbm.a : host_device.c.obj (.data._device)
                  202007a8    00000050                : host_device.c.obj (.data._stream)
                  202007f8    00000030     Lab9HMain.o (.data.Player1)
                  20200828    00000028     UART1Recieve.o (.data.Uart2RxQueue)
                  20200850    00000024     Lab9HMain.o (.data.Enemy1)
                  20200874    00000014     Lab9HMain.o (.data.MyJoy)
                  20200888    00000008     libc.a : exit.c.obj (.data..L_MergedGlobals)
                  20200890    00000004     Clock.o (.data.BusFreq)
                  20200894    00000004     ST7735.o (.data.StX)
                  20200898    00000004     ST7735.o (.data.StY)
                  2020089c    00000004     UART1Recieve.o (.data.Uart2LostData)
                  202008a0    00000004     libc.a : defs.c.obj (.data.__TI_ft_end)
                  202008a4    00000004            : _lock.c.obj (.data._lock)
                  202008a8    00000004            : _lock.c.obj (.data._unlock)
                  202008ac    00000004     Lab9HMain.o (.data.gameTicksRemaining)
                  202008b0    00000004     Menu.o (.data.language)
                  202008b4    00000002     ST7735.o (.data.StTextColor)
                  202008b6    00000002     ST7735.o (.data._ZL6_width)
                  202008b8    00000002     ST7735.o (.data._ZL7_height)
                  202008ba    00000001     Lab9HMain.o (.data.DrawFlag)
                  202008bb    00000001     Entities.o (.data._ZZN6Player4MoveEiiPA16_hE9stepBreak)
                  202008bc    00000001     libsysbm.a : add_device.c.obj (.data.add_device.device_init)
                  202008bd    00000001     Lab9HMain.o (.data.currentZ)
                  202008be    00000001     Lab9HMain.o (.data.playerWon)
                  202008bf    00000001     --HOLE--
                  202008c0    00000001     libc.a : memory.c.obj (.data.memory_is_initialized)
                  202008c1    00000003     --HOLE--
                  202008c4    00000001     libsysbm.a : open.c.obj (.data.open.stream_init)

.sysmem    0    202008c8    00000200     UNINITIALIZED
                  202008c8    00000010     libc.a : memory.c.obj (.sysmem)
                  202008d8    000001f0     --HOLE--

.bss       0    20200ac8    000001f0     UNINITIALIZED
                  20200ac8    00000120     libsysbm.a : trgmsg.c.obj (.bss:_CIOBUF_)
                  20200be8    000000a0     libc.a : defs.c.obj (.bss.__TI_tmpnams)
                  20200c88    0000000c     ST7735.o (.bss.Message)
                  20200c94    00000008     libsysbm.a : hostopen.c.obj (.bss.parmbuf)
                  20200c9c    00000004     ST7735.o (.bss.Messageindex)
                  20200ca0    00000004     TExaS.o (.bss.TExaSLogic)
                  20200ca4    00000004     TExaS.o (.bss.TExaSadc)
                  20200ca8    00000004     Sound.o (.bss._ZL10SoundCount)
                  20200cac    00000004     Sound.o (.bss._ZL10SoundPoint)
                  20200cb0    00000004     libc.a : memory.c.obj (.bss.sys_free)
                  20200cb4    00000001     ST7735.o (.bss._ZL8ColStart)
                  20200cb5    00000001     ST7735.o (.bss._ZL8Rotation)
                  20200cb6    00000001     ST7735.o (.bss._ZL8RowStart)
                  20200cb7    00000001     ST7735.o (.bss._ZL8TabColor)

.stack     0    20207e00    00000200     UNINITIALIZED
                  20207e00    00000004     libc.a : boot_cortex_m.c.obj (.stack)
                  20207e04    000001fc     --HOLE--

__llvm_prf_cnts 
*          0    20200000    00000000     UNINITIALIZED

__llvm_prf_bits 
*          0    20200000    00000000     UNINITIALIZED

MODULE SUMMARY

       Module                         code    ro data   rw data
       ------                         ----    -------   -------
    ./
       Lab9HMain.o                    2278    43575     1711   
       Menu.o                         814     41160     4      
       ST7735.o                       3452    1449      34     
       Entities.o                     2252    0         1      
       Sound.o                        224     2000      8      
       TExaS.o                        720     0         8      
       Clock.o                        516     0         4      
       Joystick.o                     478     0         0      
       SPI.o                          440     0         0      
       EndScreen.o                    286     139       0      
       Timer.o                        316     0         0      
       Switch.o                       196     0         0      
       LaunchPad.o                    180     0         0      
       UART1Recieve.o                 116     4         44     
       FIFO2.o                        144     0         0      
       DAC5.o                         96      0         0      
       LED.o                          52      0         0      
    +--+------------------------------+-------+---------+---------+
       Total:                         12560   88327     1814   
                                                               
    ./ticlang/
       startup_mspm0g3507_ticlang.o   60      192       0      
    +--+------------------------------+-------+---------+---------+
       Total:                         60      192       0      
                                                               
    /Applications/ti/ccs2040/ccs/tools/compiler/ti-cgt-armllvm_4.0.4.LTS/lib/armv6m-ti-none-eabi/c/libc.a
       memory.c.obj                   702     0         5      
       fopen.c.obj                    556     0         0      
       defs.c.obj                     0       0         404    
       setvbuf.c.obj                  224     0         0      
       getdevice.c.obj                160     0         0      
       strcmp-armv6m.S.obj            136     0         0      
       copy_decompress_lzss.c.obj     124     0         0      
       fclose.c.obj                   124     0         0      
       autoinit.c.obj                 84      0         0      
       fflush.c.obj                   82      0         0      
       exit.c.obj                     58      0         8      
       boot_cortex_m.c.obj            40      0         0      
       copy_zero_init.c.obj           22      0         0      
       copy_decompress_none.c.obj     18      0         0      
       memcpy16.S.obj                 18      0         0      
       memset16.S.obj                 14      0         0      
       _lock.c.obj                    2       0         8      
       pre_init.c.obj                 4       0         0      
    +--+------------------------------+-------+---------+---------+
       Total:                         2368    0         425    
                                                               
    /Applications/ti/ccs2040/ccs/tools/compiler/ti-cgt-armllvm_4.0.4.LTS/lib/armv6m-ti-none-eabi/c/libsysbm.a
       trgmsg.c.obj                   104     0         288    
       add_device.c.obj               236     0         1      
       host_device.c.obj              0       0         200    
       open.c.obj                     160     0         1      
       hostrename.c.obj               136     0         0      
       hostlseek.c.obj                108     0         0      
       hostopen.c.obj                 96      0         8      
       hostread.c.obj                 88      0         0      
       hostwrite.c.obj                88      0         0      
       close.c.obj                    80      0         0      
       hostclose.c.obj                72      0         0      
       hostunlink.c.obj               72      0         0      
       unlink.c.obj                   44      0         0      
       write.c.obj                    40      0         0      
       remove.c.obj                   8       0         0      
       hostexit.c.obj                 4       0         0      
    +--+------------------------------+-------+---------+---------+
       Total:                         1336    0         498    
                                                               
    /Applications/ti/ccs2040/ccs/tools/compiler/ti-cgt-armllvm_4.0.4.LTS/lib/armv6m-ti-none-eabi/libclang_rt.builtins.a
       aeabi_idivmod.S.obj            86      0         0      
       aeabi_uidivmod.S.obj           64      0         0      
       aeabi_memset.S.obj             12      0         0      
       aeabi_memcpy.S.obj             8       0         0      
       aeabi_div0.c.obj               2       0         0      
    +--+------------------------------+-------+---------+---------+
       Total:                         172     0         0      
                                                               
       Heap:                          0       0         512    
       Stack:                         0       0         512    
       Linker Generated:              0       334       0      
    +--+------------------------------+-------+---------+---------+
       Grand Total:                   16496   88853     3761   


LINKER GENERATED COPY TABLES

__TI_cinit_table @ 00019b98 records: 2, size/record: 8, table size: 16
	.data: load addr=00019a58, load size=0000012a bytes, run addr=20200000, run size=000008c5 bytes, compression=lzss
	.bss: load addr=00019b90, load size=00000008 bytes, run addr=20200ac8, run size=000001f0 bytes, compression=zero_init


LINKER GENERATED HANDLER TABLE

__TI_handler_table @ 00019b84 records: 3, size/record: 4, table size: 12
	index: 0, handler: __TI_decompress_lzss
	index: 1, handler: __TI_decompress_none
	index: 2, handler: __TI_zero_init


GLOBAL SYMBOLS: SORTED ALPHABETICALLY BY Name 

address   name                             
-------   ----                             
00019739  ADC0_IRQHandler                  
00019739  ADC1_IRQHandler                  
00019739  AES_IRQHandler                   
20200890  BusFreq                          
0001825c  C$$EXIT                          
000193b5  C$$IO$$                          
00019739  CANFD0_IRQHandler                
00019739  DAC0_IRQHandler                  
00019739  DMA_IRQHandler                   
00019739  Default_Handler                  
202008ba  DrawFlag                         
20200850  Enemy1                           
00019739  GROUP0_IRQHandler                
00019739  GROUP1_IRQHandler                
00018da5  HOSTclose                        
0001825d  HOSTexit                         
0001873d  HOSTlseek                        
0001894d  HOSTopen                         
00018a09  HOSTread                         
000187a9  HOSTrename                       
00018ded  HOSTunlink                       
00018a61  HOSTwrite                        
00019755  HardFault_Handler                
00019739  I2C0_IRQHandler                  
00019739  I2C1_IRQHandler                  
20200c88  Message                          
20200c9c  Messageindex                     
20200874  MyJoy                            
00019739  NMI_Handler                      
00019739  PendSV_Handler                   
202007f8  Player1                          
00019739  RTC_IRQHandler                   
00019a3b  Reset_Handler                    
00019a50  SHT$$INIT_ARRAY$$Base            
00019a58  SHT$$INIT_ARRAY$$Limit           
00019739  SPI0_IRQHandler                  
00019739  SPI1_IRQHandler                  
00019739  SVC_Handler                      
202008b4  StTextColor                      
20200894  StX                              
20200898  StY                              
00018ec5  SysTick_Handler                  
20200ca0  TExaSLogic                       
20200ca4  TExaSadc                         
00019739  TIMA0_IRQHandler                 
00019739  TIMA1_IRQHandler                 
00019739  TIMG0_IRQHandler                 
00015fb9  TIMG12_IRQHandler                
00019739  TIMG6_IRQHandler                 
00018f09  TIMG7_IRQHandler                 
00019739  TIMG8_IRQHandler                 
00019881  TI_memcpy_small                  
0001993d  TI_memset_small                  
00019739  UART0_IRQHandler                 
00019739  UART1_IRQHandler                 
000189ad  UART2_IRQHandler                 
00019739  UART3_IRQHandler                 
2020089c  Uart2LostData                    
20200828  Uart2RxQueue                     
20200000  World                            
20200ac8  _CIOBUF_                         
0001994d  _Z10Clock_Freqv                  
000159c1  _Z10Menu_Startv                  
00019089  _Z10Sound_Initv                  
00019771  _Z10Sound_Stopv                  
0001981d  _Z10Sound_Walkv                  
00018ab9  _Z10TExaS_InitP10ADC12_RegsjPFhvE
000198b5  _Z11Clock_Delayj                 
00016a21  _Z11RoutePlayerh                 
0001913d  _Z11SPI_OutDatac                 
000197d9  _Z11ST7735_openPKcji             
000197ef  _Z11ST7735_readiPcj              
000194bd  _Z11Sound_StartPKhj              
00018b69  _Z11Switch_Initv                 
00018bbd  _Z11fillmessagej                 
00016f31  _Z12EndScreenRunj                
000180a9  _Z12ST7735_InitR10initRFlags     
000199e9  _Z12ST7735_closei                
00019913  _Z12ST7735_lseekili              
00019251  _Z12ST7735_writeiPKcj            
000199f3  _Z13EndScreenInitv               
00019959  _Z13ST7735_renamePKcS0_          
000199fd  _Z13ST7735_unlinkPKc             
00017269  _Z14CheckCollisioniiiiPA16_h     
00019285  _Z14Clock_Delay1msj              
000178fd  _Z14DrawStaminaBari              
00018475  _Z14LaunchPad_Initv              
00018e35  _Z14SPI_OutCommandc              
000179d5  _Z14ST7735_OutCharc              
000182e9  _Z14ST7735_OutUDecj              
00017d81  _Z14TimerG7_IntArmtjj            
00019175  _Z15ActivatePortA_Bv             
000166cd  _Z15Clock_Init80MHzi             
00016e19  _Z15ST7735_FillRectsssst         
00018141  _Z15TimerG12_IntArmjj            
00016881  _Z16ST7735_DrawCharSsscssh       
0001865d  _Z16ST7735_DrawPixelsst          
0001966d  _Z16ST7735_OutStringPc           
000192b9  _Z16ST7735_SetCursorjj           
000164bd  _Z17ST7735_DrawBitmapssPKtss     
0001836d  _Z17ST7735_DrawStringttPcs       
0001954d  _Z17ST7735_FillScreent           
00017ecd  _Z17ST7735_InitPrintf10initRFlags
0001746d  _Z18ST7735_SetRotationh          
00017b71  _Z20ST7735_DrawFastHLinessst     
00017c21  _Z20ST7735_DrawFastVLinessst     
000198c5  _Z28TExaS_LaunchPadLogicPB27PB26v
00017cd1  _Z7DrawMapPA16_Kh                
00016cf1  _Z8ADC_InitP10ADC12_Regsjj       
00019695  _Z8DAC5_Outj                     
000192ed  _Z8LED_Initv                     
00019a07  _Z8PLL_Initv                     
000197a9  _Z8ResetMapv                     
00017375  _Z8SPI_Initv                     
000195a5  _Z9ADC_StartP10ADC12_Regs        
000190c5  _Z9DAC5_Initv                    
00018cb9  _Z9DrawTimeri                    
00019a11  _Z9Menu_Initv                    
00018f49  _Z9SPI_Resetv                    
000186cd  _Z9Switch_Inv                    
0001764d  _Z9UART_Initv                    
000191e5  _ZN5Enemy10EnemyEraseEv          
00019965  _ZN5Enemy10getIsAliveEv          
0001800d  _ZN5Enemy11CheckTaggedEiiii      
000191ad  _ZN5Enemy13SetSpawnDelayEiih     
00019831  _ZN5Enemy15SetMoveIntervalEh     
00015ce5  _ZN5Enemy5ChaseEiiPA16_h         
00018881  _ZN5Enemy6UpdateEiiPA16_h        
00019459  _ZN5Enemy9EnemyDrawEv            
00019101  _ZN5EnemyC1EiiPKt                
00019101  _ZN5EnemyC2EiiPKt                
00018d59  _ZN5Queue3PutEc                  
0001921b  _ZN5Queue6IsFullEv               
000198d5  _ZN5QueueC1Ev                    
000198d5  _ZN5QueueC2Ev                    
00019971  _ZN6Player10getStaminaEv         
000198e5  _ZN6Player10setStaminaEj         
000183f1  _ZN6Player13updateStaminaEh      
0001997d  _ZN6Player14getPrevStaminaEv     
00017159  _ZN6Player4MoveEiiPA16_h         
00018e7d  _ZN6PlayerC1EiiPKth              
00018e7d  _ZN6PlayerC2EiiPKth              
000196b9  _ZN6Sprite4DrawEv                
00019989  _ZN6Sprite4getXEv                
00019995  _ZN6Sprite4getYEv                
00019845  _ZN6Sprite4setXEi                
00019859  _ZN6Sprite4setYEi                
000195cd  _ZN6Sprite5EraseEv               
000199a1  _ZN6Sprite8getPrevXEv            
000199ad  _ZN6Sprite8getPrevYEv            
000199b9  _ZN6Sprite8getWidthEv            
000199c5  _ZN6Sprite9getHeightEv           
0001948b  _ZN6SpriteC1EiiiiPKt             
0001948b  _ZN6SpriteC2EiiiiPKt             
00018f89  _ZN8Joystick10getXChangeEv       
00018fc9  _ZN8Joystick10getYChangeEv       
00017aa5  _ZN8Joystick2InEv                
000185e9  _ZN8Joystick4InitEv              
0001971b  _ZN8JoystickC1Ejj                
0001971b  _ZN8JoystickC2Ejj                
20200ac8  __CIOBUF_                        
20208000  __STACK_END                      
00000200  __STACK_SIZE                     
00000200  __SYSMEM_SIZE                    
00000000  __TI_ATRegion0_region_sz         
00000000  __TI_ATRegion0_src_addr          
00000000  __TI_ATRegion0_trg_addr          
00000000  __TI_ATRegion1_region_sz         
00000000  __TI_ATRegion1_src_addr          
00000000  __TI_ATRegion1_trg_addr          
00000000  __TI_ATRegion2_region_sz         
00000000  __TI_ATRegion2_src_addr          
00000000  __TI_ATRegion2_trg_addr          
00019b98  __TI_CINIT_Base                  
00019ba8  __TI_CINIT_Limit                 
00019ba8  __TI_CINIT_Warm                  
00019b84  __TI_Handler_Table_Base          
00019b90  __TI_Handler_Table_Limit         
00018c11  __TI_auto_init_nobinit           
00019321  __TI_cleanup                     
20200888  __TI_cleanup_ptr                 
000184f1  __TI_closefile                   
0001856d  __TI_decompress_lzss             
00019893  __TI_decompress_none             
00018c65  __TI_doflush                     
2020088c  __TI_dtors_ptr                   
202008a0  __TI_ft_end                      
ffffffff  __TI_pprof_out_hndl              
ffffffff  __TI_prof_data_size              
ffffffff  __TI_prof_data_start             
00019355  __TI_readmsg                     
00000000  __TI_static_base__               
20200be8  __TI_tmpnams                     
00019389  __TI_writemsg                    
00019805  __TI_zero_init_nomemset          
00018b11  __aeabi_idiv                     
00017373  __aeabi_idiv0                    
00018b11  __aeabi_idivmod                  
000199d1  __aeabi_memclr                   
000199d1  __aeabi_memclr4                  
000199d1  __aeabi_memclr8                  
00019a25  __aeabi_memcpy                   
00019a25  __aeabi_memcpy4                  
00019a25  __aeabi_memcpy8                  
00019009  __aeabi_uidiv                    
00019009  __aeabi_uidivmod                 
ffffffff  __binit__                        
UNDEFED   __mpu_init                       
20207e00  __stack                          
20200000  __start___llvm_prf_bits          
20200000  __start___llvm_prf_cnts          
20200000  __stop___llvm_prf_bits           
20200000  __stop___llvm_prf_cnts           
00019645  _c_int00_noargs                  
20200730  _device                          
20200640  _ftable                          
202008a4  _lock                            
00017ecb  _nop                             
202007a8  _stream                          
202008c8  _sys_memory                      
UNDEFED   _system_post_cinit               
00019a3f  _system_pre_init                 
202008a8  _unlock                          
00019a35  abort                            
00017561  add_device                       
00017045  aligned_alloc                    
ffffffff  binit                            
00018d09  close                            
202008bd  currentZ                         
000193bd  exit                             
000193f1  finddevice                       
0001951d  fopen                            
00017735  free                             
00019425  freopen                          
202008ac  gameTicksRemaining               
00018815  getdevice                        
00000000  interruptVectors                 
202008b0  language                         
00016265  main                             
000199dd  malloc                           
00017045  memalign                         
00017f6d  open                             
20200c94  parmbuf                          
202008be  playerWon                        
00019a2d  remove                           
0001781d  setvbuf                          
00018261  strcmp                           
00019579  unlink                           
0001961d  write                            


GLOBAL SYMBOLS: SORTED BY Symbol Address 

address   name                             
-------   ----                             
00000000  __TI_ATRegion0_region_sz         
00000000  __TI_ATRegion0_src_addr          
00000000  __TI_ATRegion0_trg_addr          
00000000  __TI_ATRegion1_region_sz         
00000000  __TI_ATRegion1_src_addr          
00000000  __TI_ATRegion1_trg_addr          
00000000  __TI_ATRegion2_region_sz         
00000000  __TI_ATRegion2_src_addr          
00000000  __TI_ATRegion2_trg_addr          
00000000  __TI_static_base__               
00000000  interruptVectors                 
00000200  __STACK_SIZE                     
00000200  __SYSMEM_SIZE                    
000159c1  _Z10Menu_Startv                  
00015ce5  _ZN5Enemy5ChaseEiiPA16_h         
00015fb9  TIMG12_IRQHandler                
00016265  main                             
000164bd  _Z17ST7735_DrawBitmapssPKtss     
000166cd  _Z15Clock_Init80MHzi             
00016881  _Z16ST7735_DrawCharSsscssh       
00016a21  _Z11RoutePlayerh                 
00016cf1  _Z8ADC_InitP10ADC12_Regsjj       
00016e19  _Z15ST7735_FillRectsssst         
00016f31  _Z12EndScreenRunj                
00017045  aligned_alloc                    
00017045  memalign                         
00017159  _ZN6Player4MoveEiiPA16_h         
00017269  _Z14CheckCollisioniiiiPA16_h     
00017373  __aeabi_idiv0                    
00017375  _Z8SPI_Initv                     
0001746d  _Z18ST7735_SetRotationh          
00017561  add_device                       
0001764d  _Z9UART_Initv                    
00017735  free                             
0001781d  setvbuf                          
000178fd  _Z14DrawStaminaBari              
000179d5  _Z14ST7735_OutCharc              
00017aa5  _ZN8Joystick2InEv                
00017b71  _Z20ST7735_DrawFastHLinessst     
00017c21  _Z20ST7735_DrawFastVLinessst     
00017cd1  _Z7DrawMapPA16_Kh                
00017d81  _Z14TimerG7_IntArmtjj            
00017ecb  _nop                             
00017ecd  _Z17ST7735_InitPrintf10initRFlags
00017f6d  open                             
0001800d  _ZN5Enemy11CheckTaggedEiiii      
000180a9  _Z12ST7735_InitR10initRFlags     
00018141  _Z15TimerG12_IntArmjj            
0001825c  C$$EXIT                          
0001825d  HOSTexit                         
00018261  strcmp                           
000182e9  _Z14ST7735_OutUDecj              
0001836d  _Z17ST7735_DrawStringttPcs       
000183f1  _ZN6Player13updateStaminaEh      
00018475  _Z14LaunchPad_Initv              
000184f1  __TI_closefile                   
0001856d  __TI_decompress_lzss             
000185e9  _ZN8Joystick4InitEv              
0001865d  _Z16ST7735_DrawPixelsst          
000186cd  _Z9Switch_Inv                    
0001873d  HOSTlseek                        
000187a9  HOSTrename                       
00018815  getdevice                        
00018881  _ZN5Enemy6UpdateEiiPA16_h        
0001894d  HOSTopen                         
000189ad  UART2_IRQHandler                 
00018a09  HOSTread                         
00018a61  HOSTwrite                        
00018ab9  _Z10TExaS_InitP10ADC12_RegsjPFhvE
00018b11  __aeabi_idiv                     
00018b11  __aeabi_idivmod                  
00018b69  _Z11Switch_Initv                 
00018bbd  _Z11fillmessagej                 
00018c11  __TI_auto_init_nobinit           
00018c65  __TI_doflush                     
00018cb9  _Z9DrawTimeri                    
00018d09  close                            
00018d59  _ZN5Queue3PutEc                  
00018da5  HOSTclose                        
00018ded  HOSTunlink                       
00018e35  _Z14SPI_OutCommandc              
00018e7d  _ZN6PlayerC1EiiPKth              
00018e7d  _ZN6PlayerC2EiiPKth              
00018ec5  SysTick_Handler                  
00018f09  TIMG7_IRQHandler                 
00018f49  _Z9SPI_Resetv                    
00018f89  _ZN8Joystick10getXChangeEv       
00018fc9  _ZN8Joystick10getYChangeEv       
00019009  __aeabi_uidiv                    
00019009  __aeabi_uidivmod                 
00019089  _Z10Sound_Initv                  
000190c5  _Z9DAC5_Initv                    
00019101  _ZN5EnemyC1EiiPKt                
00019101  _ZN5EnemyC2EiiPKt                
0001913d  _Z11SPI_OutDatac                 
00019175  _Z15ActivatePortA_Bv             
000191ad  _ZN5Enemy13SetSpawnDelayEiih     
000191e5  _ZN5Enemy10EnemyEraseEv          
0001921b  _ZN5Queue6IsFullEv               
00019251  _Z12ST7735_writeiPKcj            
00019285  _Z14Clock_Delay1msj              
000192b9  _Z16ST7735_SetCursorjj           
000192ed  _Z8LED_Initv                     
00019321  __TI_cleanup                     
00019355  __TI_readmsg                     
00019389  __TI_writemsg                    
000193b5  C$$IO$$                          
000193bd  exit                             
000193f1  finddevice                       
00019425  freopen                          
00019459  _ZN5Enemy9EnemyDrawEv            
0001948b  _ZN6SpriteC1EiiiiPKt             
0001948b  _ZN6SpriteC2EiiiiPKt             
000194bd  _Z11Sound_StartPKhj              
0001951d  fopen                            
0001954d  _Z17ST7735_FillScreent           
00019579  unlink                           
000195a5  _Z9ADC_StartP10ADC12_Regs        
000195cd  _ZN6Sprite5EraseEv               
0001961d  write                            
00019645  _c_int00_noargs                  
0001966d  _Z16ST7735_OutStringPc           
00019695  _Z8DAC5_Outj                     
000196b9  _ZN6Sprite4DrawEv                
0001971b  _ZN8JoystickC1Ejj                
0001971b  _ZN8JoystickC2Ejj                
00019739  ADC0_IRQHandler                  
00019739  ADC1_IRQHandler                  
00019739  AES_IRQHandler                   
00019739  CANFD0_IRQHandler                
00019739  DAC0_IRQHandler                  
00019739  DMA_IRQHandler                   
00019739  Default_Handler                  
00019739  GROUP0_IRQHandler                
00019739  GROUP1_IRQHandler                
00019739  I2C0_IRQHandler                  
00019739  I2C1_IRQHandler                  
00019739  NMI_Handler                      
00019739  PendSV_Handler                   
00019739  RTC_IRQHandler                   
00019739  SPI0_IRQHandler                  
00019739  SPI1_IRQHandler                  
00019739  SVC_Handler                      
00019739  TIMA0_IRQHandler                 
00019739  TIMA1_IRQHandler                 
00019739  TIMG0_IRQHandler                 
00019739  TIMG6_IRQHandler                 
00019739  TIMG8_IRQHandler                 
00019739  UART0_IRQHandler                 
00019739  UART1_IRQHandler                 
00019739  UART3_IRQHandler                 
00019755  HardFault_Handler                
00019771  _Z10Sound_Stopv                  
000197a9  _Z8ResetMapv                     
000197d9  _Z11ST7735_openPKcji             
000197ef  _Z11ST7735_readiPcj              
00019805  __TI_zero_init_nomemset          
0001981d  _Z10Sound_Walkv                  
00019831  _ZN5Enemy15SetMoveIntervalEh     
00019845  _ZN6Sprite4setXEi                
00019859  _ZN6Sprite4setYEi                
00019881  TI_memcpy_small                  
00019893  __TI_decompress_none             
000198b5  _Z11Clock_Delayj                 
000198c5  _Z28TExaS_LaunchPadLogicPB27PB26v
000198d5  _ZN5QueueC1Ev                    
000198d5  _ZN5QueueC2Ev                    
000198e5  _ZN6Player10setStaminaEj         
00019913  _Z12ST7735_lseekili              
0001993d  TI_memset_small                  
0001994d  _Z10Clock_Freqv                  
00019959  _Z13ST7735_renamePKcS0_          
00019965  _ZN5Enemy10getIsAliveEv          
00019971  _ZN6Player10getStaminaEv         
0001997d  _ZN6Player14getPrevStaminaEv     
00019989  _ZN6Sprite4getXEv                
00019995  _ZN6Sprite4getYEv                
000199a1  _ZN6Sprite8getPrevXEv            
000199ad  _ZN6Sprite8getPrevYEv            
000199b9  _ZN6Sprite8getWidthEv            
000199c5  _ZN6Sprite9getHeightEv           
000199d1  __aeabi_memclr                   
000199d1  __aeabi_memclr4                  
000199d1  __aeabi_memclr8                  
000199dd  malloc                           
000199e9  _Z12ST7735_closei                
000199f3  _Z13EndScreenInitv               
000199fd  _Z13ST7735_unlinkPKc             
00019a07  _Z8PLL_Initv                     
00019a11  _Z9Menu_Initv                    
00019a25  __aeabi_memcpy                   
00019a25  __aeabi_memcpy4                  
00019a25  __aeabi_memcpy8                  
00019a2d  remove                           
00019a35  abort                            
00019a3b  Reset_Handler                    
00019a3f  _system_pre_init                 
00019a50  SHT$$INIT_ARRAY$$Base            
00019a58  SHT$$INIT_ARRAY$$Limit           
00019b84  __TI_Handler_Table_Base          
00019b90  __TI_Handler_Table_Limit         
00019b98  __TI_CINIT_Base                  
00019ba8  __TI_CINIT_Limit                 
00019ba8  __TI_CINIT_Warm                  
20200000  World                            
20200000  __start___llvm_prf_bits          
20200000  __start___llvm_prf_cnts          
20200000  __stop___llvm_prf_bits           
20200000  __stop___llvm_prf_cnts           
20200640  _ftable                          
20200730  _device                          
202007a8  _stream                          
202007f8  Player1                          
20200828  Uart2RxQueue                     
20200850  Enemy1                           
20200874  MyJoy                            
20200888  __TI_cleanup_ptr                 
2020088c  __TI_dtors_ptr                   
20200890  BusFreq                          
20200894  StX                              
20200898  StY                              
2020089c  Uart2LostData                    
202008a0  __TI_ft_end                      
202008a4  _lock                            
202008a8  _unlock                          
202008ac  gameTicksRemaining               
202008b0  language                         
202008b4  StTextColor                      
202008ba  DrawFlag                         
202008bd  currentZ                         
202008be  playerWon                        
202008c8  _sys_memory                      
20200ac8  _CIOBUF_                         
20200ac8  __CIOBUF_                        
20200be8  __TI_tmpnams                     
20200c88  Message                          
20200c94  parmbuf                          
20200c9c  Messageindex                     
20200ca0  TExaSLogic                       
20200ca4  TExaSadc                         
20207e00  __stack                          
20208000  __STACK_END                      
ffffffff  __TI_pprof_out_hndl              
ffffffff  __TI_prof_data_size              
ffffffff  __TI_prof_data_start             
ffffffff  __binit__                        
ffffffff  binit                            
UNDEFED   __mpu_init                       
UNDEFED   _system_post_cinit               

[249 symbols]
